 FpBridge

 Timestamp is 5ab0770c (Tue Mar 20 10:50:52 2018)

 Preferred load address is 10000000

 Start         Length     Name                   Class
 0001:00000000 000023f9H .text$di                CODE
 0001:00002400 0001825cH .text$mn                CODE
 0001:0001a660 00001f6aH .text$x                 CODE
 0001:0001c5d0 00001212H .text$yd                CODE
 0002:00000000 00000104H .CRT$XCA                DATA
 0002:00000104 00000161H .CRT$XCU                DATA
 0002:00000268 00000104H .CRT$XCZ                DATA
 0002:0000036c 00000104H .CRT$XIA                DATA
 0002:00000470 00000104H .CRT$XIAA               DATA
 0002:00000574 00000104H .CRT$XIC                DATA
 0002:00000678 00000104H .CRT$XIZ                DATA
 0002:00000780 0000216bH .rdata                  DATA
 0002:000028ec 00000173H .rdata$debug            DATA
 0002:00002a60 0000049fH .rdata$r                DATA
 0002:00002f00 00000104H .rtc$IAA                DATA
 0002:00003004 00000104H .rtc$IZZ                DATA
 0002:00003108 00000104H .rtc$TAA                DATA
 0002:0000320c 00000104H .rtc$TZZ                DATA
 0002:00003310 000013c2H .xdata$x                DATA
 0002:000046e0 000008a6H .edata                  DATA
 0003:00000000 00000529H .data                   DATA
 0003:0000052c 0000029cH .data$r                 DATA
 0003:000007c8 000003a8H .bss                    DATA
 0004:00000000 00000298H .idata$5                DATA
 0004:00000298 00000064H .idata$2                DATA
 0004:000002fc 00000014H .idata$3                DATA
 0004:00000310 00000298H .idata$4                DATA
 0004:000005a8 00000835H .idata$6                DATA
 0005:00000000 00000169H .rsrc$01                DATA
 0005:00000170 000002ccH .rsrc$02                DATA

  Address         Publics by Value              Rva+Base       Lib:Object

 0000:00000000       ___guard_fids_count        00000000     <absolute>
 0000:00000000       ___safe_se_handler_table   00000000     <absolute>
 0000:00000000       ___guard_fids_table        00000000     <absolute>
 0000:00000000       __except_list              00000000     <absolute>
 0000:00000000       ___guard_flags             00000000     <absolute>
 0000:00000000       ___safe_se_handler_count   00000000     <absolute>
 0000:00009876       __ldused                   00009876     <absolute>
 0000:00009876       __fltused                  00009876     <absolute>
 0000:00000000       ___ImageBase               10000000     <linker-defined>
 0001:00002400       ??0FpSerialPort@@QAE@XZ    10003400 f   FpSerialPort.obj
 0001:00002430       ??1FpSerialPort@@QAE@XZ    10003430 f   FpSerialPort.obj
 0001:00002450       ?InitializePort@FpSerialPort@@UAEIV?$basic_string@DU?$char_traits@D@std@@V?$allocator@D@2@@std@@IIII@Z 10003450 f   FpSerialPort.obj
 0001:00002630       ?WriteData@FpSerialPort@@UAEIPAEE@Z 10003630 f   FpSerialPort.obj
 0001:000026c0       ?ReadData@FpSerialPort@@UAEIPAEEI@Z 100036c0 f   FpSerialPort.obj
 0001:00002780       ?ClosePort@FpSerialPort@@UAEIXZ 10003780 f   FpSerialPort.obj
 0001:000027b0       ?FpCPSerialPortContol@FpSerialPort@@UAEIPAEI0II@Z 100037b0 f   FpSerialPort.obj
 0001:00002860       ?OpenPort@FpSerialPort@@AAEIV?$basic_string@DU?$char_traits@D@std@@V?$allocator@D@2@@std@@@Z 10003860 f   FpSerialPort.obj
 0001:000028d0       ?GetBytesInCOM@FpSerialPort@@AAEIXZ 100038d0 f   FpSerialPort.obj
 0001:00002a80       ??$_Allocate@D@std@@YAPADIPAD@Z 10003a80 f i FpSerialPort.obj
 0001:00002ad0       ??$_Allocate@U_Container_proxy@std@@@std@@YAPAU_Container_proxy@0@IPAU10@@Z 10003ad0 f i FpSerialPort.obj
 0001:00002b30       ??$_Debug_pointer@D@std@@YAXPBDPB_WI@Z 10003b30 f i FpSerialPort.obj
 0001:00002b60       ??$addressof@D@std@@YAPADAAD@Z 10003b60 f i FpSerialPort.obj
 0001:00002b70       ??$construct@PADAAPAD@?$_Wrap_alloc@V?$allocator@D@std@@@std@@QAEXPAPADAAPAD@Z 10003b70 f i FpSerialPort.obj
 0001:00002bb0       ??$construct@PADAAPAD@?$allocator@D@std@@QAEXPAPADAAPAD@Z 10003bb0 f i FpSerialPort.obj
 0001:00002c60       ??$construct@PADAAPAD@?$allocator_traits@V?$allocator@D@std@@@std@@SAXAAV?$allocator@D@1@PAPADAAPAD@Z 10003c60 f i FpSerialPort.obj
 0001:00002c90       ??$construct@U_Container_proxy@std@@U12@@?$allocator@U_Container_proxy@std@@@std@@QAEXPAU_Container_proxy@1@$$QAU21@@Z 10003c90 f i FpSerialPort.obj
 0001:00002d40       ??$destroy@PAD@?$_Wrap_alloc@V?$allocator@D@std@@@std@@QAEXPAPAD@Z 10003d40 f i FpSerialPort.obj
 0001:00002d70       ??$destroy@PAD@?$allocator@D@std@@QAEXPAPAD@Z 10003d70 f i FpSerialPort.obj
 0001:00002d80       ??$destroy@PAD@?$allocator_traits@V?$allocator@D@std@@@std@@SAXAAV?$allocator@D@1@PAPAD@Z 10003d80 f i FpSerialPort.obj
 0001:00002da0       ??$destroy@U_Container_proxy@std@@@?$allocator@U_Container_proxy@std@@@std@@QAEXPAU_Container_proxy@1@@Z 10003da0 f i FpSerialPort.obj
 0001:00002db0       ??$forward@AAPAD@std@@YAAAPADAAPAD@Z 10003db0 f i FpSerialPort.obj
 0001:00002dc0       ??$forward@U_Container_proxy@std@@@std@@YA$$QAU_Container_proxy@0@AAU10@@Z 10003dc0 f i FpSerialPort.obj
 0001:00002dd0       ??0?$_String_alloc@$0A@U?$_String_base_types@DV?$allocator@D@std@@@std@@@std@@QAE@ABV?$allocator@D@1@@Z 10003dd0 f i FpSerialPort.obj
 0001:00002e40       ??0?$_String_val@U?$_Simple_types@D@std@@@std@@QAE@XZ 10003e40 f i FpSerialPort.obj
 0001:00002e80       ??0?$_Wrap_alloc@V?$allocator@D@std@@@std@@QAE@ABV?$allocator@D@1@@Z 10003e80 f i FpSerialPort.obj
 0001:00002eb0       ??0?$_Wrap_alloc@V?$allocator@D@std@@@std@@QAE@XZ 10003eb0 f i FpSerialPort.obj
 0001:00002ed0       ??0?$allocator@D@std@@QAE@ABV01@@Z 10003ed0 f i FpSerialPort.obj
 0001:00002ef0       ??0?$allocator@D@std@@QAE@XZ 10003ef0 f i FpSerialPort.obj
 0001:00002f10       ??0?$allocator@U_Container_proxy@std@@@std@@QAE@XZ 10003f10 f i FpSerialPort.obj
 0001:00002f30       ??0?$basic_string@DU?$char_traits@D@std@@V?$allocator@D@2@@std@@QAE@ABV01@@Z 10003f30 f i FpSerialPort.obj
 0001:00002fe0       ??0?$basic_string@DU?$char_traits@D@std@@V?$allocator@D@2@@std@@QAE@PBD@Z 10003fe0 f i FpSerialPort.obj
 0001:00003070       ??0FpSerialPort@@QAE@ABV0@@Z 10004070 f i FpSerialPort.obj
 0001:000030a0       ??0_Container_proxy@std@@QAE@XZ 100040a0 f i FpSerialPort.obj
 0001:000030d0       ??0_Generic_error_category@std@@QAE@XZ 100040d0 f i FpSerialPort.obj
 0001:00003100       ??0_Iostream_error_category@std@@QAE@XZ 10004100 f i FpSerialPort.obj
 0001:00003130       ??0_System_error_category@std@@QAE@XZ 10004130 f i FpSerialPort.obj
 0001:00003160       ??0error_category@std@@QAE@XZ 10004160 f i FpSerialPort.obj
 0001:00003180       ??0error_condition@std@@QAE@HABVerror_category@1@@Z 10004180 f i FpSerialPort.obj
 0001:000031b0       ??1?$_String_alloc@$0A@U?$_String_base_types@DV?$allocator@D@std@@@std@@@std@@QAE@XZ 100041b0 f i FpSerialPort.obj
 0001:000031e0       ??1?$_String_val@U?$_Simple_types@D@std@@@std@@QAE@XZ 100041e0 f i FpSerialPort.obj
 0001:00003200       ??1?$basic_string@DU?$char_traits@D@std@@V?$allocator@D@2@@std@@QAE@XZ 10004200 f i FpSerialPort.obj
 0001:00003230       ??1_Generic_error_category@std@@UAE@XZ 10004230 f i FpSerialPort.obj
 0001:00003250       ??1_Iostream_error_category@std@@UAE@XZ 10004250 f i FpSerialPort.obj
 0001:00003270       ??1_System_error_category@std@@UAE@XZ 10004270 f i FpSerialPort.obj
 0001:00003290       ??1error_category@std@@UAE@XZ 10004290 f i FpSerialPort.obj
 0001:000032b0       ??2@YAPAXIPAX@Z            100042b0 f i FpSerialPort.obj
 0001:000032c0       ??3@YAXPAX0@Z              100042c0 f i FpSerialPort.obj
 0001:000032d0       ??4FpSerialPort@@QAEAAV0@ABV0@@Z 100042d0 f i FpSerialPort.obj
 0001:00003300       ??8error_category@std@@QBE_NABV01@@Z 10004300 f i FpSerialPort.obj
 0001:00003340       ??8error_condition@std@@QBE_NABV01@@Z 10004340 f i FpSerialPort.obj
 0001:000033b0       ??_G_Generic_error_category@std@@UAEPAXI@Z 100043b0 f i FpSerialPort.obj
 0001:000033b0       ??_E_Generic_error_category@std@@UAEPAXI@Z 100043b0 f i FpSerialPort.obj
 0001:000033f0       ??_G_Iostream_error_category@std@@UAEPAXI@Z 100043f0 f i FpSerialPort.obj
 0001:000033f0       ??_E_Iostream_error_category@std@@UAEPAXI@Z 100043f0 f i FpSerialPort.obj
 0001:00003430       ??_E_System_error_category@std@@UAEPAXI@Z 10004430 f i FpSerialPort.obj
 0001:00003430       ??_G_System_error_category@std@@UAEPAXI@Z 10004430 f i FpSerialPort.obj
 0001:00003470       ??_Eerror_category@std@@UAEPAXI@Z 10004470 f i FpSerialPort.obj
 0001:00003470       ??_Gerror_category@std@@UAEPAXI@Z 10004470 f i FpSerialPort.obj
 0001:000034b0       ?_Alloc_proxy@?$_String_alloc@$0A@U?$_String_base_types@DV?$allocator@D@std@@@std@@@std@@QAEXXZ 100044b0 f i FpSerialPort.obj
 0001:00003510       ?_Copy@?$basic_string@DU?$char_traits@D@std@@V?$allocator@D@2@@std@@QAEXII@Z 10004510 f i FpSerialPort.obj
 0001:00003740       ?_Eos@?$basic_string@DU?$char_traits@D@std@@V?$allocator@D@2@@std@@QAEXI@Z 10004740 f i FpSerialPort.obj
 0001:00003790       ?_Free_proxy@?$_String_alloc@$0A@U?$_String_base_types@DV?$allocator@D@std@@@std@@@std@@QAEXXZ 10004790 f i FpSerialPort.obj
 0001:000037f0       ?_Getal@?$_String_alloc@$0A@U?$_String_base_types@DV?$allocator@D@std@@@std@@@std@@QBE?AU?$_Wrap_alloc@V?$allocator@D@std@@@2@XZ 100047f0 f i FpSerialPort.obj
 0001:00003810       ?_Grow@?$basic_string@DU?$char_traits@D@std@@V?$allocator@D@2@@std@@QAE_NI_N@Z 10004810 f i FpSerialPort.obj
 0001:000038e0       ?_Inside@?$basic_string@DU?$char_traits@D@std@@V?$allocator@D@2@@std@@QAE_NPBD@Z 100048e0 f i FpSerialPort.obj
 0001:00003930       ?_Myptr@?$_String_val@U?$_Simple_types@D@std@@@std@@QAEPADXZ 10004930 f i FpSerialPort.obj
 0001:00003980       ?_Myptr@?$_String_val@U?$_Simple_types@D@std@@@std@@QBEPBDXZ 10004980 f i FpSerialPort.obj
 0001:000039d0       ?_Tidy@?$basic_string@DU?$char_traits@D@std@@V?$allocator@D@2@@std@@QAEX_NI@Z 100049d0 f i FpSerialPort.obj
 0001:00003aa0       ?_Xlen@?$basic_string@DU?$char_traits@D@std@@V?$allocator@D@2@@std@@QBEXXZ 10004aa0 f i FpSerialPort.obj
 0001:00003ac0       ?_Xran@?$basic_string@DU?$char_traits@D@std@@V?$allocator@D@2@@std@@QBEXXZ 10004ac0 f i FpSerialPort.obj
 0001:00003ae0       ?allocate@?$_Wrap_alloc@V?$allocator@D@std@@@std@@QAEPADI@Z 10004ae0 f i FpSerialPort.obj
 0001:00003b00       ?allocate@?$allocator@D@std@@QAEPADI@Z 10004b00 f i FpSerialPort.obj
 0001:00003b30       ?allocate@?$allocator@U_Container_proxy@std@@@std@@QAEPAU_Container_proxy@2@I@Z 10004b30 f i FpSerialPort.obj
 0001:00003b60       ?assign@?$basic_string@DU?$char_traits@D@std@@V?$allocator@D@2@@std@@QAEAAV12@ABV12@II@Z 10004b60 f i FpSerialPort.obj
 0001:00003c40       ?assign@?$basic_string@DU?$char_traits@D@std@@V?$allocator@D@2@@std@@QAEAAV12@PBD@Z 10004c40 f i FpSerialPort.obj
 0001:00003c90       ?assign@?$basic_string@DU?$char_traits@D@std@@V?$allocator@D@2@@std@@QAEAAV12@PBDI@Z 10004c90 f i FpSerialPort.obj
 0001:00003d50       ?assign@?$char_traits@D@std@@SAXAADABD@Z 10004d50 f i FpSerialPort.obj
 0001:00003d70       ?c_str@?$basic_string@DU?$char_traits@D@std@@V?$allocator@D@2@@std@@QBEPBDXZ 10004d70 f i FpSerialPort.obj
 0001:00003d90       ?category@error_code@std@@QBEABVerror_category@2@XZ 10004d90 f i FpSerialPort.obj
 0001:00003db0       ?category@error_condition@std@@QBEABVerror_category@2@XZ 10004db0 f i FpSerialPort.obj
 0001:00003dd0       ?copy@?$char_traits@D@std@@SAPADPADPBDI@Z 10004dd0 f i FpSerialPort.obj
 0001:00003e10       ?deallocate@?$_Wrap_alloc@V?$allocator@D@std@@@std@@QAEXPADI@Z 10004e10 f i FpSerialPort.obj
 0001:00003e40       ?deallocate@?$allocator@D@std@@QAEXPADI@Z 10004e40 f i FpSerialPort.obj
 0001:00003e60       ?deallocate@?$allocator@U_Container_proxy@std@@@std@@QAEXPAU_Container_proxy@2@I@Z 10004e60 f i FpSerialPort.obj
 0001:00003e80       ?default_error_condition@_System_error_category@std@@UBE?AVerror_condition@2@H@Z 10004e80 f i FpSerialPort.obj
 0001:00003ee0       ?default_error_condition@error_category@std@@UBE?AVerror_condition@2@H@Z 10004ee0 f i FpSerialPort.obj
 0001:00003f10       ?equivalent@error_category@std@@UBE_NABVerror_code@2@H@Z 10004f10 f i FpSerialPort.obj
 0001:00003f70       ?equivalent@error_category@std@@UBE_NHABVerror_condition@2@@Z 10004f70 f i FpSerialPort.obj
 0001:00003fb0       ?erase@?$basic_string@DU?$char_traits@D@std@@V?$allocator@D@2@@std@@QAEAAV12@I@Z 10004fb0 f i FpSerialPort.obj
 0001:00003ff0       ?erase@?$basic_string@DU?$char_traits@D@std@@V?$allocator@D@2@@std@@QAEAAV12@II@Z 10004ff0 f i FpSerialPort.obj
 0001:000040a0       ?generic_category@std@@YAABVerror_category@1@XZ 100050a0 f i FpSerialPort.obj
 0001:000040b0       ?length@?$char_traits@D@std@@SAIPBD@Z 100050b0 f i FpSerialPort.obj
 0001:000040f0       ?max_size@?$_Wrap_alloc@V?$allocator@D@std@@@std@@QBEIXZ 100050f0 f i FpSerialPort.obj
 0001:00004110       ?max_size@?$allocator@D@std@@QBEIXZ 10005110 f i FpSerialPort.obj
 0001:00004130       ?max_size@?$allocator_traits@V?$allocator@D@std@@@std@@SAIABV?$allocator@D@2@@Z 10005130 f i FpSerialPort.obj
 0001:00004140       ?max_size@?$basic_string@DU?$char_traits@D@std@@V?$allocator@D@2@@std@@QBEIXZ 10005140 f i FpSerialPort.obj
 0001:00004190       ?message@_Generic_error_category@std@@UBE?AV?$basic_string@DU?$char_traits@D@std@@V?$allocator@D@2@@2@H@Z 10005190 f i FpSerialPort.obj
 0001:00004200       ?message@_Iostream_error_category@std@@UBE?AV?$basic_string@DU?$char_traits@D@std@@V?$allocator@D@2@@2@H@Z 10005200 f i FpSerialPort.obj
 0001:00004270       ?message@_System_error_category@std@@UBE?AV?$basic_string@DU?$char_traits@D@std@@V?$allocator@D@2@@2@H@Z 10005270 f i FpSerialPort.obj
 0001:000042e0       ?move@?$char_traits@D@std@@SAPADPADPBDI@Z 100052e0 f i FpSerialPort.obj
 0001:00004320       ?name@_Generic_error_category@std@@UBEPBDXZ 10005320 f i FpSerialPort.obj
 0001:00004340       ?name@_Iostream_error_category@std@@UBEPBDXZ 10005340 f i FpSerialPort.obj
 0001:00004360       ?name@_System_error_category@std@@UBEPBDXZ 10005360 f i FpSerialPort.obj
 0001:00004380       ?select_on_container_copy_construction@?$_Wrap_alloc@V?$allocator@D@std@@@std@@QBE?AU12@XZ 10005380 f i FpSerialPort.obj
 0001:000043c0       ?select_on_container_copy_construction@?$allocator@D@std@@QBE?AV12@XZ 100053c0 f i FpSerialPort.obj
 0001:000043f0       ?select_on_container_copy_construction@?$allocator_traits@V?$allocator@D@std@@@std@@SA?AV?$allocator@D@2@ABV32@@Z 100053f0 f i FpSerialPort.obj
 0001:00004410       ?size@?$basic_string@DU?$char_traits@D@std@@V?$allocator@D@2@@std@@QBEIXZ 10005410 f i FpSerialPort.obj
 0001:00004430       ?system_category@std@@YAABVerror_category@1@XZ 10005430 f i FpSerialPort.obj
 0001:00004440       ?value@error_code@std@@QBEHXZ 10005440 f i FpSerialPort.obj
 0001:00004460       ?value@error_condition@std@@QBEHXZ 10005460 f i FpSerialPort.obj
 0001:00004480       _hypot                     10005480 f i FpSerialPort.obj
 0001:000044c0       ??0FpM5@@QAE@V?$basic_string@DU?$char_traits@D@std@@V?$allocator@D@2@@std@@@Z 100054c0 f   FpM5.obj
 0001:00004610       ??1FpM5@@UAE@XZ            10005610 f   FpM5.obj
 0001:00004790       ?GetDevicesList@FpM5@@SAIAAV?$vector@PAUFpDeviceInfo@@V?$allocator@PAUFpDeviceInfo@@@std@@@std@@@Z 10005790 f   FpM5.obj
 0001:00004d20       ?Open@FpM5@@UAEIII@Z       10005d20 f   FpM5.obj
 0001:00004fd0       ?Close@FpM5@@UAEIXZ        10005fd0 f   FpM5.obj
 0001:00005070       ?SetVoltages@FpM5@@UAEIIIII_NI@Z 10006070 f   FpM5.obj
 0001:00005530       ?SetVoltagePP3V3@FpM5@@UAEI_NI@Z 10006530 f   FpM5.obj
 0001:000055c0       ?SetVoltagePP1V8@FpM5@@UAEI_NI@Z 100065c0 f   FpM5.obj
 0001:00005650       ?GPIO_CheckDRDY@FpM5@@UAEIPA_NI@Z 10006650 f   FpM5.obj
 0001:00005700       ?GPIO_CheckSleepN@FpM5@@UAEIPA_NI@Z 10006700 f   FpM5.obj
 0001:000057b0       ?GPIO_SetSleepN@FpM5@@UAEI_NI@Z 100067b0 f   FpM5.obj
 0001:00005840       ?GPIO_CheckSwitch@FpM5@@UAEIPA_NI@Z 10006840 f   FpM5.obj
 0001:000058f0       ?GPIO_CheckOSCTrim@FpM5@@UAEIPA_NI@Z 100068f0 f   FpM5.obj
 0001:000059a0       ?GPIO_SetOSCTrim@FpM5@@UAEI_NI@Z 100069a0 f   FpM5.obj
 0001:00005a30       ?GPIO_CheckGPIO2@FpM5@@UAEIPA_NI@Z 10006a30 f   FpM5.obj
 0001:00005ae0       ?GPIO_SetGPIO2@FpM5@@UAEI_NI@Z 10006ae0 f   FpM5.obj
 0001:00005b70       ?GPIO_SetGPIO3@FpM5@@UAEI_NI@Z 10006b70 f   FpM5.obj
 0001:00005c00       ?GetCurrentValues@FpM5@@UAEIQAI_NI@Z 10006c00 f   FpM5.obj
 0001:00006420       ?Write@FpM5@@UAEIPBEI_N@Z  10007420 f   FpM5.obj
 0001:000064e0       ?Read@FpM5@@UAEIPAEI_N@Z   100074e0 f   FpM5.obj
 0001:000065a0       ?GetStatus@FpM5@@AAEIPAI00I@Z 100075a0 f   FpM5.obj
 0001:00006630       ?GetIdentity@FpM5@@AAEIPAI00I@Z 10007630 f   FpM5.obj
 0001:000066f0       ?calcVolts@FpM5@@AAEEI@Z   100076f0 f   FpM5.obj
 0001:00006820       ?calcSPIVolts@FpM5@@AAEEI@Z 10007820 f   FpM5.obj
 0001:00006950       ?getChannelCurrent@FpM5@@AAEIIAAI@Z 10007950 f   FpM5.obj
 0001:00006bd0       ?getChannelVoltage@FpM5@@AAEIIAAN@Z 10007bd0 f   FpM5.obj
 0001:00006e60       ?initCurrentRegister@FpM5@@AAEII@Z 10007e60 f   FpM5.obj
 0001:00007e00       ??$?0$$CBNNX@?$pair@$$CBNN@std@@QAE@$$QAU01@@Z 10008e00 f i FpM5.obj
 0001:00007e60       ??$?0AANAANX@?$pair@$$CBNN@std@@QAE@AAN0@Z 10008e60 f i FpM5.obj
 0001:00007eb0       ??$?0AAPANAAPANX@?$pair@PANPAN@std@@QAE@AAPAN0@Z 10008eb0 f i FpM5.obj
 0001:00007f00       ??$?0AAV?$_Tree_iterator@V?$_Tree_val@U?$_Tree_simple_types@U?$pair@$$CBNN@std@@@std@@@std@@@std@@_NX@?$pair@V?$_Tree_iterator@V?$_Tree_val@U?$_Tree_simple_types@U?$pair@$$CBNN@std@@@std@@@std@@@std@@_N@std@@QAE@AAV?$_Tree_iterator@V?$_Tree_val@U?$_Tree_simple_types@U?$pair@$$CBNN@std@@@std@@@std@@@1@$$QA_N@Z 10008f00 f i FpM5.obj
 0001:00007f90       ??$?0U?$_Tree_node@U?$pair@$$CBNN@std@@PAX@std@@@?$allocator@U_Container_proxy@std@@@std@@QAE@ABV?$allocator@U?$_Tree_node@U?$pair@$$CBNN@std@@PAX@std@@@1@@Z 10008f90 f i FpM5.obj
 0001:00007fb0       ??$?0U?$_Wrap_alloc@V?$allocator@U?$_Tree_node@U?$pair@$$CBNN@std@@PAX@std@@@std@@@std@@@?$_Wrap_alloc@V?$allocator@U_Container_proxy@std@@@std@@@std@@QAE@ABU?$_Wrap_alloc@V?$allocator@U?$_Tree_node@U?$pair@$$CBNN@std@@PAX@std@@@std@@@1@@Z 10008fb0 f i FpM5.obj
 0001:00007fe0       ??$?0V?$_Tree_iterator@V?$_Tree_val@U?$_Tree_simple_types@U?$pair@$$CBNN@std@@@std@@@std@@@std@@_NX@?$pair@V?$_Tree_iterator@V?$_Tree_val@U?$_Tree_simple_types@U?$pair@$$CBNN@std@@@std@@@std@@@std@@_N@std@@QAE@$$QAV?$_Tree_iterator@V?$_Tree_val@U?$_Tree_simple_types@U?$pair@$$CBNN@std@@@std@@@std@@@1@$$QA_N@Z 10008fe0 f i FpM5.obj
 0001:00008070       ??$?8DD@std@@YA_NABV?$allocator@D@0@0@Z 10009070 f i FpM5.obj
 0001:00008080       ??$?8DU?$char_traits@D@std@@V?$allocator@D@1@@std@@YA_NABV?$basic_string@DU?$char_traits@D@std@@V?$allocator@D@2@@0@0@Z 10009080 f i FpM5.obj
 0001:000080c0       ??$?8DU?$char_traits@D@std@@V?$allocator@D@1@@std@@YA_NPBDABV?$basic_string@DU?$char_traits@D@std@@V?$allocator@D@2@@0@@Z 100090c0 f i FpM5.obj
 0001:00008100       ??$?8V?$allocator@D@std@@V01@@std@@YA_NABU?$_Wrap_alloc@V?$allocator@D@std@@@0@0@Z 10009100 f i FpM5.obj
 0001:00008140       ??$?9V?$allocator@D@std@@V01@@std@@YA_NABU?$_Wrap_alloc@V?$allocator@D@std@@@0@0@Z 10009140 f i FpM5.obj
 0001:00008180       ??$?RAANAAN@?$less@X@std@@QBE_NAAN0@Z 10009180 f i FpM5.obj
 0001:000081c0       ??$_Adjust_heap@PANHNU?$less@X@std@@@std@@YAXPANHH$$QANU?$less@X@0@@Z 100091c0 f i FpM5.obj
 0001:000082f0       ??$_Allocate@N@std@@YAPANIPAN@Z 100092f0 f i FpM5.obj
 0001:00008350       ??$_Allocate@PAUFpDeviceInfo@@@std@@YAPAPAUFpDeviceInfo@@IPAPAU1@@Z 10009350 f i FpM5.obj
 0001:000083b0       ??$_Allocate@U?$_Tree_node@U?$pair@$$CBNN@std@@PAX@std@@@std@@YAPAU?$_Tree_node@U?$pair@$$CBNN@std@@PAX@0@IPAU10@@Z 100093b0 f i FpM5.obj
 0001:00008410       ??$_Buynode@U?$pair@$$CBNN@std@@@?$_Tree_buy@U?$pair@$$CBNN@std@@V?$allocator@U?$pair@$$CBNN@std@@@2@@std@@QAEPAU?$_Tree_node@U?$pair@$$CBNN@std@@PAX@1@$$QAU?$pair@$$CBNN@1@@Z 10009410 f i FpM5.obj
 0001:00008540       ??$_Buynode_if_nil@U?$pair@$$CBNN@std@@@?$_Tree@V?$_Tmap_traits@NNU?$less@N@std@@V?$allocator@U?$pair@$$CBNN@std@@@2@$0A@@std@@@std@@IAEPAU?$_Tree_node@U?$pair@$$CBNN@std@@PAX@1@U_Nil@1@$$QAU?$pair@$$CBNN@1@@Z 10009540 f i FpM5.obj
 0001:00008570       ??$_Debug_heap@PANU?$less@X@std@@@std@@YAXPAN0U?$less@X@0@@Z 10009570 f i FpM5.obj
 0001:00008680       ??$_Debug_lt_pred@U?$less@N@std@@ABNABN@std@@YA_NU?$less@N@0@ABN1PB_WI@Z 10009680 f i FpM5.obj
 0001:00008720       ??$_Debug_lt_pred@U?$less@X@std@@AANAAN@std@@YA_NU?$less@X@0@AAN1PB_WI@Z 10009720 f i FpM5.obj
 0001:000087c0       ??$_Debug_pointer@N@std@@YAXPANPB_WI@Z 100097c0 f i FpM5.obj
 0001:000087f0       ??$_Debug_pointer@PAUFpDeviceInfo@@@std@@YAXPAPAUFpDeviceInfo@@PB_WI@Z 100097f0 f i FpM5.obj
 0001:00008820       ??$_Debug_pointer@PAUFpDeviceInfo@@@std@@YAXPBQAUFpDeviceInfo@@PB_WI@Z 10009820 f i FpM5.obj
 0001:00008850       ??$_Debug_pointer@U?$less@X@std@@@std@@YAXAAU?$less@X@0@PB_WI@Z 10009850 f i FpM5.obj
 0001:00008860       ??$_Debug_pointer@V?$_Vector_iterator@V?$_Vector_val@U?$_Simple_types@N@std@@@std@@@std@@@std@@YAXAAV?$_Vector_iterator@V?$_Vector_val@U?$_Simple_types@N@std@@@std@@@0@PB_WI@Z 10009860 f i FpM5.obj
 0001:00008870       ??$_Debug_range2@PAN@std@@YAXPAN0PB_WIUrandom_access_iterator_tag@0@@Z 10009870 f i FpM5.obj
 0001:000088e0       ??$_Debug_range2@PAPAUFpDeviceInfo@@@std@@YAXPAPAUFpDeviceInfo@@0PB_WIUrandom_access_iterator_tag@0@@Z 100098e0 f i FpM5.obj
 0001:00008950       ??$_Debug_range2@PBQAUFpDeviceInfo@@@std@@YAXPBQAUFpDeviceInfo@@0PB_WIUrandom_access_iterator_tag@0@@Z 10009950 f i FpM5.obj
 0001:000089c0       ??$_Debug_range2@V?$_Vector_iterator@V?$_Vector_val@U?$_Simple_types@N@std@@@std@@@std@@@std@@YAXV?$_Vector_iterator@V?$_Vector_val@U?$_Simple_types@N@std@@@std@@@0@0PB_WIUrandom_access_iterator_tag@0@@Z 100099c0 f i FpM5.obj
 0001:00008ab0       ??$_Debug_range@PAN@std@@YAXPAN0PB_WI@Z 10009ab0 f i FpM5.obj
 0001:00008b00       ??$_Debug_range@PAPAUFpDeviceInfo@@@std@@YAXPAPAUFpDeviceInfo@@0PB_WI@Z 10009b00 f i FpM5.obj
 0001:00008b50       ??$_Debug_range@PBQAUFpDeviceInfo@@@std@@YAXPBQAUFpDeviceInfo@@0PB_WI@Z 10009b50 f i FpM5.obj
 0001:00008ba0       ??$_Debug_range@V?$_Vector_iterator@V?$_Vector_val@U?$_Simple_types@N@std@@@std@@@std@@@std@@YAXV?$_Vector_iterator@V?$_Vector_val@U?$_Simple_types@N@std@@@std@@@0@0PB_WI@Z 10009ba0 f i FpM5.obj
 0001:00008c80       ??$_Destroy_range@U?$_Wrap_alloc@V?$allocator@N@std@@@std@@@std@@YAXPAN0AAU?$_Wrap_alloc@V?$allocator@N@std@@@0@@Z 10009c80 f i FpM5.obj
 0001:00008cd0       ??$_Destroy_range@U?$_Wrap_alloc@V?$allocator@N@std@@@std@@@std@@YAXPAN0AAU?$_Wrap_alloc@V?$allocator@N@std@@@0@U_Scalar_ptr_iterator_tag@0@@Z 10009cd0 f i FpM5.obj
 0001:00008ce0       ??$_Destroy_range@U?$_Wrap_alloc@V?$allocator@PAUFpDeviceInfo@@@std@@@std@@@std@@YAXPAPAUFpDeviceInfo@@0AAU?$_Wrap_alloc@V?$allocator@PAUFpDeviceInfo@@@std@@@0@@Z 10009ce0 f i FpM5.obj
 0001:00008d30       ??$_Destroy_range@U?$_Wrap_alloc@V?$allocator@PAUFpDeviceInfo@@@std@@@std@@@std@@YAXPAPAUFpDeviceInfo@@0AAU?$_Wrap_alloc@V?$allocator@PAUFpDeviceInfo@@@std@@@0@U_Scalar_ptr_iterator_tag@0@@Z 10009d30 f i FpM5.obj
 0001:00008d40       ??$_Dist_type@PAN@std@@YAPAHPAN@Z 10009d40 f i FpM5.obj
 0001:00008d50       ??$_Insert_at@U?$pair@$$CBNN@std@@U_Nil@2@@?$_Tree@V?$_Tmap_traits@NNU?$less@N@std@@V?$allocator@U?$pair@$$CBNN@std@@@2@$0A@@std@@@std@@IAE?AV?$_Tree_iterator@V?$_Tree_val@U?$_Tree_simple_types@U?$pair@$$CBNN@std@@@std@@@std@@@1@_NPAU?$_Tree_node@U?$pair@$$CBNN@std@@PAX@1@$$QAU?$pair@$$CBNN@1@U_Nil@1@@Z 10009d50 f i FpM5.obj
 0001:000092a0       ??$_Insert_nohint@U?$pair@$$CBNN@std@@U_Nil@2@@?$_Tree@V?$_Tmap_traits@NNU?$less@N@std@@V?$allocator@U?$pair@$$CBNN@std@@@2@$0A@@std@@@std@@IAE?AU?$pair@V?$_Tree_iterator@V?$_Tree_val@U?$_Tree_simple_types@U?$pair@$$CBNN@std@@@std@@@std@@@std@@_N@1@_N$$QAU?$pair@$$CBNN@1@U_Nil@1@@Z 1000a2a0 f i FpM5.obj
 0001:00009890       ??$_Insertion_sort1@PANU?$less@X@std@@N@std@@YAXPAN0U?$less@X@0@0@Z 1000a890 f i FpM5.obj
 0001:000099f0       ??$_Insertion_sort@PANU?$less@X@std@@@std@@YAXPAN0U?$less@X@0@@Z 1000a9f0 f i FpM5.obj
 0001:00009a20       ??$_Iter_cat@PAN@std@@YA?AUrandom_access_iterator_tag@0@ABQAN@Z 1000aa20 f i FpM5.obj
 0001:00009a40       ??$_Iter_cat@PAPAUFpDeviceInfo@@@std@@YA?AUrandom_access_iterator_tag@0@ABQAPAUFpDeviceInfo@@@Z 1000aa40 f i FpM5.obj
 0001:00009a60       ??$_Iter_cat@PBQAUFpDeviceInfo@@@std@@YA?AUrandom_access_iterator_tag@0@ABQBQAUFpDeviceInfo@@@Z 1000aa60 f i FpM5.obj
 0001:00009a80       ??$_Iter_cat@V?$_Vector_iterator@V?$_Vector_val@U?$_Simple_types@N@std@@@std@@@std@@@std@@YA?AUrandom_access_iterator_tag@0@ABV?$_Vector_iterator@V?$_Vector_val@U?$_Simple_types@N@std@@@std@@@0@@Z 1000aa80 f i FpM5.obj
 0001:00009aa0       ??$_Kfn@$$CBNN@?$_Tmap_traits@NNU?$less@N@std@@V?$allocator@U?$pair@$$CBNN@std@@@2@$0A@@std@@SAABNABU?$pair@$$CBNN@1@@Z 1000aaa0 f i FpM5.obj
 0001:00009ab0       ??$_Make_heap@PANHNU?$less@X@std@@@std@@YAXPAN0U?$less@X@0@PAH0@Z 1000aab0 f i FpM5.obj
 0001:00009b40       ??$_Med3@PANU?$less@X@std@@@std@@YAXPAN00U?$less@X@0@@Z 1000ab40 f i FpM5.obj
 0001:00009c10       ??$_Median@PANU?$less@X@std@@@std@@YAXPAN00U?$less@X@0@@Z 1000ac10 f i FpM5.obj
 0001:00009d40       ??$_Move@AAD@std@@YA$$QADAAD@Z 1000ad40 f i FpM5.obj
 0001:00009d50       ??$_Move@AAN@std@@YA$$QANAAN@Z 1000ad50 f i FpM5.obj
 0001:00009d60       ??$_Move@PAPAUFpDeviceInfo@@PAPAU1@@std@@YAPAPAUFpDeviceInfo@@PAPAU1@00@Z 1000ad60 f i FpM5.obj
 0001:00009db0       ??$_Move@PAPAUFpDeviceInfo@@PAPAU1@@std@@YAPAPAUFpDeviceInfo@@PAPAU1@00U_Scalar_ptr_iterator_tag@0@@Z 1000adb0 f i FpM5.obj
 0001:00009e00       ??$_Move_backward@PANPAN@std@@YAPANPAN00@Z 1000ae00 f i FpM5.obj
 0001:00009e50       ??$_Move_backward@PANPAN@std@@YAPANPAN00U_Scalar_ptr_iterator_tag@0@@Z 1000ae50 f i FpM5.obj
 0001:00009ea0       ??$_Pop_heap@PANHNU?$less@X@std@@@std@@YAXPAN00$$QANU?$less@X@0@PAH@Z 1000aea0 f i FpM5.obj
 0001:00009f00       ??$_Pop_heap@PANU?$less@X@std@@@std@@YAXPAN0U?$less@X@0@@Z 1000af00 f i FpM5.obj
 0001:00009f50       ??$_Pop_heap_0@PANNU?$less@X@std@@@std@@YAXPAN0U?$less@X@0@0@Z 1000af50 f i FpM5.obj
 0001:00009fd0       ??$_Ptr_cat@NN@std@@YA?AU_Scalar_ptr_iterator_tag@0@PAN0@Z 1000afd0 f i FpM5.obj
 0001:00009fe0       ??$_Ptr_cat@PAUFpDeviceInfo@@PAU1@@std@@YA?AU_Scalar_ptr_iterator_tag@0@PAPAUFpDeviceInfo@@0@Z 1000afe0 f i FpM5.obj
 0001:00009ff0       ??$_Ptr_cat@PAUFpDeviceInfo@@PAU1@@std@@YA?AU_Scalar_ptr_iterator_tag@0@PBQAUFpDeviceInfo@@PAPAU2@@Z 1000aff0 f i FpM5.obj
 0001:0000a000       ??$_Push_heap@PANHNU?$less@X@std@@@std@@YAXPANHH$$QANU?$less@X@0@@Z 1000b000 f i FpM5.obj
 0001:0000a0d0       ??$_Rechecked@PANPAN@std@@YAAAPANAAPANPAN@Z 1000b0d0 f i FpM5.obj
 0001:0000a0f0       ??$_Rechecked@PAPAUFpDeviceInfo@@PAPAU1@@std@@YAAAPAPAUFpDeviceInfo@@AAPAPAU1@PAPAU1@@Z 1000b0f0 f i FpM5.obj
 0001:0000a110       ??$_Sort@PANHU?$less@X@std@@@std@@YAXPAN0HU?$less@X@0@@Z 1000b110 f i FpM5.obj
 0001:0000a260       ??$_Sort_heap@PANU?$less@X@std@@@std@@YAXPAN0U?$less@X@0@@Z 1000b260 f i FpM5.obj
 0001:0000a2b0       ??$_Ucopy@V?$_Vector_const_iterator@V?$_Vector_val@U?$_Simple_types@PAUFpDeviceInfo@@@std@@@std@@@std@@@?$vector@PAUFpDeviceInfo@@V?$allocator@PAUFpDeviceInfo@@@std@@@std@@IAEPAPAUFpDeviceInfo@@V?$_Vector_const_iterator@V?$_Vector_val@U?$_Simple_types@PAUFpDeviceInfo@@@std@@@std@@@1@0PAPAU2@@Z 1000b2b0 f i FpM5.obj
 0001:0000a3a0       ??$_Umove@PAN@?$vector@NV?$allocator@N@std@@@std@@IAEPANPAN00@Z 1000b3a0 f i FpM5.obj
 0001:0000a3e0       ??$_Umove@PAPAUFpDeviceInfo@@@?$vector@PAUFpDeviceInfo@@V?$allocator@PAUFpDeviceInfo@@@std@@@std@@IAEPAPAUFpDeviceInfo@@PAPAU2@00@Z 1000b3e0 f i FpM5.obj
 0001:0000a420       ??$_Unchecked@PAN@std@@YAPANPAN@Z 1000b420 f i FpM5.obj
 0001:0000a430       ??$_Unchecked@PAPAUFpDeviceInfo@@@std@@YAPAPAUFpDeviceInfo@@PAPAU1@@Z 1000b430 f i FpM5.obj
 0001:0000a440       ??$_Unchecked@V?$_Vector_val@U?$_Simple_types@N@std@@@std@@@std@@YAPANV?$_Vector_iterator@V?$_Vector_val@U?$_Simple_types@N@std@@@std@@@0@@Z 1000b440 f i FpM5.obj
 0001:0000a4b0       ??$_Unchecked@V?$_Vector_val@U?$_Simple_types@PAUFpDeviceInfo@@@std@@@std@@@std@@YAPBQAUFpDeviceInfo@@V?$_Vector_const_iterator@V?$_Vector_val@U?$_Simple_types@PAUFpDeviceInfo@@@std@@@std@@@0@@Z 1000b4b0 f i FpM5.obj
 0001:0000a520       ??$_Unguarded_partition@PANU?$less@X@std@@@std@@YA?AU?$pair@PANPAN@0@PAN0U?$less@X@0@@Z 1000b520 f i FpM5.obj
 0001:0000a8f0       ??$_Uninit_copy@PBQAUFpDeviceInfo@@PAPAU1@U?$_Wrap_alloc@V?$allocator@PAUFpDeviceInfo@@@std@@@std@@@std@@YAPAPAUFpDeviceInfo@@PBQAU1@0PAPAU1@AAU?$_Wrap_alloc@V?$allocator@PAUFpDeviceInfo@@@std@@@0@@Z 1000b8f0 f i FpM5.obj
 0001:0000a940       ??$_Uninit_copy@QAUFpDeviceInfo@@PAU1@@std@@YAPAPAUFpDeviceInfo@@PBQAU1@0PAPAU1@AAU?$_Wrap_alloc@V?$allocator@PAUFpDeviceInfo@@@std@@@0@U_Scalar_ptr_iterator_tag@0@@Z 1000b940 f i FpM5.obj
 0001:0000a9c0       ??$_Uninit_move@NNN@std@@YAPANPAN00AAU?$_Wrap_alloc@V?$allocator@N@std@@@0@0U_Scalar_ptr_iterator_tag@0@@Z 1000b9c0 f i FpM5.obj
 0001:0000aa40       ??$_Uninit_move@PANPANU?$_Wrap_alloc@V?$allocator@N@std@@@std@@@std@@YAPANPAN00AAU?$_Wrap_alloc@V?$allocator@N@std@@@0@@Z 1000ba40 f i FpM5.obj
 0001:0000aaa0       ??$_Uninit_move@PAPAUFpDeviceInfo@@PAPAU1@U?$_Wrap_alloc@V?$allocator@PAUFpDeviceInfo@@@std@@@std@@@std@@YAPAPAUFpDeviceInfo@@PAPAU1@00AAU?$_Wrap_alloc@V?$allocator@PAUFpDeviceInfo@@@std@@@0@@Z 1000baa0 f i FpM5.obj
 0001:0000ab00       ??$_Uninit_move@PAUFpDeviceInfo@@PAU1@PAU1@@std@@YAPAPAUFpDeviceInfo@@PAPAU1@00AAU?$_Wrap_alloc@V?$allocator@PAUFpDeviceInfo@@@std@@@0@0U_Scalar_ptr_iterator_tag@0@@Z 1000bb00 f i FpM5.obj
 0001:0000ab80       ??$_Uninitialized_copy@V?$_Vector_const_iterator@V?$_Vector_val@U?$_Simple_types@PAUFpDeviceInfo@@@std@@@std@@@std@@PAPAUFpDeviceInfo@@U?$_Wrap_alloc@V?$allocator@PAUFpDeviceInfo@@@std@@@2@@std@@YAPAPAUFpDeviceInfo@@V?$_Vector_const_iterator@V?$_Vector_val@U?$_Simple_types@PAUFpDeviceInfo@@@std@@@std@@@0@0PAPAU1@AAU?$_Wrap_alloc@V?$allocator@PAUFpDeviceInfo@@@std@@@0@@Z 1000bb80 f i FpM5.obj
 0001:0000ac90       ??$_Uninitialized_move@PANPANU?$_Wrap_alloc@V?$allocator@N@std@@@std@@@std@@YAPANPAN00AAU?$_Wrap_alloc@V?$allocator@N@std@@@0@@Z 1000bc90 f i FpM5.obj
 0001:0000acf0       ??$_Uninitialized_move@PAPAUFpDeviceInfo@@PAPAU1@U?$_Wrap_alloc@V?$allocator@PAUFpDeviceInfo@@@std@@@std@@@std@@YAPAPAUFpDeviceInfo@@PAPAU1@00AAU?$_Wrap_alloc@V?$allocator@PAUFpDeviceInfo@@@std@@@0@@Z 1000bcf0 f i FpM5.obj
 0001:0000ad50       ??$_Val_type@PAN@std@@YAPANPAN@Z 1000bd50 f i FpM5.obj
 0001:0000ad60       ??$_Val_type@PAPAUFpDeviceInfo@@@std@@YAPAPAUFpDeviceInfo@@PAPAU1@@Z 1000bd60 f i FpM5.obj
 0001:0000ad70       ??$addressof@$$CBN@std@@YAPBNABN@Z 1000bd70 f i FpM5.obj
 0001:0000ad80       ??$addressof@PAU?$_Tree_node@U?$pair@$$CBNN@std@@PAX@std@@@std@@YAPAPAU?$_Tree_node@U?$pair@$$CBNN@std@@PAX@0@AAPAU10@@Z 1000bd80 f i FpM5.obj
 0001:0000ad90       ??$addressof@QAUFpDeviceInfo@@@std@@YAPBQAUFpDeviceInfo@@ABQAU1@@Z 1000bd90 f i FpM5.obj
 0001:0000ada0       ??$addressof@U?$pair@$$CBNN@std@@@std@@YAPAU?$pair@$$CBNN@0@AAU10@@Z 1000bda0 f i FpM5.obj
 0001:0000adb0       ??$construct@NAAN@?$_Wrap_alloc@V?$allocator@N@std@@@std@@QAEXPANAAN@Z 1000bdb0 f i FpM5.obj
 0001:0000adf0       ??$construct@NAAN@?$allocator@N@std@@QAEXPANAAN@Z 1000bdf0 f i FpM5.obj
 0001:0000aea0       ??$construct@NAAN@?$allocator_traits@V?$allocator@N@std@@@std@@SAXAAV?$allocator@N@1@PANAAN@Z 1000bea0 f i FpM5.obj
 0001:0000aed0       ??$construct@NABN@?$_Wrap_alloc@V?$allocator@N@std@@@std@@QAEXPANABN@Z 1000bed0 f i FpM5.obj
 0001:0000af10       ??$construct@NABN@?$allocator_traits@V?$allocator@N@std@@@std@@SAXAAV?$allocator@N@1@PANABN@Z 1000bf10 f i FpM5.obj
 0001:0000af40       ??$construct@PAU?$_Tree_node@U?$pair@$$CBNN@std@@PAX@std@@AAPAU12@@?$_Wrap_alloc@V?$allocator@U?$_Tree_node@U?$pair@$$CBNN@std@@PAX@std@@@std@@@std@@QAEXPAPAU?$_Tree_node@U?$pair@$$CBNN@std@@PAX@1@AAPAU21@@Z 1000bf40 f i FpM5.obj
 0001:0000af80       ??$construct@PAU?$_Tree_node@U?$pair@$$CBNN@std@@PAX@std@@AAPAU12@@?$allocator@U?$_Tree_node@U?$pair@$$CBNN@std@@PAX@std@@@std@@QAEXPAPAU?$_Tree_node@U?$pair@$$CBNN@std@@PAX@1@AAPAU21@@Z 1000bf80 f i FpM5.obj
 0001:0000b030       ??$construct@PAU?$_Tree_node@U?$pair@$$CBNN@std@@PAX@std@@AAPAU12@@?$allocator_traits@V?$allocator@U?$_Tree_node@U?$pair@$$CBNN@std@@PAX@std@@@std@@@std@@SAXAAV?$allocator@U?$_Tree_node@U?$pair@$$CBNN@std@@PAX@std@@@1@PAPAU?$_Tree_node@U?$pair@$$CBNN@std@@PAX@1@AAPAU31@@Z 1000c030 f i FpM5.obj
 0001:0000b060       ??$construct@PAUFpDeviceInfo@@AAPAU1@@?$_Wrap_alloc@V?$allocator@PAUFpDeviceInfo@@@std@@@std@@QAEXPAPAUFpDeviceInfo@@AAPAU2@@Z 1000c060 f i FpM5.obj
 0001:0000b0a0       ??$construct@PAUFpDeviceInfo@@AAPAU1@@?$allocator@PAUFpDeviceInfo@@@std@@QAEXPAPAUFpDeviceInfo@@AAPAU2@@Z 1000c0a0 f i FpM5.obj
 0001:0000b150       ??$construct@PAUFpDeviceInfo@@AAPAU1@@?$allocator_traits@V?$allocator@PAUFpDeviceInfo@@@std@@@std@@SAXAAV?$allocator@PAUFpDeviceInfo@@@1@PAPAUFpDeviceInfo@@AAPAU3@@Z 1000c150 f i FpM5.obj
 0001:0000b180       ??$construct@PAUFpDeviceInfo@@ABQAU1@@?$_Wrap_alloc@V?$allocator@PAUFpDeviceInfo@@@std@@@std@@QAEXPAPAUFpDeviceInfo@@ABQAU2@@Z 1000c180 f i FpM5.obj
 0001:0000b1c0       ??$construct@PAUFpDeviceInfo@@ABQAU1@@?$allocator_traits@V?$allocator@PAUFpDeviceInfo@@@std@@@std@@SAXAAV?$allocator@PAUFpDeviceInfo@@@1@PAPAUFpDeviceInfo@@ABQAU3@@Z 1000c1c0 f i FpM5.obj
 0001:0000b1f0       ??$construct@U?$pair@$$CBNN@std@@U12@@?$_Wrap_alloc@V?$allocator@U?$_Tree_node@U?$pair@$$CBNN@std@@PAX@std@@@std@@@std@@QAEXPAU?$pair@$$CBNN@1@$$QAU21@@Z 1000c1f0 f i FpM5.obj
 0001:0000b230       ??$construct@U?$pair@$$CBNN@std@@U12@@?$allocator@U?$_Tree_node@U?$pair@$$CBNN@std@@PAX@std@@@std@@QAEXPAU?$pair@$$CBNN@1@$$QAU21@@Z 1000c230 f i FpM5.obj
 0001:0000b2e0       ??$construct@U?$pair@$$CBNN@std@@U12@@?$allocator_traits@V?$allocator@U?$_Tree_node@U?$pair@$$CBNN@std@@PAX@std@@@std@@@std@@SAXAAV?$allocator@U?$_Tree_node@U?$pair@$$CBNN@std@@PAX@std@@@1@PAU?$pair@$$CBNN@1@$$QAU31@@Z 1000c2e0 f i FpM5.obj
 0001:0000b310       ??$construct@U_Container_proxy@std@@U12@@?$_Wrap_alloc@V?$allocator@U_Container_proxy@std@@@std@@@std@@QAEXPAU_Container_proxy@1@$$QAU21@@Z 1000c310 f i FpM5.obj
 0001:0000b350       ??$construct@U_Container_proxy@std@@U12@@?$allocator_traits@V?$allocator@U_Container_proxy@std@@@std@@@std@@SAXAAV?$allocator@U_Container_proxy@std@@@1@PAU_Container_proxy@1@$$QAU31@@Z 1000c350 f i FpM5.obj
 0001:0000b380       ??$destroy@PAU?$_Tree_node@U?$pair@$$CBNN@std@@PAX@std@@@?$_Wrap_alloc@V?$allocator@U?$_Tree_node@U?$pair@$$CBNN@std@@PAX@std@@@std@@@std@@QAEXPAPAU?$_Tree_node@U?$pair@$$CBNN@std@@PAX@1@@Z 1000c380 f i FpM5.obj
 0001:0000b3b0       ??$destroy@PAU?$_Tree_node@U?$pair@$$CBNN@std@@PAX@std@@@?$allocator@U?$_Tree_node@U?$pair@$$CBNN@std@@PAX@std@@@std@@QAEXPAPAU?$_Tree_node@U?$pair@$$CBNN@std@@PAX@1@@Z 1000c3b0 f i FpM5.obj
 0001:0000b3c0       ??$destroy@PAU?$_Tree_node@U?$pair@$$CBNN@std@@PAX@std@@@?$allocator_traits@V?$allocator@U?$_Tree_node@U?$pair@$$CBNN@std@@PAX@std@@@std@@@std@@SAXAAV?$allocator@U?$_Tree_node@U?$pair@$$CBNN@std@@PAX@std@@@1@PAPAU?$_Tree_node@U?$pair@$$CBNN@std@@PAX@1@@Z 1000c3c0 f i FpM5.obj
 0001:0000b3e0       ??$destroy@U?$pair@$$CBNN@std@@@?$_Wrap_alloc@V?$allocator@U?$_Tree_node@U?$pair@$$CBNN@std@@PAX@std@@@std@@@std@@QAEXPAU?$pair@$$CBNN@1@@Z 1000c3e0 f i FpM5.obj
 0001:0000b410       ??$destroy@U?$pair@$$CBNN@std@@@?$allocator@U?$_Tree_node@U?$pair@$$CBNN@std@@PAX@std@@@std@@QAEXPAU?$pair@$$CBNN@1@@Z 1000c410 f i FpM5.obj
 0001:0000b420       ??$destroy@U?$pair@$$CBNN@std@@@?$allocator_traits@V?$allocator@U?$_Tree_node@U?$pair@$$CBNN@std@@PAX@std@@@std@@@std@@SAXAAV?$allocator@U?$_Tree_node@U?$pair@$$CBNN@std@@PAX@std@@@1@PAU?$pair@$$CBNN@1@@Z 1000c420 f i FpM5.obj
 0001:0000b440       ??$destroy@U_Container_proxy@std@@@?$_Wrap_alloc@V?$allocator@U_Container_proxy@std@@@std@@@std@@QAEXPAU_Container_proxy@1@@Z 1000c440 f i FpM5.obj
 0001:0000b470       ??$destroy@U_Container_proxy@std@@@?$allocator_traits@V?$allocator@U_Container_proxy@std@@@std@@@std@@SAXAAV?$allocator@U_Container_proxy@std@@@1@PAU_Container_proxy@1@@Z 1000c470 f i FpM5.obj
 0001:0000b490       ??$forward@$$CBN@std@@YA$$QBNABN@Z 1000c490 f i FpM5.obj
 0001:0000b4a0       ??$forward@AAN@std@@YAAANAAN@Z 1000c4a0 f i FpM5.obj
 0001:0000b4b0       ??$forward@AAPAN@std@@YAAAPANAAPAN@Z 1000c4b0 f i FpM5.obj
 0001:0000b4c0       ??$forward@AAPAU?$_Tree_node@U?$pair@$$CBNN@std@@PAX@std@@@std@@YAAAPAU?$_Tree_node@U?$pair@$$CBNN@std@@PAX@0@AAPAU10@@Z 1000c4c0 f i FpM5.obj
 0001:0000b4d0       ??$forward@AAPAUFpDeviceInfo@@@std@@YAAAPAUFpDeviceInfo@@AAPAU1@@Z 1000c4d0 f i FpM5.obj
 0001:0000b4e0       ??$forward@AAV?$_Tree_iterator@V?$_Tree_val@U?$_Tree_simple_types@U?$pair@$$CBNN@std@@@std@@@std@@@std@@@std@@YAAAV?$_Tree_iterator@V?$_Tree_val@U?$_Tree_simple_types@U?$pair@$$CBNN@std@@@std@@@std@@@0@AAV10@@Z 1000c4e0 f i FpM5.obj
 0001:0000b4f0       ??$forward@ABN@std@@YAABNABN@Z 1000c4f0 f i FpM5.obj
 0001:0000b500       ??$forward@ABQAUFpDeviceInfo@@@std@@YAABQAUFpDeviceInfo@@ABQAU1@@Z 1000c500 f i FpM5.obj
 0001:0000b510       ??$forward@N@std@@YA$$QANAAN@Z 1000c510 f i FpM5.obj
 0001:0000b520       ??$forward@U?$pair@$$CBNN@std@@@std@@YA$$QAU?$pair@$$CBNN@0@AAU10@@Z 1000c520 f i FpM5.obj
 0001:0000b530       ??$forward@V?$_Tree_iterator@V?$_Tree_val@U?$_Tree_simple_types@U?$pair@$$CBNN@std@@@std@@@std@@@std@@@std@@YA$$QAV?$_Tree_iterator@V?$_Tree_val@U?$_Tree_simple_types@U?$pair@$$CBNN@std@@@std@@@std@@@0@AAV10@@Z 1000c530 f i FpM5.obj
 0001:0000b540       ??$forward@_N@std@@YA$$QA_NAA_N@Z 1000c540 f i FpM5.obj
 0001:0000b550       ??$iter_swap@PANPAN@std@@YAXPAN0@Z 1000c550 f i FpM5.obj
 0001:0000b570       ??$make_heap@PANU?$less@X@std@@@std@@YAXPAN0U?$less@X@0@@Z 1000c570 f i FpM5.obj
 0001:0000b620       ??$sort@V?$_Vector_iterator@V?$_Vector_val@U?$_Simple_types@N@std@@@std@@@std@@@std@@YAXV?$_Vector_iterator@V?$_Vector_val@U?$_Simple_types@N@std@@@std@@@0@0@Z 1000c620 f i FpM5.obj
 0001:0000b6f0       ??$sort@V?$_Vector_iterator@V?$_Vector_val@U?$_Simple_types@N@std@@@std@@@std@@U?$less@X@2@@std@@YAXV?$_Vector_iterator@V?$_Vector_val@U?$_Simple_types@N@std@@@std@@@0@0U?$less@X@0@@Z 1000c6f0 f i FpM5.obj
 0001:0000b850       ??$sort_heap@PANU?$less@X@std@@@std@@YAXPAN0U?$less@X@0@@Z 1000c850 f i FpM5.obj
 0001:0000b900       ??$swap@D@std@@YAXAAD0@Z   1000c900 f i FpM5.obj
 0001:0000b950       ??$swap@N@std@@YAXAAN0@Z   1000c950 f i FpM5.obj
 0001:0000b9b0       ??0?$_Iterator012@Ubidirectional_iterator_tag@std@@U?$pair@$$CBNN@2@HPBU32@ABU32@U_Iterator_base12@2@@std@@QAE@ABU01@@Z 1000c9b0 f i FpM5.obj
 0001:0000b9e0       ??0?$_Iterator012@Ubidirectional_iterator_tag@std@@U?$pair@$$CBNN@2@HPBU32@ABU32@U_Iterator_base12@2@@std@@QAE@XZ 1000c9e0 f i FpM5.obj
 0001:0000ba00       ??0?$_Iterator012@Urandom_access_iterator_tag@std@@NHPBNABNU_Iterator_base12@2@@std@@QAE@ABU01@@Z 1000ca00 f i FpM5.obj
 0001:0000ba30       ??0?$_Iterator012@Urandom_access_iterator_tag@std@@NHPBNABNU_Iterator_base12@2@@std@@QAE@XZ 1000ca30 f i FpM5.obj
 0001:0000ba50       ??0?$_Iterator012@Urandom_access_iterator_tag@std@@PAUFpDeviceInfo@@HPBQAU3@ABQAU3@U_Iterator_base12@2@@std@@QAE@ABU01@@Z 1000ca50 f i FpM5.obj
 0001:0000ba80       ??0?$_Iterator012@Urandom_access_iterator_tag@std@@PAUFpDeviceInfo@@HPBQAU3@ABQAU3@U_Iterator_base12@2@@std@@QAE@XZ 1000ca80 f i FpM5.obj
 0001:0000baa0       ??0?$_Tree@V?$_Tmap_traits@NNU?$less@N@std@@V?$allocator@U?$pair@$$CBNN@std@@@2@$0A@@std@@@std@@QAE@ABU?$less@N@1@ABV?$allocator@U?$pair@$$CBNN@std@@@1@@Z 1000caa0 f i FpM5.obj
 0001:0000bad0       ??0?$_Tree_alloc@$0A@U?$_Tree_base_types@U?$pair@$$CBNN@std@@V?$allocator@U?$pair@$$CBNN@std@@@2@@std@@@std@@QAE@ABV?$allocator@U?$pair@$$CBNN@std@@@1@@Z 1000cad0 f i FpM5.obj
 0001:0000bba0       ??0?$_Tree_buy@U?$pair@$$CBNN@std@@V?$allocator@U?$pair@$$CBNN@std@@@2@@std@@QAE@ABV?$allocator@U?$pair@$$CBNN@std@@@1@@Z 1000cba0 f i FpM5.obj
 0001:0000bbd0       ??0?$_Tree_comp@$0A@V?$_Tmap_traits@NNU?$less@N@std@@V?$allocator@U?$pair@$$CBNN@std@@@2@$0A@@std@@@std@@QAE@ABU?$less@N@1@ABV?$allocator@U?$pair@$$CBNN@std@@@1@@Z 1000cbd0 f i FpM5.obj
 0001:0000bc00       ??0?$_Tree_const_iterator@V?$_Tree_val@U?$_Tree_simple_types@U?$pair@$$CBNN@std@@@std@@@std@@@std@@QAE@ABV01@@Z 1000cc00 f i FpM5.obj
 0001:0000bc30       ??0?$_Tree_const_iterator@V?$_Tree_val@U?$_Tree_simple_types@U?$pair@$$CBNN@std@@@std@@@std@@@std@@QAE@PAU?$_Tree_node@U?$pair@$$CBNN@std@@PAX@1@PBV?$_Tree_val@U?$_Tree_simple_types@U?$pair@$$CBNN@std@@@std@@@1@@Z 1000cc30 f i FpM5.obj
 0001:0000bc60       ??0?$_Tree_iterator@V?$_Tree_val@U?$_Tree_simple_types@U?$pair@$$CBNN@std@@@std@@@std@@@std@@QAE@ABV01@@Z 1000cc60 f i FpM5.obj
 0001:0000bc90       ??0?$_Tree_iterator@V?$_Tree_val@U?$_Tree_simple_types@U?$pair@$$CBNN@std@@@std@@@std@@@std@@QAE@PAU?$_Tree_node@U?$pair@$$CBNN@std@@PAX@1@PBV?$_Tree_val@U?$_Tree_simple_types@U?$pair@$$CBNN@std@@@std@@@1@@Z 1000cc90 f i FpM5.obj
 0001:0000bcc0       ??0?$_Tree_unchecked_const_iterator@V?$_Tree_val@U?$_Tree_simple_types@U?$pair@$$CBNN@std@@@std@@@std@@U_Iterator_base12@2@@std@@QAE@ABV01@@Z 1000ccc0 f i FpM5.obj
 0001:0000bd00       ??0?$_Tree_unchecked_const_iterator@V?$_Tree_val@U?$_Tree_simple_types@U?$pair@$$CBNN@std@@@std@@@std@@U_Iterator_base12@2@@std@@QAE@PAU?$_Tree_node@U?$pair@$$CBNN@std@@PAX@1@PBV?$_Tree_val@U?$_Tree_simple_types@U?$pair@$$CBNN@std@@@std@@@1@@Z 1000cd00 f i FpM5.obj
 0001:0000bd80       ??0?$_Tree_val@U?$_Tree_simple_types@U?$pair@$$CBNN@std@@@std@@@std@@QAE@XZ 1000cd80 f i FpM5.obj
 0001:0000bdc0       ??0?$_Vector_alloc@$0A@U?$_Vec_base_types@NV?$allocator@N@std@@@std@@@std@@QAE@ABV?$allocator@N@1@@Z 1000cdc0 f i FpM5.obj
 0001:0000be30       ??0?$_Vector_alloc@$0A@U?$_Vec_base_types@PAUFpDeviceInfo@@V?$allocator@PAUFpDeviceInfo@@@std@@@std@@@std@@QAE@ABV?$allocator@PAUFpDeviceInfo@@@1@@Z 1000ce30 f i FpM5.obj
 0001:0000bea0       ??0?$_Vector_const_iterator@V?$_Vector_val@U?$_Simple_types@N@std@@@std@@@std@@QAE@ABV01@@Z 1000cea0 f i FpM5.obj
 0001:0000bee0       ??0?$_Vector_const_iterator@V?$_Vector_val@U?$_Simple_types@N@std@@@std@@@std@@QAE@PANPBU_Container_base12@1@@Z 1000cee0 f i FpM5.obj
 0001:0000bf60       ??0?$_Vector_const_iterator@V?$_Vector_val@U?$_Simple_types@PAUFpDeviceInfo@@@std@@@std@@@std@@QAE@ABV01@@Z 1000cf60 f i FpM5.obj
 0001:0000bfa0       ??0?$_Vector_const_iterator@V?$_Vector_val@U?$_Simple_types@PAUFpDeviceInfo@@@std@@@std@@@std@@QAE@PAPAUFpDeviceInfo@@PBU_Container_base12@1@@Z 1000cfa0 f i FpM5.obj
 0001:0000c020       ??0?$_Vector_iterator@V?$_Vector_val@U?$_Simple_types@N@std@@@std@@@std@@QAE@ABV01@@Z 1000d020 f i FpM5.obj
 0001:0000c050       ??0?$_Vector_iterator@V?$_Vector_val@U?$_Simple_types@N@std@@@std@@@std@@QAE@PANPBU_Container_base12@1@@Z 1000d050 f i FpM5.obj
 0001:0000c080       ??0?$_Vector_iterator@V?$_Vector_val@U?$_Simple_types@PAUFpDeviceInfo@@@std@@@std@@@std@@QAE@ABV01@@Z 1000d080 f i FpM5.obj
 0001:0000c0b0       ??0?$_Vector_iterator@V?$_Vector_val@U?$_Simple_types@PAUFpDeviceInfo@@@std@@@std@@@std@@QAE@PAPAUFpDeviceInfo@@PBU_Container_base12@1@@Z 1000d0b0 f i FpM5.obj
 0001:0000c0e0       ??0?$_Vector_val@U?$_Simple_types@N@std@@@std@@QAE@XZ 1000d0e0 f i FpM5.obj
 0001:0000c130       ??0?$_Vector_val@U?$_Simple_types@PAUFpDeviceInfo@@@std@@@std@@QAE@XZ 1000d130 f i FpM5.obj
 0001:0000c180       ??0?$_Wrap_alloc@V?$allocator@N@std@@@std@@QAE@XZ 1000d180 f i FpM5.obj
 0001:0000c1a0       ??0?$_Wrap_alloc@V?$allocator@PAUFpDeviceInfo@@@std@@@std@@QAE@ABV?$allocator@PAUFpDeviceInfo@@@1@@Z 1000d1a0 f i FpM5.obj
 0001:0000c1d0       ??0?$_Wrap_alloc@V?$allocator@PAUFpDeviceInfo@@@std@@@std@@QAE@XZ 1000d1d0 f i FpM5.obj
 0001:0000c1f0       ??0?$_Wrap_alloc@V?$allocator@U?$_Tree_node@U?$pair@$$CBNN@std@@PAX@std@@@std@@@std@@QAE@XZ 1000d1f0 f i FpM5.obj
 0001:0000c210       ??0?$_Wrap_alloc@V?$allocator@U_Container_proxy@std@@@std@@@std@@QAE@XZ 1000d210 f i FpM5.obj
 0001:0000c230       ??0?$allocator@N@std@@QAE@XZ 1000d230 f i FpM5.obj
 0001:0000c250       ??0?$allocator@PAUFpDeviceInfo@@@std@@QAE@ABV01@@Z 1000d250 f i FpM5.obj
 0001:0000c270       ??0?$allocator@PAUFpDeviceInfo@@@std@@QAE@XZ 1000d270 f i FpM5.obj
 0001:0000c290       ??0?$allocator@U?$_Tree_node@U?$pair@$$CBNN@std@@PAX@std@@@std@@QAE@XZ 1000d290 f i FpM5.obj
 0001:0000c2b0       ??0?$allocator@U?$pair@$$CBNN@std@@@std@@QAE@XZ 1000d2b0 f i FpM5.obj
 0001:0000c2d0       ??0?$basic_string@DU?$char_traits@D@std@@V?$allocator@D@2@@std@@QAE@ABV01@IIABV?$allocator@D@1@@Z 1000d2d0 f i FpM5.obj
 0001:0000c370       ??0?$map@NNU?$less@N@std@@V?$allocator@U?$pair@$$CBNN@std@@@2@@std@@QAE@XZ 1000d370 f i FpM5.obj
 0001:0000c3a0       ??0?$vector@NV?$allocator@N@std@@@std@@QAE@XZ 1000d3a0 f i FpM5.obj
 0001:0000c3d0       ??0?$vector@PAUFpDeviceInfo@@V?$allocator@PAUFpDeviceInfo@@@std@@@std@@QAE@ABV01@@Z 1000d3d0 f i FpM5.obj
 0001:0000c510       ??0FpBridge@@QAE@ABV0@@Z   1000d510 f i FpM5.obj
 0001:0000c550       ??0FpDeviceInfo@@QAE@ABU0@@Z 1000d550 f i FpM5.obj
 0001:0000c5b0       ??0FpDeviceInfo@@QAE@XZ    1000d5b0 f i FpM5.obj
 0001:0000c600       ??0FpM5Info@@QAE@XZ        1000d600 f i FpM5.obj
 0001:0000c630       ??0_Ignore@std@@QAE@XZ     1000d630 f i FpM5.obj
 0001:0000c650       ??0_Iterator_base12@std@@QAE@ABU01@@Z 1000d650 f i FpM5.obj
 0001:0000c690       ??0_Iterator_base12@std@@QAE@XZ 1000d690 f i FpM5.obj
 0001:0000c6c0       ??1?$_Iterator012@Ubidirectional_iterator_tag@std@@U?$pair@$$CBNN@2@HPBU32@ABU32@U_Iterator_base12@2@@std@@QAE@XZ 1000d6c0 f i FpM5.obj
 0001:0000c6e0       ??1?$_Iterator012@Urandom_access_iterator_tag@std@@NHPBNABNU_Iterator_base12@2@@std@@QAE@XZ 1000d6e0 f i FpM5.obj
 0001:0000c700       ??1?$_Iterator012@Urandom_access_iterator_tag@std@@PAUFpDeviceInfo@@HPBQAU3@ABQAU3@U_Iterator_base12@2@@std@@QAE@XZ 1000d700 f i FpM5.obj
 0001:0000c720       ??1?$_Tree@V?$_Tmap_traits@NNU?$less@N@std@@V?$allocator@U?$pair@$$CBNN@std@@@2@$0A@@std@@@std@@QAE@XZ 1000d720 f i FpM5.obj
 0001:0000c750       ??1?$_Tree_alloc@$0A@U?$_Tree_base_types@U?$pair@$$CBNN@std@@V?$allocator@U?$pair@$$CBNN@std@@@2@@std@@@std@@QAE@XZ 1000d750 f i FpM5.obj
 0001:0000c790       ??1?$_Tree_buy@U?$pair@$$CBNN@std@@V?$allocator@U?$pair@$$CBNN@std@@@2@@std@@QAE@XZ 1000d790 f i FpM5.obj
 0001:0000c7b0       ??1?$_Tree_comp@$0A@V?$_Tmap_traits@NNU?$less@N@std@@V?$allocator@U?$pair@$$CBNN@std@@@2@$0A@@std@@@std@@QAE@XZ 1000d7b0 f i FpM5.obj
 0001:0000c7d0       ??1?$_Tree_const_iterator@V?$_Tree_val@U?$_Tree_simple_types@U?$pair@$$CBNN@std@@@std@@@std@@@std@@QAE@XZ 1000d7d0 f i FpM5.obj
 0001:0000c7f0       ??1?$_Tree_iterator@V?$_Tree_val@U?$_Tree_simple_types@U?$pair@$$CBNN@std@@@std@@@std@@@std@@QAE@XZ 1000d7f0 f i FpM5.obj
 0001:0000c810       ??1?$_Tree_unchecked_const_iterator@V?$_Tree_val@U?$_Tree_simple_types@U?$pair@$$CBNN@std@@@std@@@std@@U_Iterator_base12@2@@std@@QAE@XZ 1000d810 f i FpM5.obj
 0001:0000c830       ??1?$_Tree_val@U?$_Tree_simple_types@U?$pair@$$CBNN@std@@@std@@@std@@QAE@XZ 1000d830 f i FpM5.obj
 0001:0000c850       ??1?$_Vector_alloc@$0A@U?$_Vec_base_types@NV?$allocator@N@std@@@std@@@std@@QAE@XZ 1000d850 f i FpM5.obj
 0001:0000c880       ??1?$_Vector_alloc@$0A@U?$_Vec_base_types@PAUFpDeviceInfo@@V?$allocator@PAUFpDeviceInfo@@@std@@@std@@@std@@QAE@XZ 1000d880 f i FpM5.obj
 0001:0000c8b0       ??1?$_Vector_const_iterator@V?$_Vector_val@U?$_Simple_types@N@std@@@std@@@std@@QAE@XZ 1000d8b0 f i FpM5.obj
 0001:0000c8d0       ??1?$_Vector_const_iterator@V?$_Vector_val@U?$_Simple_types@PAUFpDeviceInfo@@@std@@@std@@@std@@QAE@XZ 1000d8d0 f i FpM5.obj
 0001:0000c8f0       ??1?$_Vector_iterator@V?$_Vector_val@U?$_Simple_types@N@std@@@std@@@std@@QAE@XZ 1000d8f0 f i FpM5.obj
 0001:0000c910       ??1?$_Vector_iterator@V?$_Vector_val@U?$_Simple_types@PAUFpDeviceInfo@@@std@@@std@@@std@@QAE@XZ 1000d910 f i FpM5.obj
 0001:0000c930       ??1?$_Vector_val@U?$_Simple_types@N@std@@@std@@QAE@XZ 1000d930 f i FpM5.obj
 0001:0000c950       ??1?$_Vector_val@U?$_Simple_types@PAUFpDeviceInfo@@@std@@@std@@QAE@XZ 1000d950 f i FpM5.obj
 0001:0000c970       ??1?$map@NNU?$less@N@std@@V?$allocator@U?$pair@$$CBNN@std@@@2@@std@@QAE@XZ 1000d970 f i FpM5.obj
 0001:0000c990       ??1?$pair@V?$_Tree_iterator@V?$_Tree_val@U?$_Tree_simple_types@U?$pair@$$CBNN@std@@@std@@@std@@@std@@_N@std@@QAE@XZ 1000d990 f i FpM5.obj
 0001:0000c9b0       ??1?$vector@NV?$allocator@N@std@@@std@@QAE@XZ 1000d9b0 f i FpM5.obj
 0001:0000c9e0       ??1?$vector@PAUFpDeviceInfo@@V?$allocator@PAUFpDeviceInfo@@@std@@@std@@QAE@XZ 1000d9e0 f i FpM5.obj
 0001:0000ca10       ??1FpDeviceInfo@@UAE@XZ    1000da10 f i FpM5.obj
 0001:0000ca40       ??1FpM5Info@@UAE@XZ        1000da40 f i FpM5.obj
 0001:0000ca60       ??1_Iterator_base12@std@@QAE@XZ 1000da60 f i FpM5.obj
 0001:0000caa0       ??4?$basic_string@DU?$char_traits@D@std@@V?$allocator@D@2@@std@@QAEAAV01@ABV01@@Z 1000daa0 f i FpM5.obj
 0001:0000cb40       ??4FpBridge@@QAEAAV0@ABV0@@Z 1000db40 f i FpM5.obj
 0001:0000cb70       ??4FpDeviceInfo@@QAEAAU0@ABU0@@Z 1000db70 f i FpM5.obj
 0001:0000cbc0       ??4_Iterator_base12@std@@QAEAAU01@ABU01@@Z 1000dbc0 f i FpM5.obj
 0001:0000cc80       ??8?$_Tree_const_iterator@V?$_Tree_val@U?$_Tree_simple_types@U?$pair@$$CBNN@std@@@std@@@std@@@std@@QBE_NABV01@@Z 1000dc80 f i FpM5.obj
 0001:0000cd70       ??8?$_Vector_const_iterator@V?$_Vector_val@U?$_Simple_types@N@std@@@std@@@std@@QBE_NABV01@@Z 1000dd70 f i FpM5.obj
 0001:0000cdc0       ??8?$_Vector_const_iterator@V?$_Vector_val@U?$_Simple_types@PAUFpDeviceInfo@@@std@@@std@@@std@@QBE_NABV01@@Z 1000ddc0 f i FpM5.obj
 0001:0000ce10       ??9?$_Tree_const_iterator@V?$_Tree_val@U?$_Tree_simple_types@U?$pair@$$CBNN@std@@@std@@@std@@@std@@QBE_NABV01@@Z 1000de10 f i FpM5.obj
 0001:0000ce60       ??9?$_Vector_const_iterator@V?$_Vector_val@U?$_Simple_types@N@std@@@std@@@std@@QBE_NABV01@@Z 1000de60 f i FpM5.obj
 0001:0000ceb0       ??9?$_Vector_const_iterator@V?$_Vector_val@U?$_Simple_types@PAUFpDeviceInfo@@@std@@@std@@@std@@QBE_NABV01@@Z 1000deb0 f i FpM5.obj
 0001:0000cf00       ??A?$vector@NV?$allocator@N@std@@@std@@QAEAANI@Z 1000df00 f i FpM5.obj
 0001:0000cfc0       ??A?$vector@PAUFpDeviceInfo@@V?$allocator@PAUFpDeviceInfo@@@std@@@std@@QAEAAPAUFpDeviceInfo@@I@Z 1000dfc0 f i FpM5.obj
 0001:0000d080       ??C?$_Tree_iterator@V?$_Tree_val@U?$_Tree_simple_types@U?$pair@$$CBNN@std@@@std@@@std@@@std@@QBEPAU?$pair@$$CBNN@1@XZ 1000e080 f i FpM5.obj
 0001:0000d0b0       ??D?$_Tree_const_iterator@V?$_Tree_val@U?$_Tree_simple_types@U?$pair@$$CBNN@std@@@std@@@std@@@std@@QBEABU?$pair@$$CBNN@1@XZ 1000e0b0 f i FpM5.obj
 0001:0000d190       ??D?$_Tree_iterator@V?$_Tree_val@U?$_Tree_simple_types@U?$pair@$$CBNN@std@@@std@@@std@@@std@@QBEAAU?$pair@$$CBNN@1@XZ 1000e190 f i FpM5.obj
 0001:0000d1b0       ??D?$_Vector_const_iterator@V?$_Vector_val@U?$_Simple_types@PAUFpDeviceInfo@@@std@@@std@@@std@@QBEABQAUFpDeviceInfo@@XZ 1000e1b0 f i FpM5.obj
 0001:0000d290       ??D?$_Vector_iterator@V?$_Vector_val@U?$_Simple_types@PAUFpDeviceInfo@@@std@@@std@@@std@@QBEAAPAUFpDeviceInfo@@XZ 1000e290 f i FpM5.obj
 0001:0000d2b0       ??E?$_Tree_const_iterator@V?$_Tree_val@U?$_Tree_simple_types@U?$pair@$$CBNN@std@@@std@@@std@@@std@@QAE?AV01@H@Z 1000e2b0 f i FpM5.obj
 0001:0000d360       ??E?$_Tree_const_iterator@V?$_Tree_val@U?$_Tree_simple_types@U?$pair@$$CBNN@std@@@std@@@std@@@std@@QAEAAV01@XZ 1000e360 f i FpM5.obj
 0001:0000d440       ??E?$_Tree_unchecked_const_iterator@V?$_Tree_val@U?$_Tree_simple_types@U?$pair@$$CBNN@std@@@std@@@std@@U_Iterator_base12@2@@std@@QAEAAV01@XZ 1000e440 f i FpM5.obj
 0001:0000d530       ??E?$_Vector_const_iterator@V?$_Vector_val@U?$_Simple_types@PAUFpDeviceInfo@@@std@@@std@@@std@@QAEAAV01@XZ 1000e530 f i FpM5.obj
 0001:0000d600       ??E?$_Vector_iterator@V?$_Vector_val@U?$_Simple_types@PAUFpDeviceInfo@@@std@@@std@@@std@@QAE?AV01@H@Z 1000e600 f i FpM5.obj
 0001:0000d6b0       ??E?$_Vector_iterator@V?$_Vector_val@U?$_Simple_types@PAUFpDeviceInfo@@@std@@@std@@@std@@QAEAAV01@XZ 1000e6b0 f i FpM5.obj
 0001:0000d6d0       ??F?$_Tree_const_iterator@V?$_Tree_val@U?$_Tree_simple_types@U?$pair@$$CBNN@std@@@std@@@std@@@std@@QAEAAV01@XZ 1000e6d0 f i FpM5.obj
 0001:0000d830       ??F?$_Tree_iterator@V?$_Tree_val@U?$_Tree_simple_types@U?$pair@$$CBNN@std@@@std@@@std@@@std@@QAEAAV01@XZ 1000e830 f i FpM5.obj
 0001:0000d850       ??F?$_Tree_unchecked_const_iterator@V?$_Tree_val@U?$_Tree_simple_types@U?$pair@$$CBNN@std@@@std@@@std@@U_Iterator_base12@2@@std@@QAEAAV01@XZ 1000e850 f i FpM5.obj
 0001:0000d980       ??G?$_Vector_const_iterator@V?$_Vector_val@U?$_Simple_types@N@std@@@std@@@std@@QBEHABV01@@Z 1000e980 f i FpM5.obj
 0001:0000d9c0       ??G?$_Vector_iterator@V?$_Vector_val@U?$_Simple_types@N@std@@@std@@@std@@QBEHABV?$_Vector_const_iterator@V?$_Vector_val@U?$_Simple_types@N@std@@@std@@@1@@Z 1000e9c0 f i FpM5.obj
 0001:0000d9e0       ??M?$_Vector_const_iterator@V?$_Vector_val@U?$_Simple_types@N@std@@@std@@@std@@QBE_NABV01@@Z 1000e9e0 f i FpM5.obj
 0001:0000da30       ??R?$less@N@std@@QBE_NABN0@Z 1000ea30 f i FpM5.obj
 0001:0000da70       ??_EFpBridge@@UAEPAXI@Z    1000ea70 f i FpM5.obj
 0001:0000db00       ??_EFpDeviceInfo@@UAEPAXI@Z 1000eb00 f i FpM5.obj
 0001:0000db90       ??_GFpBridge@@UAEPAXI@Z    1000eb90 f i FpM5.obj
 0001:0000dbd0       ??_GFpDeviceInfo@@UAEPAXI@Z 1000ebd0 f i FpM5.obj
 0001:0000dc10       ??_GFpM5@@UAEPAXI@Z        1000ec10 f i FpM5.obj
 0001:0000dc10       ??_EFpM5@@UAEPAXI@Z        1000ec10 f i FpM5.obj
 0001:0000dc50       ??_EFpM5Info@@UAEPAXI@Z    1000ec50 f i FpM5.obj
 0001:0000dc50       ??_GFpM5Info@@UAEPAXI@Z    1000ec50 f i FpM5.obj
 0001:0000dc90       ?GPIO_CheckGPIO1@FpM5@@UAEIPA_NI@Z 1000ec90 f i FpM5.obj
 0001:0000dcc0       ?GPIO_CheckGPIO3@FpM5@@UAEIPA_NI@Z 1000ecc0 f i FpM5.obj
 0001:0000dcf0       ?GPIO_SetGPIO1@FpM5@@UAEI_NI@Z 1000ecf0 f i FpM5.obj
 0001:0000dd20       ?_Adopt@_Iterator_base12@std@@QAEXPBU_Container_base12@2@@Z 1000ed20 f i FpM5.obj
 0001:0000de20       ?_Alloc_proxy@?$_Tree_alloc@$0A@U?$_Tree_base_types@U?$pair@$$CBNN@std@@V?$allocator@U?$pair@$$CBNN@std@@@2@@std@@@std@@QAEXXZ 1000ee20 f i FpM5.obj
 0001:0000de90       ?_Alloc_proxy@?$_Vector_alloc@$0A@U?$_Vec_base_types@NV?$allocator@N@std@@@std@@@std@@QAEXXZ 1000ee90 f i FpM5.obj
 0001:0000def0       ?_Alloc_proxy@?$_Vector_alloc@$0A@U?$_Vec_base_types@PAUFpDeviceInfo@@V?$allocator@PAUFpDeviceInfo@@@std@@@std@@@std@@QAEXXZ 1000eef0 f i FpM5.obj
 0001:0000df50       ?_Buy@?$vector@PAUFpDeviceInfo@@V?$allocator@PAUFpDeviceInfo@@@std@@@std@@IAE_NI@Z 1000ef50 f i FpM5.obj
 0001:0000e000       ?_Buyheadnode@?$_Tree_alloc@$0A@U?$_Tree_base_types@U?$pair@$$CBNN@std@@V?$allocator@U?$pair@$$CBNN@std@@@2@@std@@@std@@QAEPAU?$_Tree_node@U?$pair@$$CBNN@std@@PAX@2@XZ 1000f000 f i FpM5.obj
 0001:0000e1c0       ?_Buynode0@?$_Tree_buy@U?$pair@$$CBNN@std@@V?$allocator@U?$pair@$$CBNN@std@@@2@@std@@QAEPAU?$_Tree_node@U?$pair@$$CBNN@std@@PAX@2@XZ 1000f1c0 f i FpM5.obj
 0001:0000e360       ?_Change_alloc@?$_String_alloc@$0A@U?$_String_base_types@DV?$allocator@D@std@@@std@@@std@@QAEXABU?$_Wrap_alloc@V?$allocator@D@std@@@2@@Z 1000f360 f i FpM5.obj
 0001:0000e370       ?_Clrcont@_Iterator_base12@std@@QAEXXZ 1000f370 f i FpM5.obj
 0001:0000e390       ?_Color@?$_Tree_val@U?$_Tree_simple_types@U?$pair@$$CBNN@std@@@std@@@std@@SAAADPAU?$_Tree_node@U?$pair@$$CBNN@std@@PAX@2@@Z 1000f390 f i FpM5.obj
 0001:0000e3a0       ?_Compat@?$_Vector_const_iterator@V?$_Vector_val@U?$_Simple_types@N@std@@@std@@@std@@QBEXABV12@@Z 1000f3a0 f i FpM5.obj
 0001:0000e470       ?_Compat@?$_Vector_const_iterator@V?$_Vector_val@U?$_Simple_types@PAUFpDeviceInfo@@@std@@@std@@@std@@QBEXABV12@@Z 1000f470 f i FpM5.obj
 0001:0000e540       ?_Destroy@?$vector@NV?$allocator@N@std@@@std@@IAEXPAN0@Z 1000f540 f i FpM5.obj
 0001:0000e580       ?_Destroy@?$vector@PAUFpDeviceInfo@@V?$allocator@PAUFpDeviceInfo@@@std@@@std@@IAEXPAPAUFpDeviceInfo@@0@Z 1000f580 f i FpM5.obj
 0001:0000e5c0       ?_Destroy_if_not_nil@?$_Tree@V?$_Tmap_traits@NNU?$less@N@std@@V?$allocator@U?$pair@$$CBNN@std@@@2@$0A@@std@@@std@@IAEXU_Nil@2@@Z 1000f5c0 f i FpM5.obj
 0001:0000e5d0       ?_Erase@?$_Tree@V?$_Tmap_traits@NNU?$less@N@std@@V?$allocator@U?$pair@$$CBNN@std@@@2@$0A@@std@@@std@@IAEXPAU?$_Tree_node@U?$pair@$$CBNN@std@@PAX@2@@Z 1000f5d0 f i FpM5.obj
 0001:0000e6a0       ?_Free_proxy@?$_Tree_alloc@$0A@U?$_Tree_base_types@U?$pair@$$CBNN@std@@V?$allocator@U?$pair@$$CBNN@std@@@2@@std@@@std@@QAEXXZ 1000f6a0 f i FpM5.obj
 0001:0000e710       ?_Free_proxy@?$_Vector_alloc@$0A@U?$_Vec_base_types@NV?$allocator@N@std@@@std@@@std@@QAEXXZ 1000f710 f i FpM5.obj
 0001:0000e770       ?_Free_proxy@?$_Vector_alloc@$0A@U?$_Vec_base_types@PAUFpDeviceInfo@@V?$allocator@PAUFpDeviceInfo@@@std@@@std@@@std@@QAEXXZ 1000f770 f i FpM5.obj
 0001:0000e7d0       ?_Freeheadnode@?$_Tree_alloc@$0A@U?$_Tree_base_types@U?$pair@$$CBNN@std@@V?$allocator@U?$pair@$$CBNN@std@@@2@@std@@@std@@QAEXPAU?$_Tree_node@U?$pair@$$CBNN@std@@PAX@2@@Z 1000f7d0 f i FpM5.obj
 0001:0000e8a0       ?_Freenode0@?$_Tree_buy@U?$pair@$$CBNN@std@@V?$allocator@U?$pair@$$CBNN@std@@@2@@std@@QAEXPAU?$_Tree_node@U?$pair@$$CBNN@std@@PAX@2@@Z 1000f8a0 f i FpM5.obj
 0001:0000e970       ?_Getal@?$_Tree_alloc@$0A@U?$_Tree_base_types@U?$pair@$$CBNN@std@@V?$allocator@U?$pair@$$CBNN@std@@@2@@std@@@std@@QBE?AU?$_Wrap_alloc@V?$allocator@U?$_Tree_node@U?$pair@$$CBNN@std@@PAX@std@@@std@@@2@XZ 1000f970 f i FpM5.obj
 0001:0000e990       ?_Getal@?$_Vector_alloc@$0A@U?$_Vec_base_types@NV?$allocator@N@std@@@std@@@std@@QBE?AU?$_Wrap_alloc@V?$allocator@N@std@@@2@XZ 1000f990 f i FpM5.obj
 0001:0000e9b0       ?_Getal@?$_Vector_alloc@$0A@U?$_Vec_base_types@PAUFpDeviceInfo@@V?$allocator@PAUFpDeviceInfo@@@std@@@std@@@std@@QBE?AU?$_Wrap_alloc@V?$allocator@PAUFpDeviceInfo@@@std@@@2@XZ 1000f9b0 f i FpM5.obj
 0001:0000e9d0       ?_Getcomp@?$_Tree_comp@$0A@V?$_Tmap_traits@NNU?$less@N@std@@V?$allocator@U?$pair@$$CBNN@std@@@2@$0A@@std@@@std@@QBE?AU?$less@N@2@XZ 1000f9d0 f i FpM5.obj
 0001:0000e9f0       ?_Getcont@_Iterator_base12@std@@QBEPBU_Container_base12@2@XZ 1000f9f0 f i FpM5.obj
 0001:0000ea30       ?_Getpnext@_Iterator_base12@std@@QAEPAPAU12@XZ 1000fa30 f i FpM5.obj
 0001:0000ea50       ?_Grow_to@?$vector@NV?$allocator@N@std@@@std@@IBEII@Z 1000fa50 f i FpM5.obj
 0001:0000eac0       ?_Grow_to@?$vector@PAUFpDeviceInfo@@V?$allocator@PAUFpDeviceInfo@@@std@@@std@@IBEII@Z 1000fac0 f i FpM5.obj
 0001:0000eb30       ?_Inside@?$vector@NV?$allocator@N@std@@@std@@IBE_NPBN@Z 1000fb30 f i FpM5.obj
 0001:0000eb80       ?_Inside@?$vector@PAUFpDeviceInfo@@V?$allocator@PAUFpDeviceInfo@@@std@@@std@@IBE_NPBQAUFpDeviceInfo@@@Z 1000fb80 f i FpM5.obj
 0001:0000ebd0       ?_Isnil@?$_Tree_val@U?$_Tree_simple_types@U?$pair@$$CBNN@std@@@std@@@std@@SAAADPAU?$_Tree_node@U?$pair@$$CBNN@std@@PAX@2@@Z 1000fbd0 f i FpM5.obj
 0001:0000ebe0       ?_Key@?$_Tree@V?$_Tmap_traits@NNU?$less@N@std@@V?$allocator@U?$pair@$$CBNN@std@@@2@$0A@@std@@@std@@IBEABNPAU?$_Tree_node@U?$pair@$$CBNN@std@@PAX@2@@Z 1000fbe0 f i FpM5.obj
 0001:0000ec10       ?_Kfn@?$_Tree@V?$_Tmap_traits@NNU?$less@N@std@@V?$allocator@U?$pair@$$CBNN@std@@@2@$0A@@std@@@std@@IBEABNABU?$pair@$$CBNN@2@@Z 1000fc10 f i FpM5.obj
 0001:0000ec30       ?_Lbound@?$_Tree@V?$_Tmap_traits@NNU?$less@N@std@@V?$allocator@U?$pair@$$CBNN@std@@@2@$0A@@std@@@std@@IAEPAU?$_Tree_node@U?$pair@$$CBNN@std@@PAX@2@ABN@Z 1000fc30 f i FpM5.obj
 0001:0000ed00       ?_Left@?$_Tree_val@U?$_Tree_simple_types@U?$pair@$$CBNN@std@@@std@@@std@@SAAAPAU?$_Tree_node@U?$pair@$$CBNN@std@@PAX@2@PAU32@@Z 1000fd00 f i FpM5.obj
 0001:0000ed10       ?_Lmost@?$_Tree@V?$_Tmap_traits@NNU?$less@N@std@@V?$allocator@U?$pair@$$CBNN@std@@@2@$0A@@std@@@std@@IBEAAPAU?$_Tree_node@U?$pair@$$CBNN@std@@PAX@2@XZ 1000fd10 f i FpM5.obj
 0001:0000ed30       ?_Lrotate@?$_Tree@V?$_Tmap_traits@NNU?$less@N@std@@V?$allocator@U?$pair@$$CBNN@std@@@2@$0A@@std@@@std@@IAEXPAU?$_Tree_node@U?$pair@$$CBNN@std@@PAX@2@@Z 1000fd30 f i FpM5.obj
 0001:0000eeb0       ?_Make_iter@?$vector@PAUFpDeviceInfo@@V?$allocator@PAUFpDeviceInfo@@@std@@@std@@QBE?AV?$_Vector_iterator@V?$_Vector_val@U?$_Simple_types@PAUFpDeviceInfo@@@std@@@std@@@2@V?$_Vector_const_iterator@V?$_Vector_val@U?$_Simple_types@PAUFpDeviceInfo@@@std@@@std@@@2@@Z 1000feb0 f i FpM5.obj
 0001:0000ef40       ?_Max@?$_Tree_val@U?$_Tree_simple_types@U?$pair@$$CBNN@std@@@std@@@std@@SAPAU?$_Tree_node@U?$pair@$$CBNN@std@@PAX@2@PAU32@@Z 1000ff40 f i FpM5.obj
 0001:0000ef90       ?_Min@?$_Tree_val@U?$_Tree_simple_types@U?$pair@$$CBNN@std@@@std@@@std@@SAPAU?$_Tree_node@U?$pair@$$CBNN@std@@PAX@2@PAU32@@Z 1000ff90 f i FpM5.obj
 0001:0000efe0       ?_Mynode@?$_Tree_unchecked_const_iterator@V?$_Tree_val@U?$_Tree_simple_types@U?$pair@$$CBNN@std@@@std@@@std@@U_Iterator_base12@2@@std@@QBEPAU?$_Tree_node@U?$pair@$$CBNN@std@@PAX@2@XZ 1000ffe0 f i FpM5.obj
 0001:0000f000       ?_Myval@?$_Tree_val@U?$_Tree_simple_types@U?$pair@$$CBNN@std@@@std@@@std@@SAAAU?$pair@$$CBNN@2@PAU?$_Tree_node@U?$pair@$$CBNN@std@@PAX@2@@Z 10010000 f i FpM5.obj
 0001:0000f010       ?_Orphan_me@_Iterator_base12@std@@QAEXXZ 10010010 f i FpM5.obj
 0001:0000f0a0       ?_Orphan_ptr@?$_Tree@V?$_Tmap_traits@NNU?$less@N@std@@V?$allocator@U?$pair@$$CBNN@std@@@2@$0A@@std@@@std@@IBEXAAV12@PAU?$_Tree_node@U?$pair@$$CBNN@std@@PAX@2@@Z 100100a0 f i FpM5.obj
 0001:0000f1a0       ?_Orphan_range@?$vector@NV?$allocator@N@std@@@std@@IBEXPAN0@Z 100101a0 f i FpM5.obj
 0001:0000f290       ?_Orphan_range@?$vector@PAUFpDeviceInfo@@V?$allocator@PAUFpDeviceInfo@@@std@@@std@@IBEXPAPAUFpDeviceInfo@@0@Z 10010290 f i FpM5.obj
 0001:0000f380       ?_Parent@?$_Tree_val@U?$_Tree_simple_types@U?$pair@$$CBNN@std@@@std@@@std@@SAAAPAU?$_Tree_node@U?$pair@$$CBNN@std@@PAX@2@PAU32@@Z 10010380 f i FpM5.obj
 0001:0000f390       ?_Reallocate@?$vector@NV?$allocator@N@std@@@std@@IAEXI@Z 10010390 f i FpM5.obj
 0001:0000f520       ?_Reallocate@?$vector@PAUFpDeviceInfo@@V?$allocator@PAUFpDeviceInfo@@@std@@@std@@IAEXI@Z 10010520 f i FpM5.obj
 0001:0000f6b0       ?_Reserve@?$vector@NV?$allocator@N@std@@@std@@IAEXI@Z 100106b0 f i FpM5.obj
 0001:0000f720       ?_Reserve@?$vector@PAUFpDeviceInfo@@V?$allocator@PAUFpDeviceInfo@@@std@@@std@@IAEXI@Z 10010720 f i FpM5.obj
 0001:0000f790       ?_Right@?$_Tree_val@U?$_Tree_simple_types@U?$pair@$$CBNN@std@@@std@@@std@@SAAAPAU?$_Tree_node@U?$pair@$$CBNN@std@@PAX@2@PAU32@@Z 10010790 f i FpM5.obj
 0001:0000f7a0       ?_Rmost@?$_Tree@V?$_Tmap_traits@NNU?$less@N@std@@V?$allocator@U?$pair@$$CBNN@std@@@2@$0A@@std@@@std@@IBEAAPAU?$_Tree_node@U?$pair@$$CBNN@std@@PAX@2@XZ 100107a0 f i FpM5.obj
 0001:0000f7c0       ?_Root@?$_Tree@V?$_Tmap_traits@NNU?$less@N@std@@V?$allocator@U?$pair@$$CBNN@std@@@2@$0A@@std@@@std@@IBEAAPAU?$_Tree_node@U?$pair@$$CBNN@std@@PAX@2@XZ 100107c0 f i FpM5.obj
 0001:0000f7e0       ?_Rrotate@?$_Tree@V?$_Tmap_traits@NNU?$less@N@std@@V?$allocator@U?$pair@$$CBNN@std@@@2@$0A@@std@@@std@@IAEXPAU?$_Tree_node@U?$pair@$$CBNN@std@@PAX@2@@Z 100107e0 f i FpM5.obj
 0001:0000f960       ?_Tidy@?$_Tree@V?$_Tmap_traits@NNU?$less@N@std@@V?$allocator@U?$pair@$$CBNN@std@@@2@$0A@@std@@@std@@IAEXXZ 10010960 f i FpM5.obj
 0001:0000fa70       ?_Tidy@?$vector@NV?$allocator@N@std@@@std@@IAEXXZ 10010a70 f i FpM5.obj
 0001:0000fb10       ?_Tidy@?$vector@PAUFpDeviceInfo@@V?$allocator@PAUFpDeviceInfo@@@std@@@std@@IAEXXZ 10010b10 f i FpM5.obj
 0001:0000fbb0       ?_Unchecked@?$_Vector_const_iterator@V?$_Vector_val@U?$_Simple_types@PAUFpDeviceInfo@@@std@@@std@@@std@@QBEPBQAUFpDeviceInfo@@XZ 10010bb0 f i FpM5.obj
 0001:0000fbd0       ?_Unchecked@?$_Vector_iterator@V?$_Vector_val@U?$_Simple_types@N@std@@@std@@@std@@QBEPANXZ 10010bd0 f i FpM5.obj
 0001:0000fbf0       ?_Unused_capacity@?$vector@NV?$allocator@N@std@@@std@@QBEIXZ 10010bf0 f i FpM5.obj
 0001:0000fc10       ?_Unused_capacity@?$vector@PAUFpDeviceInfo@@V?$allocator@PAUFpDeviceInfo@@@std@@@std@@QBEIXZ 10010c10 f i FpM5.obj
 0001:0000fc30       ?_Xlen@?$vector@NV?$allocator@N@std@@@std@@IBEXXZ 10010c30 f i FpM5.obj
 0001:0000fc50       ?_Xlen@?$vector@PAUFpDeviceInfo@@V?$allocator@PAUFpDeviceInfo@@@std@@@std@@IBEXXZ 10010c50 f i FpM5.obj
 0001:0000fc70       ?abs@@YANN@Z               10010c70 f i FpM5.obj
 0001:0000fc90       ?allocate@?$_Wrap_alloc@V?$allocator@N@std@@@std@@QAEPANI@Z 10010c90 f i FpM5.obj
 0001:0000fcb0       ?allocate@?$_Wrap_alloc@V?$allocator@PAUFpDeviceInfo@@@std@@@std@@QAEPAPAUFpDeviceInfo@@I@Z 10010cb0 f i FpM5.obj
 0001:0000fcd0       ?allocate@?$_Wrap_alloc@V?$allocator@U?$_Tree_node@U?$pair@$$CBNN@std@@PAX@std@@@std@@@std@@QAEPAU?$_Tree_node@U?$pair@$$CBNN@std@@PAX@2@I@Z 10010cd0 f i FpM5.obj
 0001:0000fcf0       ?allocate@?$_Wrap_alloc@V?$allocator@U_Container_proxy@std@@@std@@@std@@QAEPAU_Container_proxy@2@I@Z 10010cf0 f i FpM5.obj
 0001:0000fd10       ?allocate@?$allocator@N@std@@QAEPANI@Z 10010d10 f i FpM5.obj
 0001:0000fd40       ?allocate@?$allocator@PAUFpDeviceInfo@@@std@@QAEPAPAUFpDeviceInfo@@I@Z 10010d40 f i FpM5.obj
 0001:0000fd70       ?allocate@?$allocator@U?$_Tree_node@U?$pair@$$CBNN@std@@PAX@std@@@std@@QAEPAU?$_Tree_node@U?$pair@$$CBNN@std@@PAX@2@I@Z 10010d70 f i FpM5.obj
 0001:0000fda0       ?assign@?$basic_string@DU?$char_traits@D@std@@V?$allocator@D@2@@std@@QAEAAV12@ABV12@@Z 10010da0 f i FpM5.obj
 0001:0000fdd0       ?begin@?$_Tree@V?$_Tmap_traits@NNU?$less@N@std@@V?$allocator@U?$pair@$$CBNN@std@@@2@$0A@@std@@@std@@QAE?AV?$_Tree_iterator@V?$_Tree_val@U?$_Tree_simple_types@U?$pair@$$CBNN@std@@@std@@@std@@@2@XZ 10010dd0 f i FpM5.obj
 0001:0000fe00       ?begin@?$vector@NV?$allocator@N@std@@@std@@QAE?AV?$_Vector_iterator@V?$_Vector_val@U?$_Simple_types@N@std@@@std@@@2@XZ 10010e00 f i FpM5.obj
 0001:0000fe30       ?begin@?$vector@PAUFpDeviceInfo@@V?$allocator@PAUFpDeviceInfo@@@std@@@std@@QAE?AV?$_Vector_iterator@V?$_Vector_val@U?$_Simple_types@PAUFpDeviceInfo@@@std@@@std@@@2@XZ 10010e30 f i FpM5.obj
 0001:0000fe60       ?begin@?$vector@PAUFpDeviceInfo@@V?$allocator@PAUFpDeviceInfo@@@std@@@std@@QBE?AV?$_Vector_const_iterator@V?$_Vector_val@U?$_Simple_types@PAUFpDeviceInfo@@@std@@@std@@@2@XZ 10010e60 f i FpM5.obj
 0001:0000fe90       ?capacity@?$vector@NV?$allocator@N@std@@@std@@QBEIXZ 10010e90 f i FpM5.obj
 0001:0000feb0       ?capacity@?$vector@PAUFpDeviceInfo@@V?$allocator@PAUFpDeviceInfo@@@std@@@std@@QBEIXZ 10010eb0 f i FpM5.obj
 0001:0000fed0       ?clear@?$_Tree@V?$_Tmap_traits@NNU?$less@N@std@@V?$allocator@U?$pair@$$CBNN@std@@@2@$0A@@std@@@std@@QAEXXZ 10010ed0 f i FpM5.obj
 0001:0000ff50       ?clear@?$vector@PAUFpDeviceInfo@@V?$allocator@PAUFpDeviceInfo@@@std@@@std@@QAEXXZ 10010f50 f i FpM5.obj
 0001:0000ffa0       ?compare@?$basic_string@DU?$char_traits@D@std@@V?$allocator@D@2@@std@@QBEHABV12@@Z 10010fa0 f i FpM5.obj
 0001:0000ffe0       ?compare@?$basic_string@DU?$char_traits@D@std@@V?$allocator@D@2@@std@@QBEHIIPBDI@Z 10010fe0 f i FpM5.obj
 0001:000100f0       ?compare@?$basic_string@DU?$char_traits@D@std@@V?$allocator@D@2@@std@@QBEHPBD@Z 100110f0 f i FpM5.obj
 0001:00010150       ?compare@?$char_traits@D@std@@SAHPBD0I@Z 10011150 f i FpM5.obj
 0001:00010190       ?construct@?$allocator@N@std@@QAEXPANABN@Z 10011190 f i FpM5.obj
 0001:000101f0       ?construct@?$allocator@PAUFpDeviceInfo@@@std@@QAEXPAPAUFpDeviceInfo@@ABQAU3@@Z 100111f0 f i FpM5.obj
 0001:00010240       ?deallocate@?$_Wrap_alloc@V?$allocator@N@std@@@std@@QAEXPANI@Z 10011240 f i FpM5.obj
 0001:00010270       ?deallocate@?$_Wrap_alloc@V?$allocator@PAUFpDeviceInfo@@@std@@@std@@QAEXPAPAUFpDeviceInfo@@I@Z 10011270 f i FpM5.obj
 0001:000102a0       ?deallocate@?$_Wrap_alloc@V?$allocator@U?$_Tree_node@U?$pair@$$CBNN@std@@PAX@std@@@std@@@std@@QAEXPAU?$_Tree_node@U?$pair@$$CBNN@std@@PAX@2@I@Z 100112a0 f i FpM5.obj
 0001:000102d0       ?deallocate@?$_Wrap_alloc@V?$allocator@U_Container_proxy@std@@@std@@@std@@QAEXPAU_Container_proxy@2@I@Z 100112d0 f i FpM5.obj
 0001:00010300       ?deallocate@?$allocator@N@std@@QAEXPANI@Z 10011300 f i FpM5.obj
 0001:00010320       ?deallocate@?$allocator@PAUFpDeviceInfo@@@std@@QAEXPAPAUFpDeviceInfo@@I@Z 10011320 f i FpM5.obj
 0001:00010340       ?deallocate@?$allocator@U?$_Tree_node@U?$pair@$$CBNN@std@@PAX@std@@@std@@QAEXPAU?$_Tree_node@U?$pair@$$CBNN@std@@PAX@2@I@Z 10011340 f i FpM5.obj
 0001:00010360       ?end@?$_Tree@V?$_Tmap_traits@NNU?$less@N@std@@V?$allocator@U?$pair@$$CBNN@std@@@2@$0A@@std@@@std@@QAE?AV?$_Tree_iterator@V?$_Tree_val@U?$_Tree_simple_types@U?$pair@$$CBNN@std@@@std@@@std@@@2@XZ 10011360 f i FpM5.obj
 0001:00010390       ?end@?$vector@NV?$allocator@N@std@@@std@@QAE?AV?$_Vector_iterator@V?$_Vector_val@U?$_Simple_types@N@std@@@std@@@2@XZ 10011390 f i FpM5.obj
 0001:000103c0       ?end@?$vector@PAUFpDeviceInfo@@V?$allocator@PAUFpDeviceInfo@@@std@@@std@@QAE?AV?$_Vector_iterator@V?$_Vector_val@U?$_Simple_types@PAUFpDeviceInfo@@@std@@@std@@@2@XZ 100113c0 f i FpM5.obj
 0001:000103f0       ?end@?$vector@PAUFpDeviceInfo@@V?$allocator@PAUFpDeviceInfo@@@std@@@std@@QBE?AV?$_Vector_const_iterator@V?$_Vector_val@U?$_Simple_types@PAUFpDeviceInfo@@@std@@@std@@@2@XZ 100113f0 f i FpM5.obj
 0001:00010420       ?erase@?$_Tree@V?$_Tmap_traits@NNU?$less@N@std@@V?$allocator@U?$pair@$$CBNN@std@@@2@$0A@@std@@@std@@QAE?AV?$_Tree_iterator@V?$_Tree_val@U?$_Tree_simple_types@U?$pair@$$CBNN@std@@@std@@@std@@@2@V?$_Tree_const_iterator@V?$_Tree_val@U?$_Tree_simple_types@U?$pair@$$CBNN@std@@@std@@@std@@@2@0@Z 10011420 f i FpM5.obj
 0001:00010680       ?erase@?$_Tree@V?$_Tmap_traits@NNU?$less@N@std@@V?$allocator@U?$pair@$$CBNN@std@@@2@$0A@@std@@@std@@QAE?AV?$_Tree_iterator@V?$_Tree_val@U?$_Tree_simple_types@U?$pair@$$CBNN@std@@@std@@@std@@@2@V?$_Tree_const_iterator@V?$_Tree_val@U?$_Tree_simple_types@U?$pair@$$CBNN@std@@@std@@@std@@@2@@Z 10011680 f i FpM5.obj
 0001:000110a0       ?erase@?$vector@PAUFpDeviceInfo@@V?$allocator@PAUFpDeviceInfo@@@std@@@std@@QAE?AV?$_Vector_iterator@V?$_Vector_val@U?$_Simple_types@PAUFpDeviceInfo@@@std@@@std@@@2@V?$_Vector_const_iterator@V?$_Vector_val@U?$_Simple_types@PAUFpDeviceInfo@@@std@@@std@@@2@@Z 100120a0 f i FpM5.obj
 0001:00011200       ?find@?$_Tree@V?$_Tmap_traits@NNU?$less@N@std@@V?$allocator@U?$pair@$$CBNN@std@@@2@$0A@@std@@@std@@QAE?AV?$_Tree_iterator@V?$_Tree_val@U?$_Tree_simple_types@U?$pair@$$CBNN@std@@@std@@@std@@@2@ABN@Z 10012200 f i FpM5.obj
 0001:00011410       ?get_allocator@?$basic_string@DU?$char_traits@D@std@@V?$allocator@D@2@@std@@QBE?AV?$allocator@D@2@XZ 10012410 f i FpM5.obj
 0001:00011440       ?insert@?$_Tree@V?$_Tmap_traits@NNU?$less@N@std@@V?$allocator@U?$pair@$$CBNN@std@@@2@$0A@@std@@@std@@QAE?AU?$pair@V?$_Tree_iterator@V?$_Tree_val@U?$_Tree_simple_types@U?$pair@$$CBNN@std@@@std@@@std@@@std@@_N@2@$$QAU?$pair@$$CBNN@2@@Z 10012440 f i FpM5.obj
 0001:000114a0       ?lower_bound@?$_Tree@V?$_Tmap_traits@NNU?$less@N@std@@V?$allocator@U?$pair@$$CBNN@std@@@2@$0A@@std@@@std@@QAE?AV?$_Tree_iterator@V?$_Tree_val@U?$_Tree_simple_types@U?$pair@$$CBNN@std@@@std@@@std@@@2@ABN@Z 100124a0 f i FpM5.obj
 0001:000114f0       ?max_size@?$_Tree@V?$_Tmap_traits@NNU?$less@N@std@@V?$allocator@U?$pair@$$CBNN@std@@@2@$0A@@std@@@std@@QBEIXZ 100124f0 f i FpM5.obj
 0001:00011520       ?max_size@?$_Wrap_alloc@V?$allocator@N@std@@@std@@QBEIXZ 10012520 f i FpM5.obj
 0001:00011540       ?max_size@?$_Wrap_alloc@V?$allocator@PAUFpDeviceInfo@@@std@@@std@@QBEIXZ 10012540 f i FpM5.obj
 0001:00011560       ?max_size@?$_Wrap_alloc@V?$allocator@U?$_Tree_node@U?$pair@$$CBNN@std@@PAX@std@@@std@@@std@@QBEIXZ 10012560 f i FpM5.obj
 0001:00011580       ?max_size@?$allocator@N@std@@QBEIXZ 10012580 f i FpM5.obj
 0001:000115a0       ?max_size@?$allocator@PAUFpDeviceInfo@@@std@@QBEIXZ 100125a0 f i FpM5.obj
 0001:000115c0       ?max_size@?$allocator@U?$_Tree_node@U?$pair@$$CBNN@std@@PAX@std@@@std@@QBEIXZ 100125c0 f i FpM5.obj
 0001:000115e0       ?max_size@?$allocator_traits@V?$allocator@N@std@@@std@@SAIABV?$allocator@N@2@@Z 100125e0 f i FpM5.obj
 0001:000115f0       ?max_size@?$allocator_traits@V?$allocator@PAUFpDeviceInfo@@@std@@@std@@SAIABV?$allocator@PAUFpDeviceInfo@@@2@@Z 100125f0 f i FpM5.obj
 0001:00011600       ?max_size@?$allocator_traits@V?$allocator@U?$_Tree_node@U?$pair@$$CBNN@std@@PAX@std@@@std@@@std@@SAIABV?$allocator@U?$_Tree_node@U?$pair@$$CBNN@std@@PAX@std@@@2@@Z 10012600 f i FpM5.obj
 0001:00011610       ?max_size@?$vector@NV?$allocator@N@std@@@std@@QBEIXZ 10012610 f i FpM5.obj
 0001:00011640       ?max_size@?$vector@PAUFpDeviceInfo@@V?$allocator@PAUFpDeviceInfo@@@std@@@std@@QBEIXZ 10012640 f i FpM5.obj
 0001:00011670       ?pointer_to@?$pointer_traits@PAU?$pair@$$CBNN@std@@@std@@SAPAU?$pair@$$CBNN@2@AAU32@@Z 10012670 f i FpM5.obj
 0001:00011690       ?push_back@?$vector@NV?$allocator@N@std@@@std@@QAEXABN@Z 10012690 f i FpM5.obj
 0001:000117e0       ?push_back@?$vector@PAUFpDeviceInfo@@V?$allocator@PAUFpDeviceInfo@@@std@@@std@@QAEXABQAUFpDeviceInfo@@@Z 100127e0 f i FpM5.obj
 0001:00011930       ?select_on_container_copy_construction@?$_Wrap_alloc@V?$allocator@PAUFpDeviceInfo@@@std@@@std@@QBE?AU12@XZ 10012930 f i FpM5.obj
 0001:00011970       ?select_on_container_copy_construction@?$allocator@PAUFpDeviceInfo@@@std@@QBE?AV12@XZ 10012970 f i FpM5.obj
 0001:000119a0       ?select_on_container_copy_construction@?$allocator_traits@V?$allocator@PAUFpDeviceInfo@@@std@@@std@@SA?AV?$allocator@PAUFpDeviceInfo@@@2@ABV32@@Z 100129a0 f i FpM5.obj
 0001:000119c0       ?size@?$vector@NV?$allocator@N@std@@@std@@QBEIXZ 100129c0 f i FpM5.obj
 0001:000119e0       ?size@?$vector@PAUFpDeviceInfo@@V?$allocator@PAUFpDeviceInfo@@@std@@@std@@QBEIXZ 100129e0 f i FpM5.obj
 0001:00011a00       ?substr@?$basic_string@DU?$char_traits@D@std@@V?$allocator@D@2@@std@@QBE?AV12@II@Z 10012a00 f i FpM5.obj
 0001:00011a60       _FPBRIDGE_GetDevicesList   10012a60 f   FpBridgeAPI.obj
 0001:00011a70       _FPBRIDGE_Open             10012a70 f   FpBridgeAPI.obj
 0001:00011a80       _FPBRIDGE_Close            10012a80 f   FpBridgeAPI.obj
 0001:00011aa0       ??0FpBridge@@QAE@V?$basic_string@DU?$char_traits@D@std@@V?$allocator@D@2@@std@@@Z 10012aa0 f   FpBridge.obj
 0001:00011b10       ??1FpBridge@@UAE@XZ        10012b10 f   FpBridge.obj
 0001:00011b30       ?GetDeviceList@FpBridge@@SAIW4FpDeviceType@@AAV?$vector@V?$basic_string@DU?$char_traits@D@std@@V?$allocator@D@2@@std@@V?$allocator@V?$basic_string@DU?$char_traits@D@std@@V?$allocator@D@2@@std@@@2@@std@@@Z 10012b30 f   FpBridge.obj
 0001:00011bc0       ?CreateDeviceInstance@FpBridge@@SAIV?$basic_string@DU?$char_traits@D@std@@V?$allocator@D@2@@std@@W4FpDeviceType@@AAPAV1@@Z 10012bc0 f   FpBridge.obj
 0001:00011ea0       ??$_Allocate@V?$basic_string@DU?$char_traits@D@std@@V?$allocator@D@2@@std@@@std@@YAPAV?$basic_string@DU?$char_traits@D@std@@V?$allocator@D@2@@0@IPAV10@@Z 10012ea0 f i FpBridge.obj
 0001:00011ef0       ??$_Debug_pointer@V?$basic_string@DU?$char_traits@D@std@@V?$allocator@D@2@@std@@@std@@YAXPAV?$basic_string@DU?$char_traits@D@std@@V?$allocator@D@2@@0@PB_WI@Z 10012ef0 f i FpBridge.obj
 0001:00011f20       ??$_Debug_range2@PAV?$basic_string@DU?$char_traits@D@std@@V?$allocator@D@2@@std@@@std@@YAXPAV?$basic_string@DU?$char_traits@D@std@@V?$allocator@D@2@@0@0PB_WIUrandom_access_iterator_tag@0@@Z 10012f20 f i FpBridge.obj
 0001:00011f90       ??$_Debug_range@PAV?$basic_string@DU?$char_traits@D@std@@V?$allocator@D@2@@std@@@std@@YAXPAV?$basic_string@DU?$char_traits@D@std@@V?$allocator@D@2@@0@0PB_WI@Z 10012f90 f i FpBridge.obj
 0001:00011fe0       ??$_Destroy_range@U?$_Wrap_alloc@V?$allocator@V?$basic_string@DU?$char_traits@D@std@@V?$allocator@D@2@@std@@@std@@@std@@@std@@YAXPAV?$basic_string@DU?$char_traits@D@std@@V?$allocator@D@2@@0@0AAU?$_Wrap_alloc@V?$allocator@V?$basic_string@DU?$char_traits@D@std@@V?$allocator@D@2@@std@@@std@@@0@@Z 10012fe0 f i FpBridge.obj
 0001:00012030       ??$_Destroy_range@U?$_Wrap_alloc@V?$allocator@V?$basic_string@DU?$char_traits@D@std@@V?$allocator@D@2@@std@@@std@@@std@@@std@@YAXPAV?$basic_string@DU?$char_traits@D@std@@V?$allocator@D@2@@0@0AAU?$_Wrap_alloc@V?$allocator@V?$basic_string@DU?$char_traits@D@std@@V?$allocator@D@2@@std@@@std@@@0@U_Nonscalar_ptr_iterator_tag@0@@Z 10013030 f i FpBridge.obj
 0001:00012060       ??$_Fill_n@PAPAUFpDeviceInfo@@IPAU1@@std@@YAPAPAUFpDeviceInfo@@PAPAU1@IABQAU1@@Z 10013060 f i FpBridge.obj
 0001:000120a0       ??$_Iter_cat@PAV?$basic_string@DU?$char_traits@D@std@@V?$allocator@D@2@@std@@@std@@YA?AUrandom_access_iterator_tag@0@ABQAV?$basic_string@DU?$char_traits@D@std@@V?$allocator@D@2@@0@@Z 100130a0 f i FpBridge.obj
 0001:000120c0       ??$_Ptr_cat@V?$basic_string@DU?$char_traits@D@std@@V?$allocator@D@2@@std@@V12@@std@@YA?AU_Nonscalar_ptr_iterator_tag@0@PAV?$basic_string@DU?$char_traits@D@std@@V?$allocator@D@2@@0@0@Z 100130c0 f i FpBridge.obj
 0001:000120d0       ??$_Rechecked@PAV?$basic_string@DU?$char_traits@D@std@@V?$allocator@D@2@@std@@PAV12@@std@@YAAAPAV?$basic_string@DU?$char_traits@D@std@@V?$allocator@D@2@@0@AAPAV10@PAV10@@Z 100130d0 f i FpBridge.obj
 0001:000120f0       ??$_Umove@PAV?$basic_string@DU?$char_traits@D@std@@V?$allocator@D@2@@std@@@?$vector@V?$basic_string@DU?$char_traits@D@std@@V?$allocator@D@2@@std@@V?$allocator@V?$basic_string@DU?$char_traits@D@std@@V?$allocator@D@2@@std@@@2@@std@@IAEPAV?$basic_string@DU?$char_traits@D@std@@V?$allocator@D@2@@1@PAV21@00@Z 100130f0 f i FpBridge.obj
 0001:00012130       ??$_Unchecked@PAV?$basic_string@DU?$char_traits@D@std@@V?$allocator@D@2@@std@@@std@@YAPAV?$basic_string@DU?$char_traits@D@std@@V?$allocator@D@2@@0@PAV10@@Z 10013130 f i FpBridge.obj
 0001:00012140       ??$_Uninit_def_fill_n@PAUFpDeviceInfo@@IPAU1@@std@@YAXPAPAUFpDeviceInfo@@IAAU?$_Wrap_alloc@V?$allocator@PAUFpDeviceInfo@@@std@@@0@0U_Scalar_ptr_iterator_tag@0@@Z 10013140 f i FpBridge.obj
 0001:00012170       ??$_Uninit_move@PAV?$basic_string@DU?$char_traits@D@std@@V?$allocator@D@2@@std@@PAV12@U?$_Wrap_alloc@V?$allocator@V?$basic_string@DU?$char_traits@D@std@@V?$allocator@D@2@@std@@@std@@@2@@std@@YAPAV?$basic_string@DU?$char_traits@D@std@@V?$allocator@D@2@@0@PAV10@00AAU?$_Wrap_alloc@V?$allocator@V?$basic_string@DU?$char_traits@D@std@@V?$allocator@D@2@@std@@@std@@@0@@Z 10013170 f i FpBridge.obj
 0001:000121d0       ??$_Uninit_move@PAV?$basic_string@DU?$char_traits@D@std@@V?$allocator@D@2@@std@@PAV12@V?$allocator@V?$basic_string@DU?$char_traits@D@std@@V?$allocator@D@2@@std@@@2@V12@@std@@YAPAV?$basic_string@DU?$char_traits@D@std@@V?$allocator@D@2@@0@PAV10@00AAU?$_Wrap_alloc@V?$allocator@V?$basic_string@DU?$char_traits@D@std@@V?$allocator@D@2@@std@@@std@@@0@0U_Nonscalar_ptr_iterator_tag@0@@Z 100131d0 f i FpBridge.obj
 0001:00012300       ??$_Uninitialized_default_fill_n@PAPAUFpDeviceInfo@@IU?$_Wrap_alloc@V?$allocator@PAUFpDeviceInfo@@@std@@@std@@@std@@YAXPAPAUFpDeviceInfo@@IAAU?$_Wrap_alloc@V?$allocator@PAUFpDeviceInfo@@@std@@@0@@Z 10013300 f i FpBridge.obj
 0001:00012360       ??$_Uninitialized_move@PAV?$basic_string@DU?$char_traits@D@std@@V?$allocator@D@2@@std@@PAV12@U?$_Wrap_alloc@V?$allocator@V?$basic_string@DU?$char_traits@D@std@@V?$allocator@D@2@@std@@@std@@@2@@std@@YAPAV?$basic_string@DU?$char_traits@D@std@@V?$allocator@D@2@@0@PAV10@00AAU?$_Wrap_alloc@V?$allocator@V?$basic_string@DU?$char_traits@D@std@@V?$allocator@D@2@@std@@@std@@@0@@Z 10013360 f i FpBridge.obj
 0001:000123c0       ??$_Val_type@PAV?$basic_string@DU?$char_traits@D@std@@V?$allocator@D@2@@std@@@std@@YAPAV?$basic_string@DU?$char_traits@D@std@@V?$allocator@D@2@@0@PAV10@@Z 100133c0 f i FpBridge.obj
 0001:000123d0       ??$addressof@$$CBV?$basic_string@DU?$char_traits@D@std@@V?$allocator@D@2@@std@@@std@@YAPBV?$basic_string@DU?$char_traits@D@std@@V?$allocator@D@2@@0@ABV10@@Z 100133d0 f i FpBridge.obj
 0001:000123e0       ??$construct@V?$basic_string@DU?$char_traits@D@std@@V?$allocator@D@2@@std@@AAV12@@?$_Wrap_alloc@V?$allocator@V?$basic_string@DU?$char_traits@D@std@@V?$allocator@D@2@@std@@@std@@@std@@QAEXPAV?$basic_string@DU?$char_traits@D@std@@V?$allocator@D@2@@1@AAV21@@Z 100133e0 f i FpBridge.obj
 0001:00012420       ??$construct@V?$basic_string@DU?$char_traits@D@std@@V?$allocator@D@2@@std@@AAV12@@?$allocator@V?$basic_string@DU?$char_traits@D@std@@V?$allocator@D@2@@std@@@std@@QAEXPAV?$basic_string@DU?$char_traits@D@std@@V?$allocator@D@2@@1@AAV21@@Z 10013420 f i FpBridge.obj
[...]
 0002:00001f00       ??_C@_1EG@OKCGOALM@?$AAm?$AAa?$AAp?$AA?1?$AAs?$AAe?$AAt?$AA?5?$AAi?$AAt?$AAe?$AAr?$AAa?$AAt?$AAo?$AAr?$AA?5?$AAn?$AAo?$AAt?$AA?5?$AAd?$AAe?$AAc?$AAr?$AAe?$AAm?$AAe?$AAn?$AAt?$AAa?$AAb@ 10020f00     FpM5.obj
 0002:00001f58       ??_C@_1BBA@OAAJKFII@?$AAs?$AAt?$AAd?$AA?3?$AA?3?$AA_?$AAT?$AAr?$AAe?$AAe?$AA_?$AAc?$AAo?$AAn?$AAs?$AAt?$AA_?$AAi?$AAt?$AAe?$AAr?$AAa?$AAt?$AAo?$AAr?$AA?$DM?$AAc?$AAl?$AAa?$AAs?$AAs?$AA?5@ 10020f58     FpM5.obj
 0002:000020a0       ??_C@_1CO@DGLIKNHI@?$AAi?$AAn?$AAv?$AAa?$AAl?$AAi?$AAd?$AA?5?$AAi?$AAt?$AAe?$AAr?$AAa?$AAt?$AAo?$AAr?$AA?5?$AAr?$AAa?$AAn?$AAg?$AAe?$AA?$AA@ 100210a0     FpM5.obj
 0002:000020d8       ??_C@_1EO@PJCGHJAE@?$AAC?$AA?3?$AA?2?$AAt?$AAo?$AAo?$AAl?$AAs?$AA?2?$AAM?$AAS?$AAV?$AAS?$AA2?$AA0?$AA1?$AA3?$AA?2?$AAV?$AAC?$AA?2?$AAI?$AAN?$AAC?$AAL?$AAU?$AAD?$AAE?$AA?2?$AAa?$AAl?$AAg@ 100210d8     FpM5.obj
 0002:00002138       ??_C@_0BE@JONHPENG@map?1set?$DMT?$DO?5too?5long?$AA@ 10021138     FpM5.obj
 0002:00002150       ??_C@_1ME@OFGOCAMP@?$AAs?$AAt?$AAd?$AA?3?$AA?3?$AA_?$AAV?$AAe?$AAc?$AAt?$AAo?$AAr?$AA_?$AAc?$AAo?$AAn?$AAs?$AAt?$AA_?$AAi?$AAt?$AAe?$AAr?$AAa?$AAt?$AAo?$AAr?$AA?$DM?$AAc?$AAl?$AAa?$AAs@ 10021150     FpM5.obj
 0002:00002240       ??_C@_1EK@PDEAPEKB@?$AAC?$AA?3?$AA?2?$AAt?$AAo?$AAo?$AAl?$AAs?$AA?2?$AAM?$AAS?$AAV?$AAS?$AA2?$AA0?$AA1?$AA3?$AA?2?$AAV?$AAC?$AA?2?$AAI?$AAN?$AAC?$AAL?$AAU?$AAD?$AAE?$AA?2?$AAx?$AAm?$AAe@ 10021240     FpM5.obj
 0002:00002298       ??_C@_1BK@KAECGCDK@?$AAi?$AAn?$AAv?$AAa?$AAl?$AAi?$AAd?$AA?5?$AAh?$AAe?$AAa?$AAp?$AA?$AA@ 10021298     FpM5.obj
 0002:000022b8       __real@0000000000000000    100212b8     FpM5.obj
 0002:000022c8       __real@3f547b0a3dc29000    100212c8     FpM5.obj
 0002:000022d8       __real@3f9999999999999a    100212d8     FpM5.obj
 0002:000022e8       __real@3fa999999999999a    100212e8     FpM5.obj
 0002:000022f8       __real@40233ae147ae147b    100212f8     FpM5.obj
 0002:00002308       __real@408f400000000000    10021308     FpM5.obj
 0002:00002318       __real@412e848000000000    10021318     FpM5.obj
 0002:00002330       __xmm@41f00000000000000000000000000000 10021330     FpM5.obj
 0002:00002368       ??_C@_1EI@FAOFNHNO@?$AAC?$AA?3?$AA?2?$AAt?$AAo?$AAo?$AAl?$AAs?$AA?2?$AAM?$AAS?$AAV?$AAS?$AA2?$AA0?$AA1?$AA3?$AA?2?$AAV?$AAC?$AA?2?$AAI?$AAN?$AAC?$AAL?$AAU?$AAD?$AAE?$AA?2?$AAb?$AAi?$AAt@ 10021368     libM5Drv:syna_mpsse.obj
 0002:000023b0       ??_C@_1DG@KGOFBLDH@?$AAb?$AAi?$AAt?$AAs?$AAe?$AAt?$AA?5?$AAi?$AAn?$AAd?$AAe?$AAx?$AA?5?$AAo?$AAu?$AAt?$AAs?$AAi?$AAd?$AAe?$AA?5?$AAr?$AAa?$AAn?$AAg?$AAe?$AA?$AA@ 100213b0     libM5Drv:syna_mpsse.obj
 0002:000023e8       ??_C@_0BD@FEJLAOB@bitset?$DMN?$DO?5overflow?$AA@ 100213e8     libM5Drv:syna_mpsse.obj
 0002:000023fc       ??_C@_0BL@HMFHJKFH@invalid?5bitset?$DMN?$DO?5position?$AA@ 100213fc     libM5Drv:syna_mpsse.obj
 0002:00002418       ??_C@_1MC@KPMPFEII@?$AA?$CI?$AA_?$AA_?$AAo?$AAn?$AAe?$AAx?$AAi?$AAt?$AAb?$AAe?$AAg?$AAi?$AAn?$AA?5?$AA?$CB?$AA?$DN?$AA?5?$AAN?$AAU?$AAL?$AAL?$AA?5?$AA?$CG?$AA?$CG?$AA?5?$AA_?$AA_?$AAo?$AAn?$AAe?$AAx@ 10021418     MSVCRTD:atonexit.obj
 0002:000024e0       ??_C@_1FK@IGIDCAPD@?$AAf?$AA?3?$AA?2?$AAd?$AAd?$AA?2?$AAv?$AAc?$AAt?$AAo?$AAo?$AAl?$AAs?$AA?2?$AAc?$AAr?$AAt?$AA?2?$AAc?$AAr?$AAt?$AAw?$AA3?$AA2?$AA?2?$AAd?$AAl?$AAl?$AAs?$AAt?$AAu?$AAf@ 100214e0     MSVCRTD:atonexit.obj
 0002:0000253c       ??_C@_0CN@LMJJPMEG@f?3?2dd?2vctools?2crt?2crtw32?2dllstuf@ 1002153c     MSVCRTD:atonexit.obj
 0002:00002570       ??_7type_info@@6B@         10021570     MSVCRTD:ti_inst.obj
 0002:00002604       __pRawDllMain              10021604     MSVCRTD:crtdll.obj
 0002:00002604       __pDefaultRawDllMain       10021604     MSVCRTD:crtdll.obj
 0002:00002608       ??_C@_0CL@CCAGLLEM@f?3?2dd?2vctools?2crt?2crtw32?2dllstuf@ 10021608     MSVCRTD:crtdll.obj
 0002:00002634       ?ProcessDetach@NativeDll@<CrtImplementationDetails>@@0IB 10021634     MSVCRTD:initsect.obj
 0002:00002638       ?ProcessAttach@NativeDll@<CrtImplementationDetails>@@0IB 10021638     MSVCRTD:initsect.obj
 0002:0000263c       ?ThreadAttach@NativeDll@<CrtImplementationDetails>@@0IB 1002163c     MSVCRTD:initsect.obj
 0002:00002640       ?ThreadDetach@NativeDll@<CrtImplementationDetails>@@0IB 10021640     MSVCRTD:initsect.obj
 0002:00002644       ?ProcessVerifier@NativeDll@<CrtImplementationDetails>@@0IB 10021644     MSVCRTD:initsect.obj
 0002:00002648       __load_config_used         10021648     MSVCRTD:loadcfg.obj
 0002:00002a60       ??_R4error_category@std@@6B@ 10021a60     FpSerialPort.obj
 0002:00002a78       ??_R3error_category@std@@8 10021a78     FpSerialPort.obj
 0002:00002a8c       ??_R2error_category@std@@8 10021a8c     FpSerialPort.obj
 0002:00002a94       ??_R1A@?0A@EA@error_category@std@@8 10021a94     FpSerialPort.obj
 0002:00002ab8       ??_R4_Generic_error_category@std@@6B@ 10021ab8     FpSerialPort.obj
 0002:00002ad0       ??_R3_Generic_error_category@std@@8 10021ad0     FpSerialPort.obj
 0002:00002ae4       ??_R2_Generic_error_category@std@@8 10021ae4     FpSerialPort.obj
 0002:00002af0       ??_R1A@?0A@EA@_Generic_error_category@std@@8 10021af0     FpSerialPort.obj
 0002:00002b14       ??_R4_Iostream_error_category@std@@6B@ 10021b14     FpSerialPort.obj
 0002:00002b2c       ??_R3_Iostream_error_category@std@@8 10021b2c     FpSerialPort.obj
 0002:00002b40       ??_R2_Iostream_error_category@std@@8 10021b40     FpSerialPort.obj
 0002:00002b50       ??_R1A@?0A@EA@_Iostream_error_category@std@@8 10021b50     FpSerialPort.obj
 0002:00002b74       ??_R4_System_error_category@std@@6B@ 10021b74     FpSerialPort.obj
 0002:00002b8c       ??_R3_System_error_category@std@@8 10021b8c     FpSerialPort.obj
 0002:00002ba0       ??_R2_System_error_category@std@@8 10021ba0     FpSerialPort.obj
 0002:00002bb0       ??_R1A@?0A@EA@_System_error_category@std@@8 10021bb0     FpSerialPort.obj
 0002:00002bd4       ??_R4FpSerialPort@@6B@     10021bd4     FpSerialPort.obj
 0002:00002bec       ??_R3FpSerialPort@@8       10021bec     FpSerialPort.obj
 0002:00002c00       ??_R2FpSerialPort@@8       10021c00     FpSerialPort.obj
 0002:00002c08       ??_R1A@?0A@EA@FpSerialPort@@8 10021c08     FpSerialPort.obj
 0002:00002c2c       ??_R4FpDeviceInfo@@6B@     10021c2c     FpM5.obj
 0002:00002c44       ??_R3FpDeviceInfo@@8       10021c44     FpM5.obj
 0002:00002c58       ??_R2FpDeviceInfo@@8       10021c58     FpM5.obj
 0002:00002c60       ??_R1A@?0A@EA@FpDeviceInfo@@8 10021c60     FpM5.obj
 0002:00002c84       ??_R4FpBridge@@6B@         10021c84     FpM5.obj
 0002:00002c9c       ??_R3FpBridge@@8           10021c9c     FpM5.obj
 0002:00002cb0       ??_R2FpBridge@@8           10021cb0     FpM5.obj
 0002:00002cb8       ??_R1A@?0A@EA@FpBridge@@8  10021cb8     FpM5.obj
 0002:00002cdc       ??_R4FpM5Info@@6B@         10021cdc     FpM5.obj
 0002:00002cf4       ??_R3FpM5Info@@8           10021cf4     FpM5.obj
 0002:00002d08       ??_R2FpM5Info@@8           10021d08     FpM5.obj
 0002:00002d14       ??_R1A@?0A@EA@FpM5Info@@8  10021d14     FpM5.obj
 0002:00002d38       ??_R4FpM5@@6B@             10021d38     FpM5.obj
 0002:00002d50       ??_R3FpM5@@8               10021d50     FpM5.obj
 0002:00002d64       ??_R2FpM5@@8               10021d64     FpM5.obj
 0002:00002d70       ??_R1A@?0A@EA@FpM5@@8      10021d70     FpM5.obj
 0002:00002d94       ??_R4type_info@@6B@        10021d94     MSVCRTD:ti_inst.obj
 0002:00002da8       ??_R3type_info@@8          10021da8     MSVCRTD:ti_inst.obj
 0002:00002db8       ??_R2type_info@@8          10021db8     MSVCRTD:ti_inst.obj
 0002:00002dc0       ??_R1A@?0A@EA@type_info@@8 10021dc0     MSVCRTD:ti_inst.obj
 0002:00002f00       ___rtc_iaa                 10021f00     MSVCRTD:initsect.obj
 0002:00003004       ___rtc_izz                 10022004     MSVCRTD:initsect.obj
 0002:00003108       ___rtc_taa                 10022108     MSVCRTD:initsect.obj
 0002:0000320c       ___rtc_tzz                 1002220c     MSVCRTD:initsect.obj
 0002:00004060       __CT??_R0?AVexception@std@@@8??0exception@std@@QAE@ABV01@@Z12 10023060     FpM5.obj
 0002:00004080       __TI1?AVexception@std@@    10023080     FpM5.obj
 0002:00004094       __CTA1?AVexception@std@@   10023094     FpM5.obj
 0003:00000000       ?_lowRngCorrection@FpM5@@0PAUImeasCorrectionTable@@A 10024000     FpM5.obj
 0003:0000040c       ___security_cookie         1002440c     MSVCRTD:gs_cookie.obj
 0003:00000410       ___security_cookie_complement 10024410     MSVCRTD:gs_cookie.obj
 0003:00000420       ___native_dllmain_reason   10024420     MSVCRTD:natstart.obj
 0003:0000052c       ??_R0?AVerror_category@std@@@8 1002452c     FpSerialPort.obj
 0003:00000554       ??_R0?AV_Generic_error_category@std@@@8 10024554     FpSerialPort.obj
 0003:00000588       ??_R0?AV_Iostream_error_category@std@@@8 10024588     FpSerialPort.obj
 0003:000005bc       ??_R0?AV_System_error_category@std@@@8 100245bc     FpSerialPort.obj
 0003:000005f0       ??_R0?AVFpSerialPort@@@8   100245f0     FpSerialPort.obj
 0003:00000610       ??_R0?AVexception@std@@@8  10024610     FpM5.obj
 0003:00000634       ??_R0?AUFpDeviceInfo@@@8   10024634     FpM5.obj
 0003:00000654       ??_R0?AVFpBridge@@@8       10024654     FpM5.obj
 0003:00000670       ??_R0?AUFpM5Info@@@8       10024670     FpM5.obj
 0003:0000068c       ??_R0?AVFpM5@@@8           1002468c     FpM5.obj
 0003:000006a4       ??_R0?AVtype_info@@@8      100246a4     MSVCRTD:ti_inst.obj
 0003:000007cc       ?_Generic_object@?$_Error_objects@H@std@@2V_Generic_error_category@2@A 100247cc     FpSerialPort.obj
 0003:000007d0       ?_Iostream_object@?$_Error_objects@H@std@@2V_Iostream_error_category@2@A 100247d0     FpSerialPort.obj
 0003:000007d4       ?_System_object@?$_Error_objects@H@std@@2V_System_error_category@2@A 100247d4     FpSerialPort.obj
 0003:000007d8       ?id@?$num_put@DV?$back_insert_iterator@V?$basic_string@DU?$char_traits@D@std@@V?$allocator@D@2@@std@@@std@@@std@@2V0locale@2@A 100247d8     FpSerialPort.obj
 0003:000007dc       ?id@?$num_put@_WV?$back_insert_iterator@V?$basic_string@_WU?$char_traits@_W@std@@V?$allocator@_W@2@@std@@@std@@@std@@2V0locale@2@A 100247dc     FpSerialPort.obj
 0003:000007ec       ?DeviceList@FpBridge@@1V?$vector@PAUFpDeviceInfo@@V?$allocator@PAUFpDeviceInfo@@@std@@@std@@A 100247ec     FpBridge.obj
 0003:00000800       ?ListHeadSPI@@3PAUSPI_ChannelContext_t@@A 10024800     libM5Drv:syna_mpsse.obj
 0003:00000804       ?ListHeadI2C@@3PAUI2C_ChannelContext_t@@A 10024804     libM5Drv:syna_mpsse.obj
 0003:00000b34       ?__type_info_root_node@@3U__type_info_node@@A 10024b34     MSVCRTD:tncleanup.obj
 0003:00000b3c       ___native_startup_lock     10024b3c     <common>
 0003:00000b4c       ___native_startup_state    10024b4c     <common>
 0003:00000b50       ___dyn_tls_init_callback   10024b50     <common>
 0003:00000b5c       ___onexitend               10024b5c     <common>
 0003:00000b6c       ___onexitbegin             10024b6c     <common>
 0004:00000000       __imp__FT_GetLibraryVersion@4 10025000     ftd2xx:FTD2XX.dll
 0004:00000004       __imp__FT_GetDeviceInfoDetail@32 10025004     ftd2xx:FTD2XX.dll
 0004:00000008       __imp__FT_GetDeviceInfoList@8 10025008     ftd2xx:FTD2XX.dll
 0004:0000000c       __imp__FT_CreateDeviceInfoList@4 1002500c     ftd2xx:FTD2XX.dll
 0004:00000010       __imp__FT_GetDeviceInfo@24 10025010     ftd2xx:FTD2XX.dll
 0004:00000014       __imp__FT_SetUSBParameters@12 10025014     ftd2xx:FTD2XX.dll
 0004:00000018       __imp__FT_SetBitMode@12    10025018     ftd2xx:FTD2XX.dll
 0004:0000001c       __imp__FT_SetLatencyTimer@8 1002501c     ftd2xx:FTD2XX.dll
 0004:00000020       __imp__FT_GetQueueStatus@8 10025020     ftd2xx:FTD2XX.dll
 0004:00000024       __imp__FT_SetTimeouts@12   10025024     ftd2xx:FTD2XX.dll
 0004:00000028       __imp__FT_Purge@8          10025028     ftd2xx:FTD2XX.dll
 0004:0000002c       __imp__FT_SetChars@20      1002502c     ftd2xx:FTD2XX.dll
 0004:00000030       __imp__FT_ResetDevice@4    10025030     ftd2xx:FTD2XX.dll
 0004:00000034       __imp__FT_Write@16         10025034     ftd2xx:FTD2XX.dll
 0004:00000038       __imp__FT_Read@16          10025038     ftd2xx:FTD2XX.dll
 0004:0000003c       __imp__FT_GetStatus@16     1002503c     ftd2xx:FTD2XX.dll
 0004:00000040       __imp__FT_GetDriverVersion@8 10025040     ftd2xx:FTD2XX.dll
 0004:00000044       __imp__FT_Open@8           10025044     ftd2xx:FTD2XX.dll
 0004:00000048       __imp__FT_Close@4          10025048     ftd2xx:FTD2XX.dll
 0004:0000004c       \177FTD2XX_NULL_THUNK_DATA 1002504c     ftd2xx:FTD2XX.dll
 0004:00000084       __imp__QueryPerformanceCounter@4 10025084     kernel32:KERNEL32.dll
 0004:00000088       __imp__GetCurrentProcessId@0 10025088     kernel32:KERNEL32.dll
 0004:0000008c       __imp__GetCurrentThreadId@0 1002508c     kernel32:KERNEL32.dll
 0004:00000090       __imp__GetSystemTimeAsFileTime@4 10025090     kernel32:KERNEL32.dll
 0004:00000094       __imp__SetCommTimeouts@8   10025094     kernel32:KERNEL32.dll
 0004:00000098       __imp__SetCommState@8      10025098     kernel32:KERNEL32.dll
 0004:0000009c       __imp__PurgeComm@8         1002509c     kernel32:KERNEL32.dll
 0004:000000a0       __imp__GetCommState@8      100250a0     kernel32:KERNEL32.dll
 0004:000000a4       __imp__ClearCommError@12   100250a4     kernel32:KERNEL32.dll
 0004:000000a8       __imp__Sleep@4             100250a8     kernel32:KERNEL32.dll
 0004:000000ac       __imp__CloseHandle@4       100250ac     kernel32:KERNEL32.dll
 0004:000000b0       __imp__WriteFile@20        100250b0     kernel32:KERNEL32.dll
 0004:000000b4       __imp__ReadFile@20         100250b4     kernel32:KERNEL32.dll
 0004:000000b8       __imp__CreateFileA@28      100250b8     kernel32:KERNEL32.dll
 0004:000000bc       __imp__IsProcessorFeaturePresent@4 100250bc     kernel32:KERNEL32.dll
 0004:000000c0       __imp__IsDebuggerPresent@0 100250c0     kernel32:KERNEL32.dll
 0004:000000c4       __imp__DecodePointer@4     100250c4     kernel32:KERNEL32.dll
 0004:000000c8       __imp__EncodePointer@4     100250c8     kernel32:KERNEL32.dll
 0004:000000cc       __imp__DisableThreadLibraryCalls@4 100250cc     kernel32:KERNEL32.dll
 0004:000000d0       \177KERNEL32_NULL_THUNK_DATA 100250d0     kernel32:KERNEL32.dll
 0004:00000108       __imp_?_Xlength_error@std@@YAXPBD@Z 10025108     msvcprtd:MSVCP120D.dll
 0004:0000010c       __imp_?_Xout_of_range@std@@YAXPBD@Z 1002510c     msvcprtd:MSVCP120D.dll
 0004:00000110       __imp_??0id@locale@std@@QAE@I@Z 10025110     msvcprtd:MSVCP120D.dll
 0004:00000114       __imp_?_Syserror_map@std@@YAPBDH@Z 10025114     msvcprtd:MSVCP120D.dll
 0004:00000118       __imp_?_Winerror_map@std@@YAPBDH@Z 10025118     msvcprtd:MSVCP120D.dll
 0004:0000011c       __imp_??0_Lockit@std@@QAE@H@Z 1002511c     msvcprtd:MSVCP120D.dll
 0004:00000120       __imp_??1_Lockit@std@@QAE@XZ 10025120     msvcprtd:MSVCP120D.dll
 0004:00000124       __imp_?_Getpfirst@_Container_base12@std@@QBEPAPAU_Iterator_base12@2@XZ 10025124     msvcprtd:MSVCP120D.dll
 0004:00000128       __imp_?_Xoverflow_error@std@@YAXPBD@Z 10025128     msvcprtd:MSVCP120D.dll
 0004:0000012c       __imp_?_Xbad_alloc@std@@YAXXZ 1002512c     msvcprtd:MSVCP120D.dll
 0004:00000130       __imp_??0_Container_base12@std@@QAE@XZ 10025130     msvcprtd:MSVCP120D.dll
 0004:00000134       __imp_??1_Container_base12@std@@QAE@XZ 10025134     msvcprtd:MSVCP120D.dll
 0004:00000138       __imp_?_Orphan_all@_Container_base12@std@@QAEXXZ 10025138     msvcprtd:MSVCP120D.dll
 0004:0000013c       __imp_?_Debug_message@std@@YAXPB_W0I@Z 1002513c     msvcprtd:MSVCP120D.dll
 0004:00000140       \177MSVCP120D_NULL_THUNK_DATA 10025140     msvcprtd:MSVCP120D.dll
 0004:00000174       __imp__strlen              10025174     MSVCRTD:MSVCR120D.dll
 0004:00000178       __imp__memmove             10025178     MSVCRTD:MSVCR120D.dll
 0004:0000017c       __imp___hypot              1002517c     MSVCRTD:MSVCR120D.dll
 0004:00000180       __imp_??_V@YAXPAX@Z        10025180     MSVCRTD:MSVCR120D.dll
 0004:00000184       __imp___CxxThrowException@8 10025184     MSVCRTD:MSVCR120D.dll
 0004:00000188       __imp____CxxFrameHandler3  10025188     MSVCRTD:MSVCR120D.dll
 0004:0000018c       __imp___invalid_parameter  1002518c     MSVCRTD:MSVCR120D.dll
 0004:00000190       __imp__fabs                10025190     MSVCRTD:MSVCR120D.dll
 0004:00000194       __imp__memcmp              10025194     MSVCRTD:MSVCR120D.dll
 0004:00000198       __imp_??0exception@std@@QAE@ABQBD@Z 10025198     MSVCRTD:MSVCR120D.dll
 0004:0000019c       __imp___CrtDbgReportW      1002519c     MSVCRTD:MSVCR120D.dll
 0004:000001a0       __imp_??0exception@std@@QAE@ABV01@@Z 100251a0     MSVCRTD:MSVCR120D.dll
 0004:000001a4       __imp__memset              100251a4     MSVCRTD:MSVCR120D.dll
 0004:000001a8       __imp__free                100251a8     MSVCRTD:MSVCR120D.dll
 0004:000001ac       __imp__malloc              100251ac     MSVCRTD:MSVCR120D.dll
 0004:000001b0       __imp___lock               100251b0     MSVCRTD:MSVCR120D.dll
 0004:000001b4       __imp___unlock             100251b4     MSVCRTD:MSVCR120D.dll
 0004:000001b8       __imp___calloc_dbg         100251b8     MSVCRTD:MSVCR120D.dll
 0004:000001bc       __imp____dllonexit         100251bc     MSVCRTD:MSVCR120D.dll
 0004:000001c0       __imp___onexit             100251c0     MSVCRTD:MSVCR120D.dll
 0004:000001c4       __imp_??1type_info@@UAE@XZ 100251c4     MSVCRTD:MSVCR120D.dll
 0004:000001c8       __imp_?terminate@@YAXXZ    100251c8     MSVCRTD:MSVCR120D.dll
 0004:000001cc       __imp___crt_debugger_hook  100251cc     MSVCRTD:MSVCR120D.dll
 0004:000001d0       __imp____crtUnhandledException 100251d0     MSVCRTD:MSVCR120D.dll
 0004:000001d4       __imp____crtTerminateProcess 100251d4     MSVCRTD:MSVCR120D.dll
 0004:000001d8       __imp___except1            100251d8     MSVCRTD:MSVCR120D.dll
 0004:000001dc       __imp____CppXcptFilter     100251dc     MSVCRTD:MSVCR120D.dll
 0004:000001e0       __imp___amsg_exit          100251e0     MSVCRTD:MSVCR120D.dll
 0004:000001e4       __imp___malloc_dbg         100251e4     MSVCRTD:MSVCR120D.dll
 0004:000001e8       __imp___free_dbg           100251e8     MSVCRTD:MSVCR120D.dll
 0004:000001ec       __imp___CrtSetCheckCount   100251ec     MSVCRTD:MSVCR120D.dll
 0004:000001f0       __imp___initterm           100251f0     MSVCRTD:MSVCR120D.dll
 0004:000001f4       __imp___initterm_e         100251f4     MSVCRTD:MSVCR120D.dll
 0004:000001f8       __imp___except_handler4_common 100251f8     MSVCRTD:MSVCR120D.dll
 0004:000001fc       __imp____clean_type_info_names_internal 100251fc     MSVCRTD:MSVCR120D.dll
 0004:00000200       __imp__memcpy              10025200     MSVCRTD:MSVCR120D.dll
 0004:00000204       __imp_??3@YAXPAX@Z         10025204     MSVCRTD:MSVCR120D.dll
 0004:00000208       __imp_??2@YAPAXI@Z         10025208     MSVCRTD:MSVCR120D.dll
 0004:0000020c       __imp_??1exception@std@@UAE@XZ 1002520c     MSVCRTD:MSVCR120D.dll
 0004:00000210       __imp___purecall           10025210     MSVCRTD:MSVCR120D.dll
 0004:00000214       \177MSVCR120D_NULL_THUNK_DATA 10025214     MSVCRTD:MSVCR120D.dll
 0004:00000260       __imp_?Log@cmlLogging@@QAAXPADZZ 10025260     cmlLogging:cmlLogging.dll
 0004:00000264       __imp_?GetLogger@cmlLogging@@SAPAV1@XZ 10025264     cmlLogging:cmlLogging.dll
 0004:00000268       __imp_?LogPack@cmlLogging@@QAEXPBEI@Z 10025268     cmlLogging:cmlLogging.dll
 0004:0000026c       \177cmlLogging_NULL_THUNK_DATA 1002526c     cmlLogging:cmlLogging.dll
 0004:00000298       __IMPORT_DESCRIPTOR_KERNEL32 10025298     kernel32:KERNEL32.dll
 0004:000002ac       __IMPORT_DESCRIPTOR_cmlLogging 100252ac     cmlLogging:cmlLogging.dll
 0004:000002c0       __IMPORT_DESCRIPTOR_FTD2XX 100252c0     ftd2xx:FTD2XX.dll
 0004:000002d4       __IMPORT_DESCRIPTOR_MSVCP120D 100252d4     msvcprtd:MSVCP120D.dll
 0004:000002e8       __IMPORT_DESCRIPTOR_MSVCR120D 100252e8     MSVCRTD:MSVCR120D.dll
 0004:000002fc       __NULL_IMPORT_DESCRIPTOR   100252fc     kernel32:KERNEL32.dll

 entry point at        0001:00017810

