 FpImageProcessing

 Timestamp is 5ab0770e (Tue Mar 20 10:50:54 2018)

 Preferred load address is 10000000

 Start         Length     Name                   Class
 0001:00000000 000017b5H .text$di                CODE
 0001:000017c0 0000c93fH .text$mn                CODE
 0001:0000e100 00001454H .text$x                 CODE
 0001:0000f560 0000105bH .text$yd                CODE
 0002:00000000 00000104H .CRT$XCA                DATA
 0002:00000104 0000012eH .CRT$XCU                DATA
 0002:00000234 00000104H .CRT$XCZ                DATA
 0002:00000338 00000104H .CRT$XIA                DATA
 0002:0000043c 00000104H .CRT$XIAA               DATA
 0002:00000540 00000109H .CRT$XIC                DATA
 0002:0000064c 00000104H .CRT$XIZ                DATA
 0002:00000750 00000f08H .rdata                  DATA
 0002:00001658 00000181H .rdata$debug            DATA
 0002:000017dc 000002d4H .rdata$r                DATA
 0002:00001ab0 00000104H .rtc$IAA                DATA
 0002:00001bb4 00000104H .rtc$IZZ                DATA
 0002:00001cb8 00000104H .rtc$TAA                DATA
 0002:00001dbc 00000104H .rtc$TZZ                DATA
 0002:00001ec0 0000071fH .xdata$x                DATA
 0002:000025e0 00001078H .edata                  DATA
 0003:00000000 0000021cH .data                   DATA
 0003:0000021c 000001e4H .data$r                 DATA
 0003:00000400 00000384H .bss                    DATA
 0004:00000000 00000214H .idata$5                DATA
 0004:00000214 00000050H .idata$2                DATA
 0004:00000264 00000014H .idata$3                DATA
 0004:00000278 00000214H .idata$4                DATA
 0004:0000048c 000008b5H .idata$6                DATA
 0005:00000000 00000169H .rsrc$01                DATA
 0005:00000170 000002ccH .rsrc$02                DATA

  Address         Publics by Value              Rva+Base       Lib:Object

 0000:00000000       ___guard_flags             00000000     <absolute>
 0000:00000000       ___guard_fids_table        00000000     <absolute>
 0000:00000000       ___safe_se_handler_table   00000000     <absolute>
 0000:00000000       __except_list              00000000     <absolute>
 0000:00000000       ___guard_fids_count        00000000     <absolute>
 0000:00000000       ___safe_se_handler_count   00000000     <absolute>
 0000:00009876       __fltused                  00009876     <absolute>
 0000:00009876       __ldused                   00009876     <absolute>
 0000:00000000       ___ImageBase               10000000     <linker-defined>
 0001:000017c0       ??0FpCPIDImageAlogrithm@@QAE@XZ 100027c0 f   FpCPIDImageAlogrithm.obj
 0001:000017d0       ??1FpCPIDImageAlogrithm@@QAE@XZ 100027d0 f   FpCPIDImageAlogrithm.obj
 0001:000017e0       ?FpGetDLLVersion@FpCPIDImageAlogrithm@@SAIAAUcpid_dll_version_s@@@Z 100027e0 f   FpCPIDImageAlogrithm.obj
 0001:00001840       ?FpUnpack@FpCPIDImageAlogrithm@@SAIPAEPAGII@Z 10002840 f   FpCPIDImageAlogrithm.obj
 0001:00001870       ?FpGetBadPixelsIndices@FpCPIDImageAlogrithm@@SAIPAGII0IPAHUvcsfw_frame_tag_dims_s@@@Z 10002870 f   FpCPIDImageAlogrithm.obj
 0001:00001930       ?FpCPIDCompress@FpCPIDImageAlogrithm@@SAIPAGGGPAEIPAI@Z 10002930 f   FpCPIDImageAlogrithm.obj
 0001:00001970       ?FpCPIDInflate@FpCPIDImageAlogrithm@@SAIPAEIGGPAG@Z 10002970 f   FpCPIDImageAlogrithm.obj
 0001:000019b0       ?FpReduce16Bitsto8Bits@FpCPIDImageAlogrithm@@SAIPAGIIPAE@Z 100029b0 f   FpCPIDImageAlogrithm.obj
 0001:000019e0       ?FpCropFrame@FpCPIDImageAlogrithm@@SAIPAGUvcsfw_frame_tag_dims_s@@@Z 100029e0 f   FpCPIDImageAlogrithm.obj
 0001:00001a30       ?FpCPIDExtractBadPixelIndicesFromEncodedImage@FpCPIDImageAlogrithm@@SAIPAGGG0IPAI@Z 10002a30 f   FpCPIDImageAlogrithm.obj
 0001:00001a70       ?FpCPIDBubbleTest@FpCPIDImageAlogrithm@@SAIPAIAAH1PAGHHG@Z 10002a70 f   FpCPIDImageAlogrithm.obj
 0001:00001ab0       ?FpBadRowColumnEdgesDetection@FpCPIDImageAlogrithm@@SAIPAGHHPAI11PAH2PAM3@Z 10002ab0 f   FpCPIDImageAlogrithm.obj
 0001:00001b00       ?FpCalibration@FpCPIDImageAlogrithm@@SAIPAG0PAIG00HH000@Z 10002b00 f   FpCPIDImageAlogrithm.obj
 0001:00001bf0       ?FpPreprocess@FpCPIDImageAlogrithm@@SAIPAGHH00000PACPAHUnise_sundry_regs_s@@AAUvcsBlobData_s@@@Z 10002bf0 f   FpCPIDImageAlogrithm.obj
 0001:00001c80       ?FpPostprocess@FpCPIDImageAlogrithm@@SAIPAGHHUnise_sundry_regs_s@@PACAAUvcsBlobData_s@@@Z 10002c80 f   FpCPIDImageAlogrithm.obj
 0001:00001d70       ?FpStimulusImageQuality@FpCPIDImageAlogrithm@@SAIAAUcpid_image_quality_s@@PAGHHH1HHUvcsfw_frame_tag_dims_s@@N111@Z 10002d70 f   FpCPIDImageAlogrithm.obj
 0001:00001fc0       ?FpCaculateSNR@FpCPIDImageAlogrithm@@SAIPAGHH000AANAAI1@Z 10002fc0 f   FpCPIDImageAlogrithm.obj
 0001:00002080       ?FpBadRefHighDetectUsingZones@FpCPIDImageAlogrithm@@SAIPAGHHHHHHHHHH000000000@Z 10003080 f   FpCPIDImageAlogrithm.obj
 0001:00002120       ?GetHybridImage@FpCPIDImageAlogrithm@@SAIPAGHH000Unise_sundry_regs_s@@@Z 10003120 f   FpCPIDImageAlogrithm.obj
 0001:00002520       ??$_Allocate@D@std@@YAPADIPAD@Z 10003520 f i FpCPIDImageAlogrithm.obj
 0001:00002570       ??$_Allocate@U_Container_proxy@std@@@std@@YAPAU_Container_proxy@0@IPAU10@@Z 10003570 f i FpCPIDImageAlogrithm.obj
 0001:000025d0       ??$_Debug_pointer@D@std@@YAXPBDPB_WI@Z 100035d0 f i FpCPIDImageAlogrithm.obj
 0001:00002600       ??$addressof@D@std@@YAPADAAD@Z 10003600 f i FpCPIDImageAlogrithm.obj
 0001:00002610       ??$construct@PADAAPAD@?$_Wrap_alloc@V?$allocator@D@std@@@std@@QAEXPAPADAAPAD@Z 10003610 f i FpCPIDImageAlogrithm.obj
 0001:00002650       ??$construct@PADAAPAD@?$allocator@D@std@@QAEXPAPADAAPAD@Z 10003650 f i FpCPIDImageAlogrithm.obj
 0001:00002700       ??$construct@PADAAPAD@?$allocator_traits@V?$allocator@D@std@@@std@@SAXAAV?$allocator@D@1@PAPADAAPAD@Z 10003700 f i FpCPIDImageAlogrithm.obj
 0001:00002730       ??$construct@U_Container_proxy@std@@U12@@?$allocator@U_Container_proxy@std@@@std@@QAEXPAU_Container_proxy@1@$$QAU21@@Z 10003730 f i FpCPIDImageAlogrithm.obj
 0001:000027e0       ??$destroy@PAD@?$_Wrap_alloc@V?$allocator@D@std@@@std@@QAEXPAPAD@Z 100037e0 f i FpCPIDImageAlogrithm.obj
 0001:00002810       ??$destroy@PAD@?$allocator@D@std@@QAEXPAPAD@Z 10003810 f i FpCPIDImageAlogrithm.obj
 0001:00002820       ??$destroy@PAD@?$allocator_traits@V?$allocator@D@std@@@std@@SAXAAV?$allocator@D@1@PAPAD@Z 10003820 f i FpCPIDImageAlogrithm.obj
 0001:00002840       ??$destroy@U_Container_proxy@std@@@?$allocator@U_Container_proxy@std@@@std@@QAEXPAU_Container_proxy@1@@Z 10003840 f i FpCPIDImageAlogrithm.obj
 0001:00002850       ??$forward@AAPAD@std@@YAAAPADAAPAD@Z 10003850 f i FpCPIDImageAlogrithm.obj
 0001:00002860       ??$forward@U_Container_proxy@std@@@std@@YA$$QAU_Container_proxy@0@AAU10@@Z 10003860 f i FpCPIDImageAlogrithm.obj
 0001:00002870       ??0?$_String_alloc@$0A@U?$_String_base_types@DV?$allocator@D@std@@@std@@@std@@QAE@ABV?$allocator@D@1@@Z 10003870 f i FpCPIDImageAlogrithm.obj
 0001:000028e0       ??0?$_String_val@U?$_Simple_types@D@std@@@std@@QAE@XZ 100038e0 f i FpCPIDImageAlogrithm.obj
 0001:00002920       ??0?$_Wrap_alloc@V?$allocator@D@std@@@std@@QAE@XZ 10003920 f i FpCPIDImageAlogrithm.obj
 0001:00002940       ??0?$allocator@D@std@@QAE@XZ 10003940 f i FpCPIDImageAlogrithm.obj
 0001:00002960       ??0?$allocator@U_Container_proxy@std@@@std@@QAE@XZ 10003960 f i FpCPIDImageAlogrithm.obj
 0001:00002980       ??0?$basic_string@DU?$char_traits@D@std@@V?$allocator@D@2@@std@@QAE@PBD@Z 10003980 f i FpCPIDImageAlogrithm.obj
 0001:00002a10       ??0_Container_proxy@std@@QAE@XZ 10003a10 f i FpCPIDImageAlogrithm.obj
 0001:00002a40       ??0_Generic_error_category@std@@QAE@XZ 10003a40 f i FpCPIDImageAlogrithm.obj
 0001:00002a70       ??0_Iostream_error_category@std@@QAE@XZ 10003a70 f i FpCPIDImageAlogrithm.obj
 0001:00002aa0       ??0_System_error_category@std@@QAE@XZ 10003aa0 f i FpCPIDImageAlogrithm.obj
 0001:00002ad0       ??0error_category@std@@QAE@XZ 10003ad0 f i FpCPIDImageAlogrithm.obj
 0001:00002af0       ??0error_condition@std@@QAE@HABVerror_category@1@@Z 10003af0 f i FpCPIDImageAlogrithm.obj
 0001:00002b20       ??1?$_String_alloc@$0A@U?$_String_base_types@DV?$allocator@D@std@@@std@@@std@@QAE@XZ 10003b20 f i FpCPIDImageAlogrithm.obj
 0001:00002b50       ??1?$_String_val@U?$_Simple_types@D@std@@@std@@QAE@XZ 10003b50 f i FpCPIDImageAlogrithm.obj
 0001:00002b70       ??1_Generic_error_category@std@@UAE@XZ 10003b70 f i FpCPIDImageAlogrithm.obj
 0001:00002b90       ??1_Iostream_error_category@std@@UAE@XZ 10003b90 f i FpCPIDImageAlogrithm.obj
 0001:00002bb0       ??1_System_error_category@std@@UAE@XZ 10003bb0 f i FpCPIDImageAlogrithm.obj
 0001:00002bd0       ??1error_category@std@@UAE@XZ 10003bd0 f i FpCPIDImageAlogrithm.obj
 0001:00002bf0       ??2@YAPAXIPAX@Z            10003bf0 f i FpCPIDImageAlogrithm.obj
 0001:00002c00       ??3@YAXPAX0@Z              10003c00 f i FpCPIDImageAlogrithm.obj
 0001:00002c10       ??4FpCPIDImageAlogrithm@@QAEAAV0@ABV0@@Z 10003c10 f i FpCPIDImageAlogrithm.obj
 0001:00002c30       ??8error_category@std@@QBE_NABV01@@Z 10003c30 f i FpCPIDImageAlogrithm.obj
 0001:00002c70       ??8error_condition@std@@QBE_NABV01@@Z 10003c70 f i FpCPIDImageAlogrithm.obj
 0001:00002ce0       ??_E_Generic_error_category@std@@UAEPAXI@Z 10003ce0 f i FpCPIDImageAlogrithm.obj
 0001:00002ce0       ??_G_Generic_error_category@std@@UAEPAXI@Z 10003ce0 f i FpCPIDImageAlogrithm.obj
 0001:00002d20       ??_G_Iostream_error_category@std@@UAEPAXI@Z 10003d20 f i FpCPIDImageAlogrithm.obj
 0001:00002d20       ??_E_Iostream_error_category@std@@UAEPAXI@Z 10003d20 f i FpCPIDImageAlogrithm.obj
 0001:00002d60       ??_E_System_error_category@std@@UAEPAXI@Z 10003d60 f i FpCPIDImageAlogrithm.obj
 0001:00002d60       ??_G_System_error_category@std@@UAEPAXI@Z 10003d60 f i FpCPIDImageAlogrithm.obj
 0001:00002da0       ??_Eerror_category@std@@UAEPAXI@Z 10003da0 f i FpCPIDImageAlogrithm.obj
 0001:00002da0       ??_Gerror_category@std@@UAEPAXI@Z 10003da0 f i FpCPIDImageAlogrithm.obj
 0001:00002de0       ?_Alloc_proxy@?$_String_alloc@$0A@U?$_String_base_types@DV?$allocator@D@std@@@std@@@std@@QAEXXZ 10003de0 f i FpCPIDImageAlogrithm.obj
 0001:00002e40       ?_Copy@?$basic_string@DU?$char_traits@D@std@@V?$allocator@D@2@@std@@QAEXII@Z 10003e40 f i FpCPIDImageAlogrithm.obj
 0001:00003070       ?_Eos@?$basic_string@DU?$char_traits@D@std@@V?$allocator@D@2@@std@@QAEXI@Z 10004070 f i FpCPIDImageAlogrithm.obj
 0001:000030c0       ?_Free_proxy@?$_String_alloc@$0A@U?$_String_base_types@DV?$allocator@D@std@@@std@@@std@@QAEXXZ 100040c0 f i FpCPIDImageAlogrithm.obj
 0001:00003120       ?_Getal@?$_String_alloc@$0A@U?$_String_base_types@DV?$allocator@D@std@@@std@@@std@@QBE?AU?$_Wrap_alloc@V?$allocator@D@std@@@2@XZ 10004120 f i FpCPIDImageAlogrithm.obj
 0001:00003140       ?_Grow@?$basic_string@DU?$char_traits@D@std@@V?$allocator@D@2@@std@@QAE_NI_N@Z 10004140 f i FpCPIDImageAlogrithm.obj
 0001:00003210       ?_Inside@?$basic_string@DU?$char_traits@D@std@@V?$allocator@D@2@@std@@QAE_NPBD@Z 10004210 f i FpCPIDImageAlogrithm.obj
 0001:00003260       ?_Myptr@?$_String_val@U?$_Simple_types@D@std@@@std@@QAEPADXZ 10004260 f i FpCPIDImageAlogrithm.obj
 0001:000032b0       ?_Myptr@?$_String_val@U?$_Simple_types@D@std@@@std@@QBEPBDXZ 100042b0 f i FpCPIDImageAlogrithm.obj
 0001:00003300       ?_Tidy@?$basic_string@DU?$char_traits@D@std@@V?$allocator@D@2@@std@@QAEX_NI@Z 10004300 f i FpCPIDImageAlogrithm.obj
 0001:000033d0       ?_Xlen@?$basic_string@DU?$char_traits@D@std@@V?$allocator@D@2@@std@@QBEXXZ 100043d0 f i FpCPIDImageAlogrithm.obj
 0001:000033f0       ?_Xran@?$basic_string@DU?$char_traits@D@std@@V?$allocator@D@2@@std@@QBEXXZ 100043f0 f i FpCPIDImageAlogrithm.obj
 0001:00003410       ?allocate@?$_Wrap_alloc@V?$allocator@D@std@@@std@@QAEPADI@Z 10004410 f i FpCPIDImageAlogrithm.obj
 0001:00003430       ?allocate@?$allocator@D@std@@QAEPADI@Z 10004430 f i FpCPIDImageAlogrithm.obj
 0001:00003460       ?allocate@?$allocator@U_Container_proxy@std@@@std@@QAEPAU_Container_proxy@2@I@Z 10004460 f i FpCPIDImageAlogrithm.obj
 0001:00003490       ?assign@?$basic_string@DU?$char_traits@D@std@@V?$allocator@D@2@@std@@QAEAAV12@ABV12@II@Z 10004490 f i FpCPIDImageAlogrithm.obj
 0001:00003570       ?assign@?$basic_string@DU?$char_traits@D@std@@V?$allocator@D@2@@std@@QAEAAV12@PBD@Z 10004570 f i FpCPIDImageAlogrithm.obj
 0001:000035c0       ?assign@?$basic_string@DU?$char_traits@D@std@@V?$allocator@D@2@@std@@QAEAAV12@PBDI@Z 100045c0 f i FpCPIDImageAlogrithm.obj
 0001:00003680       ?assign@?$char_traits@D@std@@SAXAADABD@Z 10004680 f i FpCPIDImageAlogrithm.obj
 0001:000036a0       ?category@error_code@std@@QBEABVerror_category@2@XZ 100046a0 f i FpCPIDImageAlogrithm.obj
 0001:000036c0       ?category@error_condition@std@@QBEABVerror_category@2@XZ 100046c0 f i FpCPIDImageAlogrithm.obj
 0001:000036e0       ?copy@?$char_traits@D@std@@SAPADPADPBDI@Z 100046e0 f i FpCPIDImageAlogrithm.obj
 0001:00003720       ?deallocate@?$_Wrap_alloc@V?$allocator@D@std@@@std@@QAEXPADI@Z 10004720 f i FpCPIDImageAlogrithm.obj
 0001:00003750       ?deallocate@?$allocator@D@std@@QAEXPADI@Z 10004750 f i FpCPIDImageAlogrithm.obj
 0001:00003770       ?deallocate@?$allocator@U_Container_proxy@std@@@std@@QAEXPAU_Container_proxy@2@I@Z 10004770 f i FpCPIDImageAlogrithm.obj
 0001:00003790       ?default_error_condition@_System_error_category@std@@UBE?AVerror_condition@2@H@Z 10004790 f i FpCPIDImageAlogrithm.obj
 0001:000037f0       ?default_error_condition@error_category@std@@UBE?AVerror_condition@2@H@Z 100047f0 f i FpCPIDImageAlogrithm.obj
 0001:00003820       ?equivalent@error_category@std@@UBE_NABVerror_code@2@H@Z 10004820 f i FpCPIDImageAlogrithm.obj
 0001:00003880       ?equivalent@error_category@std@@UBE_NHABVerror_condition@2@@Z 10004880 f i FpCPIDImageAlogrithm.obj
 0001:000038c0       ?erase@?$basic_string@DU?$char_traits@D@std@@V?$allocator@D@2@@std@@QAEAAV12@I@Z 100048c0 f i FpCPIDImageAlogrithm.obj
 0001:00003900       ?erase@?$basic_string@DU?$char_traits@D@std@@V?$allocator@D@2@@std@@QAEAAV12@II@Z 10004900 f i FpCPIDImageAlogrithm.obj
 0001:000039b0       ?generic_category@std@@YAABVerror_category@1@XZ 100049b0 f i FpCPIDImageAlogrithm.obj
 0001:000039c0       ?length@?$char_traits@D@std@@SAIPBD@Z 100049c0 f i FpCPIDImageAlogrithm.obj
 0001:00003a00       ?max_size@?$_Wrap_alloc@V?$allocator@D@std@@@std@@QBEIXZ 10004a00 f i FpCPIDImageAlogrithm.obj
 0001:00003a20       ?max_size@?$allocator@D@std@@QBEIXZ 10004a20 f i FpCPIDImageAlogrithm.obj
 0001:00003a40       ?max_size@?$allocator_traits@V?$allocator@D@std@@@std@@SAIABV?$allocator@D@2@@Z 10004a40 f i FpCPIDImageAlogrithm.obj
 0001:00003a50       ?max_size@?$basic_string@DU?$char_traits@D@std@@V?$allocator@D@2@@std@@QBEIXZ 10004a50 f i FpCPIDImageAlogrithm.obj
 0001:00003aa0       ?message@_Generic_error_category@std@@UBE?AV?$basic_string@DU?$char_traits@D@std@@V?$allocator@D@2@@2@H@Z 10004aa0 f i FpCPIDImageAlogrithm.obj
 0001:00003b10       ?message@_Iostream_error_category@std@@UBE?AV?$basic_string@DU?$char_traits@D@std@@V?$allocator@D@2@@2@H@Z 10004b10 f i FpCPIDImageAlogrithm.obj
 0001:00003b80       ?message@_System_error_category@std@@UBE?AV?$basic_string@DU?$char_traits@D@std@@V?$allocator@D@2@@2@H@Z 10004b80 f i FpCPIDImageAlogrithm.obj
 0001:00003bf0       ?move@?$char_traits@D@std@@SAPADPADPBDI@Z 10004bf0 f i FpCPIDImageAlogrithm.obj
 0001:00003c30       ?name@_Generic_error_category@std@@UBEPBDXZ 10004c30 f i FpCPIDImageAlogrithm.obj
 0001:00003c50       ?name@_Iostream_error_category@std@@UBEPBDXZ 10004c50 f i FpCPIDImageAlogrithm.obj
 0001:00003c70       ?name@_System_error_category@std@@UBEPBDXZ 10004c70 f i FpCPIDImageAlogrithm.obj
 0001:00003c90       ?size@?$basic_string@DU?$char_traits@D@std@@V?$allocator@D@2@@std@@QBEIXZ 10004c90 f i FpCPIDImageAlogrithm.obj
 0001:00003cb0       ?system_category@std@@YAABVerror_category@1@XZ 10004cb0 f i FpCPIDImageAlogrithm.obj
 0001:00003cc0       ?value@error_code@std@@QBEHXZ 10004cc0 f i FpCPIDImageAlogrithm.obj
 0001:00003ce0       ?value@error_condition@std@@QBEHXZ 10004ce0 f i FpCPIDImageAlogrithm.obj
 0001:00003d00       _hypot                     10004d00 f i FpCPIDImageAlogrithm.obj
 0001:00003d40       ??0FpImageAlogrithm@@QAE@XZ 10004d40 f   FpImageAlogrithm.obj
 0001:00003d50       ??1FpImageAlogrithm@@QAE@XZ 10004d50 f   FpImageAlogrithm.obj
 0001:00003d60       ?synSNRTest@FpImageAlogrithm@@SAIPAF0IIIFQAHQAMQAN@Z 10004d60 f   FpImageAlogrithm.obj
 0001:00003f50       ?synImperfectionTest@FpImageAlogrithm@@SAIPAEIIHHIPAH1AA_N@Z 10004f50 f   FpImageAlogrithm.obj
 0001:00004430       ?synSharpnessTest@FpImageAlogrithm@@SAIPAEIIQAY0MI@H1QAH11QAMPAM@Z 10005430 f   FpImageAlogrithm.obj
 0001:00004930       ?synPixelUniformityTest@FpImageAlogrithm@@SAIPAFIIHHIIIAA_N11@Z 10005930 f   FpImageAlogrithm.obj
 0001:00004eb0       ?synBubbleTest@FpImageAlogrithm@@SAIPAFIIQAY0MI@N@Z 10005eb0 f   FpImageAlogrithm.obj
 0001:000050e0       ?caculateMeanValue@FpImageAlogrithm@@SANPAGII@Z 100060e0 f   FpImageAlogrithm.obj
 0001:00005180       ?caculate_std_dev@FpImageAlogrithm@@SANPAGII@Z 10006180 f   FpImageAlogrithm.obj
 0001:00005270       ?bpp16tobpp8@FpImageAlogrithm@@SAXPAFPAEHH@Z 10006270 f   FpImageAlogrithm.obj
 0001:000052f0       ?bpp16tobpp8@FpImageAlogrithm@@SAXPAGPAEHHE@Z 100062f0 f   FpImageAlogrithm.obj
 0001:000053c0       ?CropFrame@FpImageAlogrithm@@SAXPAFIIIIIIII@Z 100063c0 f   FpImageAlogrithm.obj
 0001:000054e0       ?caculate_pixel_number@FpImageAlogrithm@@SAHPAG000IIIIQAI@Z 100064e0 f   FpImageAlogrithm.obj
 0001:00005840       ?SmudginessDetect@FpImageAlogrithm@@SAIPAGIIQAY0MI@N@Z 10006840 f   FpImageAlogrithm.obj
 0001:00005c50       ?get_noise_value@FpImageAlogrithm@@CAMPAFIIIPAUzone_limit_type_s@@@Z 10006c50 f   FpImageAlogrithm.obj
 0001:00005ec0       ?get_signal_value@FpImageAlogrithm@@CAHPAFIIIPAUzone_limit_type_s@@F@Z 10006ec0 f   FpImageAlogrithm.obj
 0001:000060c0       ?binary_search@FpImageAlogrithm@@CAHAAV?$vector@FV?$allocator@F@std@@@std@@F@Z 100070c0 f   FpImageAlogrithm.obj
 0001:00006150       ?max_array@FpImageAlogrithm@@CAHQAHH@Z 10007150 f   FpImageAlogrithm.obj
 0001:000061a0       ?get_sharpness@FpImageAlogrithm@@CAXHHQAY0MI@MPAMQAY0MI@H2QAH22@Z 100071a0 f   FpImageAlogrithm.obj
 0001:00006750       ?Gradient@FpImageAlogrithm@@CAXHHQAY0MI@H00QAH00@Z 10007750 f   FpImageAlogrithm.obj
 0001:00006b90       ?find_min@FpImageAlogrithm@@CAHPAMH@Z 10007b90 f   FpImageAlogrithm.obj
 0001:00006c00       ?find_max@FpImageAlogrithm@@CAHPAMH@Z 10007c00 f   FpImageAlogrithm.obj
 0001:00006c70       ?convolve@FpImageAlogrithm@@CAXQAY0MI@NIIQAY02H0@Z 10007c70 f   FpImageAlogrithm.obj
 0001:00006da0       ?gaussian@FpImageAlogrithm@@CAXQAY0MI@NII0@Z 10007da0 f   FpImageAlogrithm.obj
 0001:00006dd0       ?laplace@FpImageAlogrithm@@CAXQAY0MI@NII0@Z 10007dd0 f   FpImageAlogrithm.obj
 0001:00006e00       ?gradient@FpImageAlogrithm@@CAXQAY0MI@NII0@Z 10007e00 f   FpImageAlogrithm.obj
 0001:00006ff0       ?convolve_cp@FpImageAlogrithm@@CAXQAY0MI@NIIQAY02H0@Z 10007ff0 f   FpImageAlogrithm.obj
 0001:00007e20       ??$?0AAPAFAAPAFX@?$pair@PAFPAF@std@@QAE@AAPAF0@Z 10008e20 f i FpImageAlogrithm.obj
 0001:00007e70       ??$?RAAFAAF@?$less@X@std@@QBE_NAAF0@Z 10008e70 f i FpImageAlogrithm.obj
 0001:00007eb0       ??$_Adjust_heap@PAFHFU?$less@X@std@@@std@@YAXPAFHH$$QAFU?$less@X@0@@Z 10008eb0 f i FpImageAlogrithm.obj
 0001:00007fe0       ??$_Allocate@F@std@@YAPAFIPAF@Z 10008fe0 f i FpImageAlogrithm.obj
 0001:00008030       ??$_Debug_heap@PAFU?$less@X@std@@@std@@YAXPAF0U?$less@X@0@@Z 10009030 f i FpImageAlogrithm.obj
 0001:00008140       ??$_Debug_lt_pred@U?$less@X@std@@AAFAAF@std@@YA_NU?$less@X@0@AAF1PB_WI@Z 10009140 f i FpImageAlogrithm.obj
 0001:000081e0       ??$_Debug_pointer@F@std@@YAXPAFPB_WI@Z 100091e0 f i FpImageAlogrithm.obj
 0001:00008210       ??$_Debug_pointer@U?$less@X@std@@@std@@YAXAAU?$less@X@0@PB_WI@Z 10009210 f i FpImageAlogrithm.obj
 0001:00008220       ??$_Debug_pointer@V?$_Vector_iterator@V?$_Vector_val@U?$_Simple_types@F@std@@@std@@@std@@@std@@YAXAAV?$_Vector_iterator@V?$_Vector_val@U?$_Simple_types@F@std@@@std@@@0@PB_WI@Z 10009220 f i FpImageAlogrithm.obj
 0001:00008230       ??$_Debug_range2@PAF@std@@YAXPAF0PB_WIUrandom_access_iterator_tag@0@@Z 10009230 f i FpImageAlogrithm.obj
 0001:000082a0       ??$_Debug_range2@V?$_Vector_iterator@V?$_Vector_val@U?$_Simple_types@F@std@@@std@@@std@@@std@@YAXV?$_Vector_iterator@V?$_Vector_val@U?$_Simple_types@F@std@@@std@@@0@0PB_WIUrandom_access_iterator_tag@0@@Z 100092a0 f i FpImageAlogrithm.obj
 0001:00008390       ??$_Debug_range@PAF@std@@YAXPAF0PB_WI@Z 10009390 f i FpImageAlogrithm.obj
 0001:000083e0       ??$_Debug_range@V?$_Vector_iterator@V?$_Vector_val@U?$_Simple_types@F@std@@@std@@@std@@@std@@YAXV?$_Vector_iterator@V?$_Vector_val@U?$_Simple_types@F@std@@@std@@@0@0PB_WI@Z 100093e0 f i FpImageAlogrithm.obj
 0001:000084c0       ??$_Destroy_range@U?$_Wrap_alloc@V?$allocator@F@std@@@std@@@std@@YAXPAF0AAU?$_Wrap_alloc@V?$allocator@F@std@@@0@@Z 100094c0 f i FpImageAlogrithm.obj
 0001:00008510       ??$_Destroy_range@U?$_Wrap_alloc@V?$allocator@F@std@@@std@@@std@@YAXPAF0AAU?$_Wrap_alloc@V?$allocator@F@std@@@0@U_Scalar_ptr_iterator_tag@0@@Z 10009510 f i FpImageAlogrithm.obj
 0001:00008520       ??$_Dist_type@PAF@std@@YAPAHPAF@Z 10009520 f i FpImageAlogrithm.obj
 0001:00008530       ??$_Insertion_sort1@PAFU?$less@X@std@@F@std@@YAXPAF0U?$less@X@0@0@Z 10009530 f i FpImageAlogrithm.obj
 0001:00008690       ??$_Insertion_sort@PAFU?$less@X@std@@@std@@YAXPAF0U?$less@X@0@@Z 10009690 f i FpImageAlogrithm.obj
 0001:000086c0       ??$_Iter_cat@PAF@std@@YA?AUrandom_access_iterator_tag@0@ABQAF@Z 100096c0 f i FpImageAlogrithm.obj
 0001:000086e0       ??$_Iter_cat@V?$_Vector_iterator@V?$_Vector_val@U?$_Simple_types@F@std@@@std@@@std@@@std@@YA?AUrandom_access_iterator_tag@0@ABV?$_Vector_iterator@V?$_Vector_val@U?$_Simple_types@F@std@@@std@@@0@@Z 100096e0 f i FpImageAlogrithm.obj
 0001:00008700       ??$_Make_heap@PAFHFU?$less@X@std@@@std@@YAXPAF0U?$less@X@0@PAH0@Z 10009700 f i FpImageAlogrithm.obj
 0001:00008790       ??$_Med3@PAFU?$less@X@std@@@std@@YAXPAF00U?$less@X@0@@Z 10009790 f i FpImageAlogrithm.obj
 0001:00008860       ??$_Median@PAFU?$less@X@std@@@std@@YAXPAF00U?$less@X@0@@Z 10009860 f i FpImageAlogrithm.obj
 0001:00008980       ??$_Move@AAF@std@@YA$$QAFAAF@Z 10009980 f i FpImageAlogrithm.obj
 0001:00008990       ??$_Move_backward@PAFPAF@std@@YAPAFPAF00@Z 10009990 f i FpImageAlogrithm.obj
 0001:000089e0       ??$_Move_backward@PAFPAF@std@@YAPAFPAF00U_Scalar_ptr_iterator_tag@0@@Z 100099e0 f i FpImageAlogrithm.obj
 0001:00008a30       ??$_Pop_heap@PAFHFU?$less@X@std@@@std@@YAXPAF00$$QAFU?$less@X@0@PAH@Z 10009a30 f i FpImageAlogrithm.obj
 0001:00008a90       ??$_Pop_heap@PAFU?$less@X@std@@@std@@YAXPAF0U?$less@X@0@@Z 10009a90 f i FpImageAlogrithm.obj
 0001:00008ae0       ??$_Pop_heap_0@PAFFU?$less@X@std@@@std@@YAXPAF0U?$less@X@0@0@Z 10009ae0 f i FpImageAlogrithm.obj
 0001:00008b50       ??$_Ptr_cat@FF@std@@YA?AU_Scalar_ptr_iterator_tag@0@PAF0@Z 10009b50 f i FpImageAlogrithm.obj
 0001:00008b60       ??$_Push_heap@PAFHFU?$less@X@std@@@std@@YAXPAFHH$$QAFU?$less@X@0@@Z 10009b60 f i FpImageAlogrithm.obj
 0001:00008c20       ??$_Rechecked@PAFPAF@std@@YAAAPAFAAPAFPAF@Z 10009c20 f i FpImageAlogrithm.obj
 0001:00008c40       ??$_Sort@PAFHU?$less@X@std@@@std@@YAXPAF0HU?$less@X@0@@Z 10009c40 f i FpImageAlogrithm.obj
 0001:00008d90       ??$_Sort_heap@PAFU?$less@X@std@@@std@@YAXPAF0U?$less@X@0@@Z 10009d90 f i FpImageAlogrithm.obj
 0001:00008de0       ??$_Umove@PAF@?$vector@FV?$allocator@F@std@@@std@@IAEPAFPAF00@Z 10009de0 f i FpImageAlogrithm.obj
 0001:00008e20       ??$_Unchecked@PAF@std@@YAPAFPAF@Z 10009e20 f i FpImageAlogrithm.obj
 0001:00008e30       ??$_Unchecked@V?$_Vector_val@U?$_Simple_types@F@std@@@std@@@std@@YAPAFV?$_Vector_iterator@V?$_Vector_val@U?$_Simple_types@F@std@@@std@@@0@@Z 10009e30 f i FpImageAlogrithm.obj
 0001:00008ea0       ??$_Unguarded_partition@PAFU?$less@X@std@@@std@@YA?AU?$pair@PAFPAF@0@PAF0U?$less@X@0@@Z 10009ea0 f i FpImageAlogrithm.obj
 0001:00009270       ??$_Uninit_move@FFF@std@@YAPAFPAF00AAU?$_Wrap_alloc@V?$allocator@F@std@@@0@0U_Scalar_ptr_iterator_tag@0@@Z 1000a270 f i FpImageAlogrithm.obj
 0001:000092f0       ??$_Uninit_move@PAFPAFU?$_Wrap_alloc@V?$allocator@F@std@@@std@@@std@@YAPAFPAF00AAU?$_Wrap_alloc@V?$allocator@F@std@@@0@@Z 1000a2f0 f i FpImageAlogrithm.obj
 0001:00009350       ??$_Uninitialized_move@PAFPAFU?$_Wrap_alloc@V?$allocator@F@std@@@std@@@std@@YAPAFPAF00AAU?$_Wrap_alloc@V?$allocator@F@std@@@0@@Z 1000a350 f i FpImageAlogrithm.obj
 0001:000093b0       ??$_Val_type@PAF@std@@YAPAFPAF@Z 1000a3b0 f i FpImageAlogrithm.obj
 0001:000093c0       ??$addressof@$$CBF@std@@YAPBFABF@Z 1000a3c0 f i FpImageAlogrithm.obj
 0001:000093d0       ??$construct@FAAF@?$_Wrap_alloc@V?$allocator@F@std@@@std@@QAEXPAFAAF@Z 1000a3d0 f i FpImageAlogrithm.obj
 0001:00009410       ??$construct@FAAF@?$allocator@F@std@@QAEXPAFAAF@Z 1000a410 f i FpImageAlogrithm.obj
 0001:000094c0       ??$construct@FAAF@?$allocator_traits@V?$allocator@F@std@@@std@@SAXAAV?$allocator@F@1@PAFAAF@Z 1000a4c0 f i FpImageAlogrithm.obj
 0001:000094f0       ??$construct@FABF@?$_Wrap_alloc@V?$allocator@F@std@@@std@@QAEXPAFABF@Z 1000a4f0 f i FpImageAlogrithm.obj
 0001:00009530       ??$construct@FABF@?$allocator_traits@V?$allocator@F@std@@@std@@SAXAAV?$allocator@F@1@PAFABF@Z 1000a530 f i FpImageAlogrithm.obj
 0001:00009560       ??$construct@U_Container_proxy@std@@U12@@?$_Wrap_alloc@V?$allocator@U_Container_proxy@std@@@std@@@std@@QAEXPAU_Container_proxy@1@$$QAU21@@Z 1000a560 f i FpImageAlogrithm.obj
 0001:000095a0       ??$construct@U_Container_proxy@std@@U12@@?$allocator_traits@V?$allocator@U_Container_proxy@std@@@std@@@std@@SAXAAV?$allocator@U_Container_proxy@std@@@1@PAU_Container_proxy@1@$$QAU31@@Z 1000a5a0 f i FpImageAlogrithm.obj
 0001:000095d0       ??$destroy@U_Container_proxy@std@@@?$_Wrap_alloc@V?$allocator@U_Container_proxy@std@@@std@@@std@@QAEXPAU_Container_proxy@1@@Z 1000a5d0 f i FpImageAlogrithm.obj
 0001:00009600       ??$destroy@U_Container_proxy@std@@@?$allocator_traits@V?$allocator@U_Container_proxy@std@@@std@@@std@@SAXAAV?$allocator@U_Container_proxy@std@@@1@PAU_Container_proxy@1@@Z 1000a600 f i FpImageAlogrithm.obj
 0001:00009620       ??$forward@AAF@std@@YAAAFAAF@Z 1000a620 f i FpImageAlogrithm.obj
 0001:00009630       ??$forward@AAPAF@std@@YAAAPAFAAPAF@Z 1000a630 f i FpImageAlogrithm.obj
 0001:00009640       ??$forward@ABF@std@@YAABFABF@Z 1000a640 f i FpImageAlogrithm.obj
 0001:00009650       ??$iter_swap@PAFPAF@std@@YAXPAF0@Z 1000a650 f i FpImageAlogrithm.obj
 0001:00009670       ??$make_heap@PAFU?$less@X@std@@@std@@YAXPAF0U?$less@X@0@@Z 1000a670 f i FpImageAlogrithm.obj
 0001:00009720       ??$sort@V?$_Vector_iterator@V?$_Vector_val@U?$_Simple_types@F@std@@@std@@@std@@@std@@YAXV?$_Vector_iterator@V?$_Vector_val@U?$_Simple_types@F@std@@@std@@@0@0@Z 1000a720 f i FpImageAlogrithm.obj
 0001:000097f0       ??$sort@V?$_Vector_iterator@V?$_Vector_val@U?$_Simple_types@F@std@@@std@@@std@@U?$less@X@2@@std@@YAXV?$_Vector_iterator@V?$_Vector_val@U?$_Simple_types@F@std@@@std@@@0@0U?$less@X@0@@Z 1000a7f0 f i FpImageAlogrithm.obj
 0001:00009950       ??$sort_heap@PAFU?$less@X@std@@@std@@YAXPAF0U?$less@X@0@@Z 1000a950 f i FpImageAlogrithm.obj
 0001:00009a00       ??$swap@F@std@@YAXAAF0@Z   1000aa00 f i FpImageAlogrithm.obj
 0001:00009a60       ??0?$_Iterator012@Urandom_access_iterator_tag@std@@FHPBFABFU_Iterator_base12@2@@std@@QAE@ABU01@@Z 1000aa60 f i FpImageAlogrithm.obj
 0001:00009a90       ??0?$_Iterator012@Urandom_access_iterator_tag@std@@FHPBFABFU_Iterator_base12@2@@std@@QAE@XZ 1000aa90 f i FpImageAlogrithm.obj
 0001:00009ab0       ??0?$_Vector_alloc@$0A@U?$_Vec_base_types@FV?$allocator@F@std@@@std@@@std@@QAE@ABV?$allocator@F@1@@Z 1000aab0 f i FpImageAlogrithm.obj
 0001:00009b20       ??0?$_Vector_const_iterator@V?$_Vector_val@U?$_Simple_types@F@std@@@std@@@std@@QAE@ABV01@@Z 1000ab20 f i FpImageAlogrithm.obj
 0001:00009b60       ??0?$_Vector_const_iterator@V?$_Vector_val@U?$_Simple_types@F@std@@@std@@@std@@QAE@PAFPBU_Container_base12@1@@Z 1000ab60 f i FpImageAlogrithm.obj
 0001:00009be0       ??0?$_Vector_iterator@V?$_Vector_val@U?$_Simple_types@F@std@@@std@@@std@@QAE@ABV01@@Z 1000abe0 f i FpImageAlogrithm.obj
 0001:00009c10       ??0?$_Vector_iterator@V?$_Vector_val@U?$_Simple_types@F@std@@@std@@@std@@QAE@PAFPBU_Container_base12@1@@Z 1000ac10 f i FpImageAlogrithm.obj
 0001:00009c40       ??0?$_Vector_val@U?$_Simple_types@F@std@@@std@@QAE@XZ 1000ac40 f i FpImageAlogrithm.obj
 0001:00009c90       ??0?$_Wrap_alloc@V?$allocator@F@std@@@std@@QAE@XZ 1000ac90 f i FpImageAlogrithm.obj
 0001:00009cb0       ??0?$_Wrap_alloc@V?$allocator@U_Container_proxy@std@@@std@@@std@@QAE@XZ 1000acb0 f i FpImageAlogrithm.obj
 0001:00009cd0       ??0?$allocator@F@std@@QAE@XZ 1000acd0 f i FpImageAlogrithm.obj
 0001:00009cf0       ??0?$vector@FV?$allocator@F@std@@@std@@QAE@XZ 1000acf0 f i FpImageAlogrithm.obj
 0001:00009d20       ??0_Iterator_base12@std@@QAE@ABU01@@Z 1000ad20 f i FpImageAlogrithm.obj
 0001:00009d60       ??0_Iterator_base12@std@@QAE@XZ 1000ad60 f i FpImageAlogrithm.obj
 0001:00009d90       ??1?$_Iterator012@Urandom_access_iterator_tag@std@@FHPBFABFU_Iterator_base12@2@@std@@QAE@XZ 1000ad90 f i FpImageAlogrithm.obj
 0001:00009db0       ??1?$_Vector_alloc@$0A@U?$_Vec_base_types@FV?$allocator@F@std@@@std@@@std@@QAE@XZ 1000adb0 f i FpImageAlogrithm.obj
 0001:00009de0       ??1?$_Vector_const_iterator@V?$_Vector_val@U?$_Simple_types@F@std@@@std@@@std@@QAE@XZ 1000ade0 f i FpImageAlogrithm.obj
 0001:00009e00       ??1?$_Vector_iterator@V?$_Vector_val@U?$_Simple_types@F@std@@@std@@@std@@QAE@XZ 1000ae00 f i FpImageAlogrithm.obj
 0001:00009e20       ??1?$_Vector_val@U?$_Simple_types@F@std@@@std@@QAE@XZ 1000ae20 f i FpImageAlogrithm.obj
 0001:00009e40       ??1?$vector@FV?$allocator@F@std@@@std@@QAE@XZ 1000ae40 f i FpImageAlogrithm.obj
 0001:00009e70       ??1_Iterator_base12@std@@QAE@XZ 1000ae70 f i FpImageAlogrithm.obj
 0001:00009eb0       ??4FpImageAlogrithm@@QAEAAV0@ABV0@@Z 1000aeb0 f i FpImageAlogrithm.obj
 0001:00009ed0       ??4_Iterator_base12@std@@QAEAAU01@ABU01@@Z 1000aed0 f i FpImageAlogrithm.obj
 0001:00009f90       ??8?$_Vector_const_iterator@V?$_Vector_val@U?$_Simple_types@F@std@@@std@@@std@@QBE_NABV01@@Z 1000af90 f i FpImageAlogrithm.obj
 0001:00009fe0       ??9?$_Vector_const_iterator@V?$_Vector_val@U?$_Simple_types@F@std@@@std@@@std@@QBE_NABV01@@Z 1000afe0 f i FpImageAlogrithm.obj
 0001:0000a030       ??A?$vector@FV?$allocator@F@std@@@std@@QAEAAFI@Z 1000b030 f i FpImageAlogrithm.obj
 0001:0000a0f0       ??G?$_Vector_const_iterator@V?$_Vector_val@U?$_Simple_types@F@std@@@std@@@std@@QBEHABV01@@Z 1000b0f0 f i FpImageAlogrithm.obj
 0001:0000a120       ??G?$_Vector_iterator@V?$_Vector_val@U?$_Simple_types@F@std@@@std@@@std@@QBEHABV?$_Vector_const_iterator@V?$_Vector_val@U?$_Simple_types@F@std@@@std@@@1@@Z 1000b120 f i FpImageAlogrithm.obj
 0001:0000a140       ??M?$_Vector_const_iterator@V?$_Vector_val@U?$_Simple_types@F@std@@@std@@@std@@QBE_NABV01@@Z 1000b140 f i FpImageAlogrithm.obj
 0001:0000a190       ?_Adopt@_Iterator_base12@std@@QAEXPBU_Container_base12@2@@Z 1000b190 f i FpImageAlogrithm.obj
 0001:0000a290       ?_Alloc_proxy@?$_Vector_alloc@$0A@U?$_Vec_base_types@FV?$allocator@F@std@@@std@@@std@@QAEXXZ 1000b290 f i FpImageAlogrithm.obj
 0001:0000a2f0       ?_Clrcont@_Iterator_base12@std@@QAEXXZ 1000b2f0 f i FpImageAlogrithm.obj
 0001:0000a310       ?_Compat@?$_Vector_const_iterator@V?$_Vector_val@U?$_Simple_types@F@std@@@std@@@std@@QBEXABV12@@Z 1000b310 f i FpImageAlogrithm.obj
 0001:0000a3e0       ?_Destroy@?$vector@FV?$allocator@F@std@@@std@@IAEXPAF0@Z 1000b3e0 f i FpImageAlogrithm.obj
 0001:0000a420       ?_Free_proxy@?$_Vector_alloc@$0A@U?$_Vec_base_types@FV?$allocator@F@std@@@std@@@std@@QAEXXZ 1000b420 f i FpImageAlogrithm.obj
 0001:0000a480       ?_Getal@?$_Vector_alloc@$0A@U?$_Vec_base_types@FV?$allocator@F@std@@@std@@@std@@QBE?AU?$_Wrap_alloc@V?$allocator@F@std@@@2@XZ 1000b480 f i FpImageAlogrithm.obj
 0001:0000a4a0       ?_Getcont@_Iterator_base12@std@@QBEPBU_Container_base12@2@XZ 1000b4a0 f i FpImageAlogrithm.obj
 0001:0000a4e0       ?_Getpnext@_Iterator_base12@std@@QAEPAPAU12@XZ 1000b4e0 f i FpImageAlogrithm.obj
 0001:0000a500       ?_Grow_to@?$vector@FV?$allocator@F@std@@@std@@IBEII@Z 1000b500 f i FpImageAlogrithm.obj
 0001:0000a570       ?_Inside@?$vector@FV?$allocator@F@std@@@std@@IBE_NPBF@Z 1000b570 f i FpImageAlogrithm.obj
 0001:0000a5c0       ?_Orphan_me@_Iterator_base12@std@@QAEXXZ 1000b5c0 f i FpImageAlogrithm.obj
 0001:0000a650       ?_Orphan_range@?$vector@FV?$allocator@F@std@@@std@@IBEXPAF0@Z 1000b650 f i FpImageAlogrithm.obj
 0001:0000a740       ?_Reallocate@?$vector@FV?$allocator@F@std@@@std@@IAEXI@Z 1000b740 f i FpImageAlogrithm.obj
 0001:0000a8d0       ?_Reserve@?$vector@FV?$allocator@F@std@@@std@@IAEXI@Z 1000b8d0 f i FpImageAlogrithm.obj
 0001:0000a940       ?_Tidy@?$vector@FV?$allocator@F@std@@@std@@IAEXXZ 1000b940 f i FpImageAlogrithm.obj
 0001:0000a9e0       ?_Unchecked@?$_Vector_iterator@V?$_Vector_val@U?$_Simple_types@F@std@@@std@@@std@@QBEPAFXZ 1000b9e0 f i FpImageAlogrithm.obj
 0001:0000aa00       ?_Unused_capacity@?$vector@FV?$allocator@F@std@@@std@@QBEIXZ 1000ba00 f i FpImageAlogrithm.obj
 0001:0000aa20       ?_Xlen@?$vector@FV?$allocator@F@std@@@std@@IBEXXZ 1000ba20 f i FpImageAlogrithm.obj
 0001:0000aa40       ?allocate@?$_Wrap_alloc@V?$allocator@F@std@@@std@@QAEPAFI@Z 1000ba40 f i FpImageAlogrithm.obj
 0001:0000aa60       ?allocate@?$_Wrap_alloc@V?$allocator@U_Container_proxy@std@@@std@@@std@@QAEPAU_Container_proxy@2@I@Z 1000ba60 f i FpImageAlogrithm.obj
 0001:0000aa80       ?allocate@?$allocator@F@std@@QAEPAFI@Z 1000ba80 f i FpImageAlogrithm.obj
 0001:0000aab0       ?begin@?$vector@FV?$allocator@F@std@@@std@@QAE?AV?$_Vector_iterator@V?$_Vector_val@U?$_Simple_types@F@std@@@std@@@2@XZ 1000bab0 f i FpImageAlogrithm.obj
 0001:0000aae0       ?capacity@?$vector@FV?$allocator@F@std@@@std@@QBEIXZ 1000bae0 f i FpImageAlogrithm.obj
 0001:0000ab00       ?clear@?$vector@FV?$allocator@F@std@@@std@@QAEXXZ 1000bb00 f i FpImageAlogrithm.obj
 0001:0000ab50       ?construct@?$allocator@F@std@@QAEXPAFABF@Z 1000bb50 f i FpImageAlogrithm.obj
 0001:0000abb0       ?deallocate@?$_Wrap_alloc@V?$allocator@F@std@@@std@@QAEXPAFI@Z 1000bbb0 f i FpImageAlogrithm.obj
 0001:0000abe0       ?deallocate@?$_Wrap_alloc@V?$allocator@U_Container_proxy@std@@@std@@@std@@QAEXPAU_Container_proxy@2@I@Z 1000bbe0 f i FpImageAlogrithm.obj
 0001:0000ac10       ?deallocate@?$allocator@F@std@@QAEXPAFI@Z 1000bc10 f i FpImageAlogrithm.obj
 0001:0000ac30       ?end@?$vector@FV?$allocator@F@std@@@std@@QAE?AV?$_Vector_iterator@V?$_Vector_val@U?$_Simple_types@F@std@@@std@@@2@XZ 1000bc30 f i FpImageAlogrithm.obj
 0001:0000ac60       ?max_size@?$_Wrap_alloc@V?$allocator@F@std@@@std@@QBEIXZ 1000bc60 f i FpImageAlogrithm.obj
 0001:0000ac80       ?max_size@?$allocator@F@std@@QBEIXZ 1000bc80 f i FpImageAlogrithm.obj
 0001:0000aca0       ?max_size@?$allocator_traits@V?$allocator@F@std@@@std@@SAIABV?$allocator@F@2@@Z 1000bca0 f i FpImageAlogrithm.obj
 0001:0000acb0       ?max_size@?$vector@FV?$allocator@F@std@@@std@@QBEIXZ 1000bcb0 f i FpImageAlogrithm.obj
 0001:0000ace0       ?push_back@?$vector@FV?$allocator@F@std@@@std@@QAEXABF@Z 1000bce0 f i FpImageAlogrithm.obj
 0001:0000ae30       ?size@?$vector@FV?$allocator@F@std@@@std@@QBEIXZ 1000be30 f i FpImageAlogrithm.obj
 0001:0000ae50       ?sqrt@@YAOO@Z              1000be50 f i FpImageAlogrithm.obj
 0001:0000ae70       _sqrtl                     1000be70 f i FpImageAlogrithm.obj
 0001:0000ae90       _cpid_dll_version          1000be90 f   stellerAlgoShared:stellerAlgoShared.dll
 0001:0000ae96       _cpid_postprocess          1000be96 f   stellerAlgoShared:stellerAlgoShared.dll
 0001:0000ae9c       _cpid_extract_bad_pixel_indices_from_encoded_image 1000be9c f   stellerAlgoShared:stellerAlgoShared.dll
 0001:0000aea2       _cpid_compress             1000bea2 f   stellerAlgoShared:stellerAlgoShared.dll
 0001:0000aea8       _cpid_inflate              1000bea8 f   stellerAlgoShared:stellerAlgoShared.dll
 0001:0000aeae       _cpid_reduce_to_8Bits      1000beae f   stellerAlgoShared:stellerAlgoShared.dll
 0001:0000aeb4       _cpid_unpack_12bit_dword_aligned_to_16bit_no_crop 1000beb4 f   stellerAlgoShared:stellerAlgoShared.dll
 0001:0000aeba       _cpid_crop_frame           1000beba f   stellerAlgoShared:stellerAlgoShared.dll
 0001:0000aec0       _cpid_get_bad_pixels_indices_int 1000bec0 f   stellerAlgoShared:stellerAlgoShared.dll
 0001:0000aec6       _cpid_bubble_test          1000bec6 f   stellerAlgoShared:stellerAlgoShared.dll
 0001:0000aecc       _stellerBadRowColumnEdgesDetection 1000becc f   stellerAlgoShared:stellerAlgoShared.dll
 0001:0000aed2       _stellerBadRefHighDetectUsingZones 1000bed2 f   stellerAlgoShared:stellerAlgoShared.dll
 0001:0000aed8       _computeHybridCalCoeffs    1000bed8 f   stellerAlgoShared:stellerAlgoShared.dll
 0001:0000aede       _preProcessHybridCal       1000bede f   stellerAlgoShared:stellerAlgoShared.dll
 0001:0000aee4       _evaluateImageQualityStatsHybrid 1000bee4 f   stellerAlgoShared:stellerAlgoShared.dll
 0001:0000aeea       _steller_Evaluate_image_quality_stats_hybrid_GiveSignalSNR 1000beea f   stellerAlgoShared:stellerAlgoShared.dll
 0001:0000aef0       ??_U@YAPAXI@Z              1000bef0 f   msvcprtd:newaop_s.obj
 0001:0000af02       ?_Debug_message@std@@YAXPB_W0I@Z 1000bf02 f   msvcprtd:MSVCP120D.dll
 0001:0000af08       ??0_Container_base12@std@@QAE@XZ 1000bf08 f   msvcprtd:MSVCP120D.dll
 0001:0000af0e       ??1_Container_base12@std@@QAE@XZ 1000bf0e f   msvcprtd:MSVCP120D.dll
 0001:0000af14       ?_Orphan_all@_Container_base12@std@@QAEXXZ 1000bf14 f   msvcprtd:MSVCP120D.dll
 0001:0000af1a       ?_Xbad_alloc@std@@YAXXZ    1000bf1a f   msvcprtd:MSVCP120D.dll
 0001:0000af20       ?_Xlength_error@std@@YAXPBD@Z 1000bf20 f   msvcprtd:MSVCP120D.dll
 0001:0000af26       ?_Xout_of_range@std@@YAXPBD@Z 1000bf26 f   msvcprtd:MSVCP120D.dll
 0001:0000af2c       ??0id@locale@std@@QAE@I@Z  1000bf2c f   msvcprtd:MSVCP120D.dll
 0001:0000af32       ?_Syserror_map@std@@YAPBDH@Z 1000bf32 f   msvcprtd:MSVCP120D.dll
 0001:0000af38       ?_Winerror_map@std@@YAPBDH@Z 1000bf38 f   msvcprtd:MSVCP120D.dll
 0001:0000af3e       ??0_Lockit@std@@QAE@H@Z    1000bf3e f   msvcprtd:MSVCP120D.dll
 0001:0000af44       ??1_Lockit@std@@QAE@XZ     1000bf44 f   msvcprtd:MSVCP120D.dll
 0001:0000af4a       ?_Getpfirst@_Container_base12@std@@QBEPAPAU_Iterator_base12@2@XZ 1000bf4a f   msvcprtd:MSVCP120D.dll
 0001:0000af50       __purecall                 1000bf50 f   MSVCRTD:MSVCR120D.dll
 0001:0000af56       ??2@YAPAXI@Z               1000bf56 f   MSVCRTD:MSVCR120D.dll
 0001:0000af5c       ??3@YAXPAX@Z               1000bf5c f   MSVCRTD:MSVCR120D.dll
 0001:0000af70       ___atonexitinit            1000bf70 f   MSVCRTD:atonexit.obj
 0001:0000b020       __onexit                   1000c020 f   MSVCRTD:atonexit.obj
 0001:0000b120       _atexit                    1000c120 f   MSVCRTD:atonexit.obj
 0001:0000b14c       _free                      1000c14c f   MSVCRTD:MSVCR120D.dll
 0001:0000b152       _malloc                    1000c152 f   MSVCRTD:MSVCR120D.dll
 0001:0000b158       _memcpy                    1000c158 f   MSVCRTD:MSVCR120D.dll
 0001:0000b15e       _memset                    1000c15e f   MSVCRTD:MSVCR120D.dll
 0001:0000b164       _strlen                    1000c164 f   MSVCRTD:MSVCR120D.dll
 0001:0000b16a       _memmove                   1000c16a f   MSVCRTD:MSVCR120D.dll
 0001:0000b170       __hypot                    1000c170 f   MSVCRTD:MSVCR120D.dll
 0001:0000b176       ??_V@YAXPAX@Z              1000c176 f   MSVCRTD:MSVCR120D.dll
 0001:0000b180       @__security_check_cookie@4 1000c180 f   MSVCRTD:secchk.obj
 0001:0000b190       __CxxThrowException@8      1000c190 f   MSVCRTD:MSVCR120D.dll
 0001:0000b196       ___CxxFrameHandler3        1000c196 f   MSVCRTD:MSVCR120D.dll
 0001:0000b1a0       ??0type_info@@AAE@ABV0@@Z  1000c1a0 f   MSVCRTD:ti_inst.obj
 0001:0000b1c0       ??4type_info@@AAEAAV0@ABV0@@Z 1000c1c0 f   MSVCRTD:ti_inst.obj
 0001:0000b1d0       ??_Etype_info@@UAEPAXI@Z   1000c1d0 f i MSVCRTD:ti_inst.obj
 0001:0000b240       __invalid_parameter        1000c240 f   MSVCRTD:MSVCR120D.dll
 0001:0000b246       _abs                       1000c246 f   MSVCRTD:MSVCR120D.dll
 0001:0000b24c       _fabs                      1000c24c f   MSVCRTD:MSVCR120D.dll
 0001:0000b252       _sqrt                      1000c252 f   MSVCRTD:MSVCR120D.dll
 0001:0000b258       __CrtDbgReportW            1000c258 f   MSVCRTD:MSVCR120D.dll
 0001:0000b260       __alloca_probe             1000c260 f   MSVCRTD:chkstk.obj
 0001:0000b260       __chkstk                   1000c260 f   MSVCRTD:chkstk.obj
 0001:0000b290       __ftol2_sse                1000c290 f   MSVCRTD:ftol2.obj
 0001:0000b299       __ftol2_pentium4           1000c299 f   MSVCRTD:ftol2.obj
 0001:0000b2ac       __ftol2_sse_excpt          1000c2ac f   MSVCRTD:ftol2.obj
 0001:0000b2c6       __ftol2                    1000c2c6 f   MSVCRTD:ftol2.obj
 0001:0000b340       __ftoui3                   1000c340 f   MSVCRTD:ftol3.obj
 0001:0000b34f       __ftoul3                   1000c34f f   MSVCRTD:ftol3.obj
 0001:0000b35e       __ftol3                    1000c35e f   MSVCRTD:ftol3.obj
 0001:0000b36b       __ftol3_NaN                1000c36b f   MSVCRTD:ftol3.obj
 0001:0000b383       __ftol3_work               1000c383 f   MSVCRTD:ftol3.obj
 0001:0000b409       __ftol3_common             1000c409 f   MSVCRTD:ftol3.obj
 0001:0000b4cb       __ftol3_arg_error          1000c4cb f   MSVCRTD:ftol3.obj
 0001:0000b4dd       __ftol3_except             1000c4dd f   MSVCRTD:ftol3.obj
 0001:0000b51f       __dtoui3                   1000c51f f   MSVCRTD:ftol3.obj
 0001:0000b52e       __dtoul3                   1000c52e f   MSVCRTD:ftol3.obj
 0001:0000b53d       __dtol3                    1000c53d f   MSVCRTD:ftol3.obj
 0001:0000b54a       __dtol3_NaN                1000c54a f   MSVCRTD:ftol3.obj
 0001:0000b567       __dtol3_work               1000c567 f   MSVCRTD:ftol3.obj
 0001:0000b64c       __ultod3                   1000c64c f   MSVCRTD:ftol3.obj
 0001:0000b6dd       __ltod3                    1000c6dd f   MSVCRTD:ftol3.obj
 0001:0000b790       _NtCurrentTeb              1000c790 f i MSVCRTD:crtdll.obj
 0001:0000b7a0       __CRT_INIT@12              1000c7a0 f   MSVCRTD:crtdll.obj
 0001:0000ba80       __DllMainCRTStartup@12     1000ca80 f   MSVCRTD:crtdll.obj
 0001:0000bc70       __lock                     1000cc70 f   MSVCRTD:MSVCR120D.dll
 0001:0000bc76       __unlock                   1000cc76 f   MSVCRTD:MSVCR120D.dll
 0001:0000bc7c       __calloc_dbg               1000cc7c f   MSVCRTD:MSVCR120D.dll
 0001:0000bc82       ___dllonexit               1000cc82 f   MSVCRTD:MSVCR120D.dll
 0001:0000bc90       __except_handler4          1000cc90 f   MSVCRTD:chandler4gs.obj
 0001:0000bcc0       ___raise_securityfailure   1000ccc0 f   MSVCRTD:gs_report.obj
 0001:0000bd10       ___report_gsfailure        1000cd10 f   MSVCRTD:gs_report.obj
 0001:0000be20       ___report_rangecheckfailure 1000ce20 f   MSVCRTD:gs_report.obj
 0001:0000be30       ___report_securityfailure  1000ce30 f   MSVCRTD:gs_report.obj
 0001:0000bf10       ___report_securityfailureEx 1000cf10 f   MSVCRTD:gs_report.obj
 0001:0000c040       ??_M@YGXPAXIHP6EX0@Z@Z     1000d040 f   MSVCRTD:ehvecdtr.obj
 0001:0000c120       ?__ArrayUnwind@@YGXPAXIHP6EX0@Z@Z 1000d120 f   MSVCRTD:ehvecdtr.obj
 0001:0000c1aa       ??1type_info@@UAE@XZ       1000d1aa f   MSVCRTD:MSVCR120D.dll
 0001:0000c1b0       ___isa_available_init      1000d1b0 f   MSVCRTD:cpu_disp.obj
 0001:0000c456       __except1                  1000d456 f   MSVCRTD:MSVCR120D.dll
 0001:0000c45c       ___CppXcptFilter           1000d45c f   MSVCRTD:MSVCR120D.dll
 0001:0000c462       __amsg_exit                1000d462 f   MSVCRTD:MSVCR120D.dll
 0001:0000c468       __malloc_dbg               1000d468 f   MSVCRTD:MSVCR120D.dll
 0001:0000c46e       __free_dbg                 1000d46e f   MSVCRTD:MSVCR120D.dll
 0001:0000c474       __CrtSetCheckCount         1000d474 f   MSVCRTD:MSVCR120D.dll
 0001:0000c480       __FindPESection            1000d480 f   MSVCRTD:pesect.obj
 0001:0000c500       __IsNonwritableInCurrentImage 1000d500 f   MSVCRTD:pesect.obj
 0001:0000c630       __ValidateImageBase        1000d630 f   MSVCRTD:pesect.obj
 0001:0000c690       ___security_init_cookie    1000d690 f   MSVCRTD:gs_support.obj
 0001:0000c770       _DllMain@12                1000d770 f   MSVCRTD:dllmain.obj
 0001:0000c7a0       __RTC_Initialize           1000d7a0 f   MSVCRTD:initsect.obj
 0001:0000c7d0       __RTC_Terminate            1000d7d0 f   MSVCRTD:initsect.obj
 0001:0000c7f6       __initterm                 1000d7f6 f   MSVCRTD:MSVCR120D.dll
 0001:0000c7fc       __initterm_e               1000d7fc f   MSVCRTD:MSVCR120D.dll
 0001:0000c810       ___clean_type_info_names   1000d810 f   MSVCRTD:tncleanup.obj
 0001:0000c822       __except_handler4_common   1000d822 f   MSVCRTD:MSVCR120D.dll
 0001:0000c828       __crt_debugger_hook        1000d828 f   MSVCRTD:MSVCR120D.dll
 0001:0000c82e       ___crtUnhandledException   1000d82e f   MSVCRTD:MSVCR120D.dll
 0001:0000c834       ___crtTerminateProcess     1000d834 f   MSVCRTD:MSVCR120D.dll
 0001:0000c83a       ?terminate@@YAXXZ          1000d83a f   MSVCRTD:MSVCR120D.dll
 0001:0000c840       ___clean_type_info_names_internal 1000d840 f   MSVCRTD:MSVCR120D.dll
 0001:0000c846       _EncodePointer@4           1000d846 f   kernel32:KERNEL32.dll
 0001:0000c84c       _DecodePointer@4           1000d84c f   kernel32:KERNEL32.dll
 0001:0000c852       _IsDebuggerPresent@0       1000d852 f   kernel32:KERNEL32.dll
 0001:0000c858       _IsProcessorFeaturePresent@4 1000d858 f   kernel32:KERNEL32.dll
 0001:0000c85e       _QueryPerformanceCounter@4 1000d85e f   kernel32:KERNEL32.dll
 0001:0000c864       _GetCurrentProcessId@0     1000d864 f   kernel32:KERNEL32.dll
 0001:0000c86a       _GetCurrentThreadId@0      1000d86a f   kernel32:KERNEL32.dll
 0001:0000c870       _GetSystemTimeAsFileTime@4 1000d870 f   kernel32:KERNEL32.dll
 0001:0000c876       _DisableThreadLibraryCalls@4 1000d876 f   kernel32:KERNEL32.dll
 0002:00000000       ___xc_a                    10012000     MSVCRTD:cinitexe.obj
 0002:00000234       ___xc_z                    10012234     MSVCRTD:cinitexe.obj
 0002:00000338       ___xi_a                    10012338     MSVCRTD:cinitexe.obj
 0002:0000064c       ___xi_z                    1001264c     MSVCRTD:cinitexe.obj
 0002:00000788       ?digits@?$numeric_limits@N@std@@2HB 10012788     FpCPIDImageAlogrithm.obj
 0002:0000078c       ?digits10@?$numeric_limits@N@std@@2HB 1001278c     FpCPIDImageAlogrithm.obj
 0002:00000790       ?max_digits10@?$numeric_limits@N@std@@2HB 10012790     FpCPIDImageAlogrithm.obj
 0002:00000794       ?max_exponent@?$numeric_limits@N@std@@2HB 10012794     FpCPIDImageAlogrithm.obj
 0002:00000798       ?max_exponent10@?$numeric_limits@N@std@@2HB 10012798     FpCPIDImageAlogrithm.obj
 0002:0000079c       ?value@?$_Maximum@$S@std@@2IB 1001279c     FpCPIDImageAlogrithm.obj
 0002:000007a0       ?min_exponent@?$numeric_limits@N@std@@2HB 100127a0     FpCPIDImageAlogrithm.obj
 0002:000007a4       ?min_exponent10@?$numeric_limits@N@std@@2HB 100127a4     FpCPIDImageAlogrithm.obj
 0002:000007a8       ?value@?$integral_constant@I$0A@@std@@2IB 100127a8     FpCPIDImageAlogrithm.obj
 0002:000007ac       ?digits@?$numeric_limits@O@std@@2HB 100127ac     FpCPIDImageAlogrithm.obj
 0002:000007b0       ?digits10@?$numeric_limits@O@std@@2HB 100127b0     FpCPIDImageAlogrithm.obj
 0002:000007b4       ?max_digits10@?$numeric_limits@O@std@@2HB 100127b4     FpCPIDImageAlogrithm.obj
 0002:000007b8       ?max_exponent@?$numeric_limits@O@std@@2HB 100127b8     FpCPIDImageAlogrithm.obj
 0002:000007bc       ?max_exponent10@?$numeric_limits@O@std@@2HB 100127bc     FpCPIDImageAlogrithm.obj
 0002:000007c0       ?skipws@?$_Iosb@H@std@@2W4_Fmtflags@12@B 100127c0     FpCPIDImageAlogrithm.obj
 0002:000007c4       ?min_exponent@?$numeric_limits@O@std@@2HB 100127c4     FpCPIDImageAlogrithm.obj
 0002:000007c8       ?unitbuf@?$_Iosb@H@std@@2W4_Fmtflags@12@B 100127c8     FpCPIDImageAlogrithm.obj
 0002:000007cc       ?min_exponent10@?$numeric_limits@O@std@@2HB 100127cc     FpCPIDImageAlogrithm.obj
 0002:000007d0       ?uppercase@?$_Iosb@H@std@@2W4_Fmtflags@12@B 100127d0     FpCPIDImageAlogrithm.obj
 0002:000007d4       ?showbase@?$_Iosb@H@std@@2W4_Fmtflags@12@B 100127d4     FpCPIDImageAlogrithm.obj
 0002:000007d8       ?showpoint@?$_Iosb@H@std@@2W4_Fmtflags@12@B 100127d8     FpCPIDImageAlogrithm.obj
 0002:000007dc       ?showpos@?$_Iosb@H@std@@2W4_Fmtflags@12@B 100127dc     FpCPIDImageAlogrithm.obj
 0002:000007e0       ?left@?$_Iosb@H@std@@2W4_Fmtflags@12@B 100127e0     FpCPIDImageAlogrithm.obj
 0002:000007e4       ?right@?$_Iosb@H@std@@2W4_Fmtflags@12@B 100127e4     FpCPIDImageAlogrithm.obj
 0002:000007e8       ?internal@?$_Iosb@H@std@@2W4_Fmtflags@12@B 100127e8     FpCPIDImageAlogrithm.obj
 0002:000007ec       ?dec@?$_Iosb@H@std@@2W4_Fmtflags@12@B 100127ec     FpCPIDImageAlogrithm.obj
 0002:000007f0       ?oct@?$_Iosb@H@std@@2W4_Fmtflags@12@B 100127f0     FpCPIDImageAlogrithm.obj
 0002:000007f4       ?hex@?$_Iosb@H@std@@2W4_Fmtflags@12@B 100127f4     FpCPIDImageAlogrithm.obj
 0002:000007f8       ?scientific@?$_Iosb@H@std@@2W4_Fmtflags@12@B 100127f8     FpCPIDImageAlogrithm.obj
 0002:000007fc       ?fixed@?$_Iosb@H@std@@2W4_Fmtflags@12@B 100127fc     FpCPIDImageAlogrithm.obj
 0002:00000800       ?collate@?$_Locbase@H@std@@2HB 10012800     FpCPIDImageAlogrithm.obj
 0002:00000804       ?ctype@?$_Locbase@H@std@@2HB 10012804     FpCPIDImageAlogrithm.obj
 0002:00000808       ?hexfloat@?$_Iosb@H@std@@2W4_Fmtflags@12@B 10012808     FpCPIDImageAlogrithm.obj
 0002:0000080c       ?monetary@?$_Locbase@H@std@@2HB 1001280c     FpCPIDImageAlogrithm.obj
 0002:00000810       ?numeric@?$_Locbase@H@std@@2HB 10012810     FpCPIDImageAlogrithm.obj
 0002:00000814       ?boolalpha@?$_Iosb@H@std@@2W4_Fmtflags@12@B 10012814     FpCPIDImageAlogrithm.obj
 0002:00000818       ?time@?$_Locbase@H@std@@2HB 10012818     FpCPIDImageAlogrithm.obj
 0002:0000081c       ?_Stdio@?$_Iosb@H@std@@2W4_Fmtflags@12@B 1001281c     FpCPIDImageAlogrithm.obj
 0002:00000820       ?messages@?$_Locbase@H@std@@2HB 10012820     FpCPIDImageAlogrithm.obj
 0002:00000824       ?all@?$_Locbase@H@std@@2HB 10012824     FpCPIDImageAlogrithm.obj
 0002:00000828       ?adjustfield@?$_Iosb@H@std@@2W4_Fmtflags@12@B 10012828     FpCPIDImageAlogrithm.obj
 0002:0000082c       ?none@?$_Locbase@H@std@@2HB 1001282c     FpCPIDImageAlogrithm.obj
 0002:00000830       ?basefield@?$_Iosb@H@std@@2W4_Fmtflags@12@B 10012830     FpCPIDImageAlogrithm.obj
 0002:00000834       ?floatfield@?$_Iosb@H@std@@2W4_Fmtflags@12@B 10012834     FpCPIDImageAlogrithm.obj
 0002:00000838       ?goodbit@?$_Iosb@H@std@@2W4_Iostate@12@B 10012838     FpCPIDImageAlogrithm.obj
 0002:0000083c       ?eofbit@?$_Iosb@H@std@@2W4_Iostate@12@B 1001283c     FpCPIDImageAlogrithm.obj
 0002:00000840       ?failbit@?$_Iosb@H@std@@2W4_Iostate@12@B 10012840     FpCPIDImageAlogrithm.obj
 0002:00000844       ?badbit@?$_Iosb@H@std@@2W4_Iostate@12@B 10012844     FpCPIDImageAlogrithm.obj
 0002:00000848       ?_Hardfail@?$_Iosb@H@std@@2W4_Iostate@12@B 10012848     FpCPIDImageAlogrithm.obj
 0002:0000084c       ?in@?$_Iosb@H@std@@2W4_Openmode@12@B 1001284c     FpCPIDImageAlogrithm.obj
 0002:00000850       ?out@?$_Iosb@H@std@@2W4_Openmode@12@B 10012850     FpCPIDImageAlogrithm.obj
 0002:00000854       ?ate@?$_Iosb@H@std@@2W4_Openmode@12@B 10012854     FpCPIDImageAlogrithm.obj
 0002:00000858       ?app@?$_Iosb@H@std@@2W4_Openmode@12@B 10012858     FpCPIDImageAlogrithm.obj
 0002:0000085c       ?trunc@?$_Iosb@H@std@@2W4_Openmode@12@B 1001285c     FpCPIDImageAlogrithm.obj
 0002:00000860       ?_Nocreate@?$_Iosb@H@std@@2W4_Openmode@12@B 10012860     FpCPIDImageAlogrithm.obj
 0002:00000864       ?_Noreplace@?$_Iosb@H@std@@2W4_Openmode@12@B 10012864     FpCPIDImageAlogrithm.obj
 0002:00000868       ?binary@?$_Iosb@H@std@@2W4_Openmode@12@B 10012868     FpCPIDImageAlogrithm.obj
 0002:0000086c       ?beg@?$_Iosb@H@std@@2W4_Seekdir@12@B 1001286c     FpCPIDImageAlogrithm.obj
 0002:00000870       ?cur@?$_Iosb@H@std@@2W4_Seekdir@12@B 10012870     FpCPIDImageAlogrithm.obj
 0002:00000874       ?end@?$_Iosb@H@std@@2W4_Seekdir@12@B 10012874     FpCPIDImageAlogrithm.obj
 0002:00000878       ?has_denorm@_Num_base@std@@2W4float_denorm_style@2@B 10012878     FpCPIDImageAlogrithm.obj
 0002:0000087c       ?has_denorm_loss@_Num_base@std@@2_NB 1001287c     FpCPIDImageAlogrithm.obj
 0002:0000087d       ?has_infinity@_Num_base@std@@2_NB 1001287d     FpCPIDImageAlogrithm.obj
 0002:0000087e       ?has_quiet_NaN@_Num_base@std@@2_NB 1001287e     FpCPIDImageAlogrithm.obj
 0002:0000087f       ?has_signaling_NaN@_Num_base@std@@2_NB 1001287f     FpCPIDImageAlogrithm.obj
 0002:00000880       ?is_bounded@_Num_base@std@@2_NB 10012880     FpCPIDImageAlogrithm.obj
 0002:00000881       ?is_exact@_Num_base@std@@2_NB 10012881     FpCPIDImageAlogrithm.obj
 0002:00000882       ?is_iec559@_Num_base@std@@2_NB 10012882     FpCPIDImageAlogrithm.obj
 0002:00000883       ?is_integer@_Num_base@std@@2_NB 10012883     FpCPIDImageAlogrithm.obj
 0002:00000884       ?is_modulo@_Num_base@std@@2_NB 10012884     FpCPIDImageAlogrithm.obj
 0002:00000885       ?is_signed@_Num_base@std@@2_NB 10012885     FpCPIDImageAlogrithm.obj
 0002:00000886       ?is_specialized@_Num_base@std@@2_NB 10012886     FpCPIDImageAlogrithm.obj
 0002:00000887       ?tinyness_before@_Num_base@std@@2_NB 10012887     FpCPIDImageAlogrithm.obj
 0002:00000888       ?traps@_Num_base@std@@2_NB 10012888     FpCPIDImageAlogrithm.obj
 0002:0000088c       ?round_style@_Num_base@std@@2W4float_round_style@2@B 1001288c     FpCPIDImageAlogrithm.obj
 0002:00000890       ?digits@_Num_base@std@@2HB 10012890     FpCPIDImageAlogrithm.obj
 0002:00000894       ?digits10@_Num_base@std@@2HB 10012894     FpCPIDImageAlogrithm.obj
 0002:00000898       ?max_digits10@_Num_base@std@@2HB 10012898     FpCPIDImageAlogrithm.obj
 0002:0000089c       ?max_exponent@_Num_base@std@@2HB 1001289c     FpCPIDImageAlogrithm.obj
 0002:000008a0       ?max_exponent10@_Num_base@std@@2HB 100128a0     FpCPIDImageAlogrithm.obj
 0002:000008a4       ?min_exponent@_Num_base@std@@2HB 100128a4     FpCPIDImageAlogrithm.obj
 0002:000008a8       ?min_exponent10@_Num_base@std@@2HB 100128a8     FpCPIDImageAlogrithm.obj
 0002:000008ac       ?radix@_Num_base@std@@2HB  100128ac     FpCPIDImageAlogrithm.obj
 0002:000008b0       ?is_bounded@_Num_int_base@std@@2_NB 100128b0     FpCPIDImageAlogrithm.obj
 0002:000008b1       ?is_exact@_Num_int_base@std@@2_NB 100128b1     FpCPIDImageAlogrithm.obj
 0002:000008b2       ?is_integer@_Num_int_base@std@@2_NB 100128b2     FpCPIDImageAlogrithm.obj
 0002:000008b3       ?is_modulo@_Num_int_base@std@@2_NB 100128b3     FpCPIDImageAlogrithm.obj
 0002:000008b4       ?is_specialized@_Num_int_base@std@@2_NB 100128b4     FpCPIDImageAlogrithm.obj
 0002:000008b8       ?radix@_Num_int_base@std@@2HB 100128b8     FpCPIDImageAlogrithm.obj
 0002:000008bc       ?has_denorm@_Num_float_base@std@@2W4float_denorm_style@2@B 100128bc     FpCPIDImageAlogrithm.obj
 0002:000008c0       ?has_denorm_loss@_Num_float_base@std@@2_NB 100128c0     FpCPIDImageAlogrithm.obj
 0002:000008c1       ?has_infinity@_Num_float_base@std@@2_NB 100128c1     FpCPIDImageAlogrithm.obj
 0002:000008c2       ?has_quiet_NaN@_Num_float_base@std@@2_NB 100128c2     FpCPIDImageAlogrithm.obj
 0002:000008c3       ?has_signaling_NaN@_Num_float_base@std@@2_NB 100128c3     FpCPIDImageAlogrithm.obj
 0002:000008c4       ?is_bounded@_Num_float_base@std@@2_NB 100128c4     FpCPIDImageAlogrithm.obj
 0002:000008c5       ?is_exact@_Num_float_base@std@@2_NB 100128c5     FpCPIDImageAlogrithm.obj
 0002:000008c6       ?is_iec559@_Num_float_base@std@@2_NB 100128c6     FpCPIDImageAlogrithm.obj
 0002:000008c7       ?is_integer@_Num_float_base@std@@2_NB 100128c7     FpCPIDImageAlogrithm.obj
 0002:000008c8       ?is_modulo@_Num_float_base@std@@2_NB 100128c8     FpCPIDImageAlogrithm.obj
 0002:000008c9       ?is_signed@_Num_float_base@std@@2_NB 100128c9     FpCPIDImageAlogrithm.obj
 0002:000008ca       ?is_specialized@_Num_float_base@std@@2_NB 100128ca     FpCPIDImageAlogrithm.obj
 0002:000008cb       ?tinyness_before@_Num_float_base@std@@2_NB 100128cb     FpCPIDImageAlogrithm.obj
 0002:000008cc       ?traps@_Num_float_base@std@@2_NB 100128cc     FpCPIDImageAlogrithm.obj
 0002:000008d0       ?round_style@_Num_float_base@std@@2W4float_round_style@2@B 100128d0     FpCPIDImageAlogrithm.obj
 0002:000008d4       ?radix@_Num_float_base@std@@2HB 100128d4     FpCPIDImageAlogrithm.obj
 0002:000008d8       ?is_signed@?$numeric_limits@D@std@@2_NB 100128d8     FpCPIDImageAlogrithm.obj
 0002:000008dc       ?digits@?$numeric_limits@D@std@@2HB 100128dc     FpCPIDImageAlogrithm.obj
 0002:000008e0       ?digits10@?$numeric_limits@D@std@@2HB 100128e0     FpCPIDImageAlogrithm.obj
 0002:000008e4       ?value@?$integral_constant@_N$0A@@std@@2_NB 100128e4     FpCPIDImageAlogrithm.obj
 0002:000008e5       ?value@?$integral_constant@_N$00@std@@2_NB 100128e5     FpCPIDImageAlogrithm.obj
 0002:000008e6       ?is_signed@?$numeric_limits@_W@std@@2_NB 100128e6     FpCPIDImageAlogrithm.obj
 0002:000008e8       ?digits@?$numeric_limits@_W@std@@2HB 100128e8     FpCPIDImageAlogrithm.obj
 0002:000008ec       ?digits10@?$numeric_limits@_W@std@@2HB 100128ec     FpCPIDImageAlogrithm.obj
 0002:000008f0       ?is_modulo@?$numeric_limits@_N@std@@2_NB 100128f0     FpCPIDImageAlogrithm.obj
 0002:000008f1       ?is_signed@?$numeric_limits@_N@std@@2_NB 100128f1     FpCPIDImageAlogrithm.obj
 0002:000008f4       ?digits@?$numeric_limits@_N@std@@2HB 100128f4     FpCPIDImageAlogrithm.obj
 0002:000008f8       ?digits10@?$numeric_limits@_N@std@@2HB 100128f8     FpCPIDImageAlogrithm.obj
 0002:000008fc       ?is_signed@?$numeric_limits@C@std@@2_NB 100128fc     FpCPIDImageAlogrithm.obj
 0002:00000900       ?digits@?$numeric_limits@C@std@@2HB 10012900     FpCPIDImageAlogrithm.obj
 0002:00000904       ?digits10@?$numeric_limits@C@std@@2HB 10012904     FpCPIDImageAlogrithm.obj
 0002:00000908       ?is_signed@?$numeric_limits@E@std@@2_NB 10012908     FpCPIDImageAlogrithm.obj
 0002:0000090c       ?digits@?$numeric_limits@E@std@@2HB 1001290c     FpCPIDImageAlogrithm.obj
 0002:00000910       ?digits10@?$numeric_limits@E@std@@2HB 10012910     FpCPIDImageAlogrithm.obj
 0002:00000914       ?is_signed@?$numeric_limits@F@std@@2_NB 10012914     FpCPIDImageAlogrithm.obj
 0002:00000918       ?digits@?$numeric_limits@F@std@@2HB 10012918     FpCPIDImageAlogrithm.obj
 0002:0000091c       ?digits10@?$numeric_limits@F@std@@2HB 1001291c     FpCPIDImageAlogrithm.obj
 0002:00000920       ?is_signed@?$numeric_limits@G@std@@2_NB 10012920     FpCPIDImageAlogrithm.obj
 0002:00000924       ?digits@?$numeric_limits@G@std@@2HB 10012924     FpCPIDImageAlogrithm.obj
 0002:00000928       ?digits10@?$numeric_limits@G@std@@2HB 10012928     FpCPIDImageAlogrithm.obj
 0002:0000092c       ?is_signed@?$numeric_limits@H@std@@2_NB 1001292c     FpCPIDImageAlogrithm.obj
 0002:00000930       ?digits@?$numeric_limits@H@std@@2HB 10012930     FpCPIDImageAlogrithm.obj
 0002:00000934       ?digits10@?$numeric_limits@H@std@@2HB 10012934     FpCPIDImageAlogrithm.obj
 0002:00000938       ?is_signed@?$numeric_limits@I@std@@2_NB 10012938     FpCPIDImageAlogrithm.obj
 0002:0000093c       ?digits@?$numeric_limits@I@std@@2HB 1001293c     FpCPIDImageAlogrithm.obj
 0002:00000940       ?digits10@?$numeric_limits@I@std@@2HB 10012940     FpCPIDImageAlogrithm.obj
 0002:00000944       ?is_signed@?$numeric_limits@J@std@@2_NB 10012944     FpCPIDImageAlogrithm.obj
 0002:00000948       ?digits@?$numeric_limits@J@std@@2HB 10012948     FpCPIDImageAlogrithm.obj
 0002:0000094c       ?digits10@?$numeric_limits@J@std@@2HB 1001294c     FpCPIDImageAlogrithm.obj
 0002:00000950       ?value@?$integral_constant@I$07@std@@2IB 10012950     FpCPIDImageAlogrithm.obj
 0002:00000954       ?is_signed@?$numeric_limits@K@std@@2_NB 10012954     FpCPIDImageAlogrithm.obj
 0002:00000958       ?digits@?$numeric_limits@K@std@@2HB 10012958     FpCPIDImageAlogrithm.obj
 0002:0000095c       ?digits10@?$numeric_limits@K@std@@2HB 1001295c     FpCPIDImageAlogrithm.obj
 0002:00000960       ?value@?$integral_constant@I$03@std@@2IB 10012960     FpCPIDImageAlogrithm.obj
 0002:00000964       ?is_signed@?$numeric_limits@_J@std@@2_NB 10012964     FpCPIDImageAlogrithm.obj
 0002:00000968       ?digits@?$numeric_limits@_J@std@@2HB 10012968     FpCPIDImageAlogrithm.obj
 0002:0000096c       ?digits10@?$numeric_limits@_J@std@@2HB 1001296c     FpCPIDImageAlogrithm.obj
 0002:00000970       ?is_signed@?$numeric_limits@_K@std@@2_NB 10012970     FpCPIDImageAlogrithm.obj
 0002:00000974       ?digits@?$numeric_limits@_K@std@@2HB 10012974     FpCPIDImageAlogrithm.obj
 0002:00000978       ?digits10@?$numeric_limits@_K@std@@2HB 10012978     FpCPIDImageAlogrithm.obj
 0002:0000097c       ?value@?$integral_constant@I$01@std@@2IB 1001297c     FpCPIDImageAlogrithm.obj
 0002:00000980       ?digits@?$numeric_limits@M@std@@2HB 10012980     FpCPIDImageAlogrithm.obj
 0002:00000984       ?digits10@?$numeric_limits@M@std@@2HB 10012984     FpCPIDImageAlogrithm.obj
 0002:00000988       ?max_digits10@?$numeric_limits@M@std@@2HB 10012988     FpCPIDImageAlogrithm.obj
 0002:0000098c       ?max_exponent@?$numeric_limits@M@std@@2HB 1001298c     FpCPIDImageAlogrithm.obj
 0002:00000990       ?max_exponent10@?$numeric_limits@M@std@@2HB 10012990     FpCPIDImageAlogrithm.obj
 0002:00000994       ?min_exponent@?$numeric_limits@M@std@@2HB 10012994     FpCPIDImageAlogrithm.obj
 0002:00000998       ?min_exponent10@?$numeric_limits@M@std@@2HB 10012998     FpCPIDImageAlogrithm.obj
 0002:0000099c       ?value@?$integral_constant@I$00@std@@2IB 1001299c     FpCPIDImageAlogrithm.obj
 0002:000009a4       ??_7error_category@std@@6B@ 100129a4     FpCPIDImageAlogrithm.obj
 0002:000009c8       ??_7_Generic_error_category@std@@6B@ 100129c8     FpCPIDImageAlogrithm.obj
 0002:000009e8       ??_C@_07DCLBNMLN@generic?$AA@ 100129e8     FpCPIDImageAlogrithm.obj
 0002:000009f4       ??_C@_0O@BFJCFAAK@unknown?5error?$AA@ 100129f4     FpCPIDImageAlogrithm.obj
 0002:00000a08       ??_7_Iostream_error_category@std@@6B@ 10012a08     FpCPIDImageAlogrithm.obj
 0002:00000a28       ??_C@_08LLGCOLLL@iostream?$AA@ 10012a28     FpCPIDImageAlogrithm.obj
 0002:00000a34       ??_C@_0BG@PADBLCHM@iostream?5stream?5error?$AA@ 10012a34     FpCPIDImageAlogrithm.obj
 0002:00000a54       ??_7_System_error_category@std@@6B@ 10012a54     FpCPIDImageAlogrithm.obj
 0002:00000a74       ??_C@_06FHFOAHML@system?$AA@ 10012a74     FpCPIDImageAlogrithm.obj
 0002:00000a80       ??_C@_1EK@BNMMANHA@?$AAC?$AA?3?$AA?2?$AAt?$AAo?$AAo?$AAl?$AAs?$AA?2?$AAM?$AAS?$AAV?$AAS?$AA2?$AA0?$AA1?$AA3?$AA?2?$AAV?$AAC?$AA?2?$AAI?$AAN?$AAC?$AAL?$AAU?$AAD?$AAE?$AA?2?$AAx?$AAs?$AAt@ 10012a80     FpCPIDImageAlogrithm.obj
 0002:00000ad8       ??_C@_0BA@JFNIOLAK@string?5too?5long?$AA@ 10012ad8     FpCPIDImageAlogrithm.obj
 0002:00000aec       ??_C@_0BI@CFPLBAOH@invalid?5string?5position?$AA@ 10012aec     FpCPIDImageAlogrithm.obj
 0002:00000b08       ??_C@_1CK@EOPGIILJ@?$AAi?$AAn?$AAv?$AAa?$AAl?$AAi?$AAd?$AA?5?$AAn?$AAu?$AAl?$AAl?$AA?5?$AAp?$AAo?$AAi?$AAn?$AAt?$AAe?$AAr?$AA?$AA@ 10012b08     FpCPIDImageAlogrithm.obj
 0002:00000b40       __real@0000000000000000    10012b40     FpCPIDImageAlogrithm.obj
 0002:00000b50       __real@4059000000000000    10012b50     FpCPIDImageAlogrithm.obj
 0002:00000b5c       __real@41200000            10012b5c     FpCPIDImageAlogrithm.obj
 0002:00000b60       __real@42c80000            10012b60     FpCPIDImageAlogrithm.obj
 0002:00000b68       ??_C@_1EM@MGFOP@?$AAC?$AA?3?$AA?2?$AAt?$AAo?$AAo?$AAl?$AAs?$AA?2?$AAM?$AAS?$AAV?$AAS?$AA2?$AA0?$AA1?$AA3?$AA?2?$AAV?$AAC?$AA?2?$AAI?$AAN?$AAC?$AAL?$AAU?$AAD?$AAE?$AA?2?$AAx?$AAu?$AAt@ 10012b68     FpImageAlogrithm.obj
 0002:00000bc4       ??_C@_1DC@POOIKBAO@?$AAI?$AAT?$AAE?$AAR?$AAA?$AAT?$AAO?$AAR?$AA?5?$AAL?$AAI?$AAS?$AAT?$AA?5?$AAC?$AAO?$AAR?$AAR?$AAU?$AAP?$AAT?$AAE?$AAD?$AA?$CB?$AA?$AA@ 10012bc4     FpImageAlogrithm.obj
 0002:00000c00       ??_C@_1EI@GBLGMGBK@?$AAC?$AA?3?$AA?2?$AAt?$AAo?$AAo?$AAl?$AAs?$AA?2?$AAM?$AAS?$AAV?$AAS?$AA2?$AA0?$AA1?$AA3?$AA?2?$AAV?$AAC?$AA?2?$AAI?$AAN?$AAC?$AAL?$AAU?$AAD?$AAE?$AA?2?$AAv?$AAe?$AAc@ 10012c00     FpImageAlogrithm.obj
 0002:00000c58       ??_C@_1DM@LHGCHCBA@?$AAv?$AAe?$AAc?$AAt?$AAo?$AAr?$AA?5?$AAs?$AAu?$AAb?$AAs?$AAc?$AAr?$AAi?$AAp?$AAt?$AA?5?$AAo?$AAu?$AAt?$AA?5?$AAo?$AAf?$AA?5?$AAr?$AAa?$AAn?$AAg?$AAe?$AA?$AA@ 10012c58     FpImageAlogrithm.obj
 0002:00000ca0       ??_C@_0CE@OFMIGAMM@Standard?5C?$CL?$CL?5Libraries?5Out?5of?5Ra@ 10012ca0     FpImageAlogrithm.obj
 0002:00000cd0       ??_C@_1FG@IBPIFFN@?$AA?$CC?$AAS?$AAt?$AAa?$AAn?$AAd?$AAa?$AAr?$AAd?$AA?5?$AAC?$AA?$CL?$AA?$CL?$AA?5?$AAL?$AAi?$AAb?$AAr?$AAa?$AAr?$AAi?$AAe?$AAs?$AA?5?$AAO?$AAu?$AAt?$AA?5?$AAo?$AAf?$AA?5?$AAR@ 10012cd0     FpImageAlogrithm.obj
 0002:00000d38       ??_C@_15GANGMFKL@?$AA?$CF?$AAs?$AA?$AA@ 10012d38     FpImageAlogrithm.obj
 0002:00000d40       ??_C@_1HK@DFMNBKCG@?$AAs?$AAt?$AAd?$AA?3?$AA?3?$AAv?$AAe?$AAc?$AAt?$AAo?$AAr?$AA?$DM?$AAs?$AAh?$AAo?$AAr?$AAt?$AA?0?$AAc?$AAl?$AAa?$AAs?$AAs?$AA?5?$AAs?$AAt?$AAd?$AA?3?$AA?3?$AAa?$AAl?$AAl@ 10012d40     FpImageAlogrithm.obj
 0002:00000dd4       ??_C@_1BO@MEPPHOO@?$AA?$CC?$AAo?$AAu?$AAt?$AA?5?$AAo?$AAf?$AA?5?$AAr?$AAa?$AAn?$AAg?$AAe?$AA?$CC?$AA?$AA@ 10012dd4     FpImageAlogrithm.obj
 0002:00000df8       ??_C@_0BD@OLBABOEK@vector?$DMT?$DO?5too?5long?$AA@ 10012df8     FpImageAlogrithm.obj
 0002:00000e10       ??_C@_1EO@PJCGHJAE@?$AAC?$AA?3?$AA?2?$AAt?$AAo?$AAo?$AAl?$AAs?$AA?2?$AAM?$AAS?$AAV?$AAS?$AA2?$AA0?$AA1?$AA3?$AA?2?$AAV?$AAC?$AA?2?$AAI?$AAN?$AAC?$AAL?$AAU?$AAD?$AAE?$AA?2?$AAa?$AAl?$AAg@ 10012e10     FpImageAlogrithm.obj
 0002:00000e70       ??_C@_1DM@HINDPMBP@?$AAv?$AAe?$AAc?$AAt?$AAo?$AAr?$AA?5?$AAi?$AAt?$AAe?$AAr?$AAa?$AAt?$AAo?$AAr?$AAs?$AA?5?$AAi?$AAn?$AAc?$AAo?$AAm?$AAp?$AAa?$AAt?$AAi?$AAb?$AAl?$AAe?$AA?$AA@ 10012e70     FpImageAlogrithm.obj
 0002:00000eb8       ??_C@_0CI@FNPHFCCM@Standard?5C?$CL?$CL?5Libraries?5Invalid?5A@ 10012eb8     FpImageAlogrithm.obj
 0002:00000ee8       ??_C@_1FO@GJIHNDLM@?$AA?$CC?$AAS?$AAt?$AAa?$AAn?$AAd?$AAa?$AAr?$AAd?$AA?5?$AAC?$AA?$CL?$AA?$CL?$AA?5?$AAL?$AAi?$AAb?$AAr?$AAa?$AAr?$AAi?$AAe?$AAs?$AA?5?$AAI?$AAn?$AAv?$AAa?$AAl?$AAi?$AAd?$AA?5@ 10012ee8     FpImageAlogrithm.obj
 0002:00000f58       ??_C@_1MC@NFFMAICC@?$AAs?$AAt?$AAd?$AA?3?$AA?3?$AA_?$AAV?$AAe?$AAc?$AAt?$AAo?$AAr?$AA_?$AAc?$AAo?$AAn?$AAs?$AAt?$AA_?$AAi?$AAt?$AAe?$AAr?$AAa?$AAt?$AAo?$AAr?$AA?$DM?$AAc?$AAl?$AAa?$AAs@ 10012f58     FpImageAlogrithm.obj
 0002:00001040       ??_C@_1CG@JNLFBNGN@?$AA?$CC?$AAi?$AAn?$AAv?$AAa?$AAl?$AAi?$AAd?$AA?5?$AAa?$AAr?$AAg?$AAu?$AAm?$AAe?$AAn?$AAt?$AA?$CC?$AA?$AA@ 10013040     FpImageAlogrithm.obj
 0002:00001070       ??_C@_1CO@DGLIKNHI@?$AAi?$AAn?$AAv?$AAa?$AAl?$AAi?$AAd?$AA?5?$AAi?$AAt?$AAe?$AAr?$AAa?$AAt?$AAo?$AAr?$AA?5?$AAr?$AAa?$AAn?$AAg?$AAe?$AA?$AA@ 10013070     FpImageAlogrithm.obj
 0002:000010a8       ??_C@_1EK@PDEAPEKB@?$AAC?$AA?3?$AA?2?$AAt?$AAo?$AAo?$AAl?$AAs?$AA?2?$AAM?$AAS?$AAV?$AAS?$AA2?$AA0?$AA1?$AA3?$AA?2?$AAV?$AAC?$AA?2?$AAI?$AAN?$AAC?$AAL?$AAU?$AAD?$AAE?$AA?2?$AAx?$AAm?$AAe@ 100130a8     FpImageAlogrithm.obj
 0002:00001100       ??_C@_1CE@IGJMOCCK@?$AAi?$AAn?$AAv?$AAa?$AAl?$AAi?$AAd?$AA?5?$AAo?$AAp?$AAe?$AAr?$AAa?$AAt?$AAo?$AAr?$AA?$DM?$AA?$AA@ 10013100     FpImageAlogrithm.obj
 0002:0000112c       ??_C@_1BK@KAECGCDK@?$AAi?$AAn?$AAv?$AAa?$AAl?$AAi?$AAd?$AA?5?$AAh?$AAe?$AAa?$AAp?$AA?$AA@ 1001312c     FpImageAlogrithm.obj
 0002:0000114c       __real@00000000            1001314c     FpImageAlogrithm.obj
 0002:00001150       __real@3ff0000000000000    10013150     FpImageAlogrithm.obj
 0002:0000115c       __real@4021eb85            1001315c     FpImageAlogrithm.obj
 0002:00001160       __real@4049000000000000    10013160     FpImageAlogrithm.obj
 0002:00001170       __real@40dfffc000000000    10013170     FpImageAlogrithm.obj
 0002:00001180       __real@40efffe000000000    10013180     FpImageAlogrithm.obj
 0002:00001190       __real@c0e0000000000000    10013190     FpImageAlogrithm.obj
 0002:000011a0       __xmm@41f00000000000000000000000000000 100131a0     FpImageAlogrithm.obj
 0002:000011b8       ??_C@_1MC@KPMPFEII@?$AA?$CI?$AA_?$AA_?$AAo?$AAn?$AAe?$AAx?$AAi?$AAt?$AAb?$AAe?$AAg?$AAi?$AAn?$AA?5?$AA?$CB?$AA?$DN?$AA?5?$AAN?$AAU?$AAL?$AAL?$AA?5?$AA?$CG?$AA?$CG?$AA?5?$AA_?$AA_?$AAo?$AAn?$AAe?$AAx@ 100131b8     MSVCRTD:atonexit.obj
 0002:00001280       ??_C@_1FK@IGIDCAPD@?$AAf?$AA?3?$AA?2?$AAd?$AAd?$AA?2?$AAv?$AAc?$AAt?$AAo?$AAo?$AAl?$AAs?$AA?2?$AAc?$AAr?$AAt?$AA?2?$AAc?$AAr?$AAt?$AAw?$AA3?$AA2?$AA?2?$AAd?$AAl?$AAl?$AAs?$AAt?$AAu?$AAf@ 10013280     MSVCRTD:atonexit.obj
 0002:000012dc       ??_C@_0CN@LMJJPMEG@f?3?2dd?2vctools?2crt?2crtw32?2dllstuf@ 100132dc     MSVCRTD:atonexit.obj
 0002:00001310       ??_7type_info@@6B@         10013310     MSVCRTD:ti_inst.obj
 0002:000013a4       __pRawDllMain              100133a4     MSVCRTD:crtdll.obj
 0002:000013a4       __pDefaultRawDllMain       100133a4     MSVCRTD:crtdll.obj
 0002:000013a8       ??_C@_0CL@CCAGLLEM@f?3?2dd?2vctools?2crt?2crtw32?2dllstuf@ 100133a8     MSVCRTD:crtdll.obj
 0002:000013dc       ?ProcessDetach@NativeDll@<CrtImplementationDetails>@@0IB 100133dc     MSVCRTD:initsect.obj
 0002:000013e0       ?ProcessAttach@NativeDll@<CrtImplementationDetails>@@0IB 100133e0     MSVCRTD:initsect.obj
 0002:000013e4       ?ThreadAttach@NativeDll@<CrtImplementationDetails>@@0IB 100133e4     MSVCRTD:initsect.obj
 0002:000013e8       ?ThreadDetach@NativeDll@<CrtImplementationDetails>@@0IB 100133e8     MSVCRTD:initsect.obj
 0002:000013ec       ?ProcessVerifier@NativeDll@<CrtImplementationDetails>@@0IB 100133ec     MSVCRTD:initsect.obj
 0002:000013f0       __load_config_used         100133f0     MSVCRTD:loadcfg.obj
 0002:000017dc       ??_R4error_category@std@@6B@ 100137dc     FpCPIDImageAlogrithm.obj
 0002:000017f4       ??_R3error_category@std@@8 100137f4     FpCPIDImageAlogrithm.obj
 0002:00001808       ??_R2error_category@std@@8 10013808     FpCPIDImageAlogrithm.obj
 0002:00001810       ??_R1A@?0A@EA@error_category@std@@8 10013810     FpCPIDImageAlogrithm.obj
 0002:00001834       ??_R4_Generic_error_category@std@@6B@ 10013834     FpCPIDImageAlogrithm.obj
 0002:0000184c       ??_R3_Generic_error_category@std@@8 1001384c     FpCPIDImageAlogrithm.obj
 0002:00001860       ??_R2_Generic_error_category@std@@8 10013860     FpCPIDImageAlogrithm.obj
 0002:0000186c       ??_R1A@?0A@EA@_Generic_error_category@std@@8 1001386c     FpCPIDImageAlogrithm.obj
 0002:00001890       ??_R4_Iostream_error_category@std@@6B@ 10013890     FpCPIDImageAlogrithm.obj
 0002:000018a8       ??_R3_Iostream_error_category@std@@8 100138a8     FpCPIDImageAlogrithm.obj
 0002:000018bc       ??_R2_Iostream_error_category@std@@8 100138bc     FpCPIDImageAlogrithm.obj
 0002:000018cc       ??_R1A@?0A@EA@_Iostream_error_category@std@@8 100138cc     FpCPIDImageAlogrithm.obj
 0002:000018f0       ??_R4_System_error_category@std@@6B@ 100138f0     FpCPIDImageAlogrithm.obj
 0002:00001908       ??_R3_System_error_category@std@@8 10013908     FpCPIDImageAlogrithm.obj
 0002:0000191c       ??_R2_System_error_category@std@@8 1001391c     FpCPIDImageAlogrithm.obj
 0002:0000192c       ??_R1A@?0A@EA@_System_error_category@std@@8 1001392c     FpCPIDImageAlogrithm.obj
 0002:00001950       ??_R4type_info@@6B@        10013950     MSVCRTD:ti_inst.obj
 0002:00001964       ??_R3type_info@@8          10013964     MSVCRTD:ti_inst.obj
 0002:00001974       ??_R2type_info@@8          10013974     MSVCRTD:ti_inst.obj
 0002:0000197c       ??_R1A@?0A@EA@type_info@@8 1001397c     MSVCRTD:ti_inst.obj
 0002:00001ab0       ___rtc_iaa                 10013ab0     MSVCRTD:initsect.obj
 0002:00001bb4       ___rtc_izz                 10013bb4     MSVCRTD:initsect.obj
 0002:00001cb8       ___rtc_taa                 10013cb8     MSVCRTD:initsect.obj
 0002:00001dbc       ___rtc_tzz                 10013dbc     MSVCRTD:initsect.obj
 0003:00000104       ___security_cookie         10016104     MSVCRTD:gs_cookie.obj
 0003:00000108       ___security_cookie_complement 10016108     MSVCRTD:gs_cookie.obj
 0003:00000110       ___isa_enabled             10016110     MSVCRTD:cpu_disp.obj
 0003:00000114       ___native_dllmain_reason   10016114     MSVCRTD:natstart.obj
 0003:0000021c       ??_R0?AVerror_category@std@@@8 1001621c     FpCPIDImageAlogrithm.obj
 0003:00000244       ??_R0?AV_Generic_error_category@std@@@8 10016244     FpCPIDImageAlogrithm.obj
 0003:00000278       ??_R0?AV_Iostream_error_category@std@@@8 10016278     FpCPIDImageAlogrithm.obj
 0003:000002ac       ??_R0?AV_System_error_category@std@@@8 100162ac     FpCPIDImageAlogrithm.obj
 0003:000002e0       ??_R0?AVtype_info@@@8      100162e0     MSVCRTD:ti_inst.obj
 0003:00000404       ?_Generic_object@?$_Error_objects@H@std@@2V_Generic_error_category@2@A 10016404     FpCPIDImageAlogrithm.obj
 0003:00000408       ?_Iostream_object@?$_Error_objects@H@std@@2V_Iostream_error_category@2@A 10016408     FpCPIDImageAlogrithm.obj
 0003:0000040c       ?_System_object@?$_Error_objects@H@std@@2V_System_error_category@2@A 1001640c     FpCPIDImageAlogrithm.obj
 0003:00000410       ?id@?$num_put@DV?$back_insert_iterator@V?$basic_string@DU?$char_traits@D@std@@V?$allocator@D@2@@std@@@std@@@std@@2V0locale@2@A 10016410     FpCPIDImageAlogrithm.obj
 0003:00000414       ?id@?$num_put@_WV?$back_insert_iterator@V?$basic_string@_WU?$char_traits@_W@std@@V?$allocator@_W@2@@std@@@std@@@std@@2V0locale@2@A 10016414     FpCPIDImageAlogrithm.obj
 0003:00000740       ___isa_available           10016740     MSVCRTD:cpu_disp.obj
 0003:00000744       ___favor                   10016744     MSVCRTD:cpu_disp.obj
 0003:00000748       ?__type_info_root_node@@3U__type_info_node@@A 10016748     MSVCRTD:tncleanup.obj
 0003:00000750       ___native_startup_lock     10016750     <common>
 0003:00000760       ___native_startup_state    10016760     <common>
 0003:00000764       ___dyn_tls_init_callback   10016764     <common>
 0003:00000770       ___onexitend               10016770     <common>
 0003:00000780       ___onexitbegin             10016780     <common>
 0004:00000000       __imp__DisableThreadLibraryCalls@4 10017000     kernel32:KERNEL32.dll
 0004:00000004       __imp__GetSystemTimeAsFileTime@4 10017004     kernel32:KERNEL32.dll
 0004:00000008       __imp__GetCurrentThreadId@0 10017008     kernel32:KERNEL32.dll
 0004:0000000c       __imp__GetCurrentProcessId@0 1001700c     kernel32:KERNEL32.dll
 0004:00000010       __imp__QueryPerformanceCounter@4 10017010     kernel32:KERNEL32.dll
 0004:00000014       __imp__IsProcessorFeaturePresent@4 10017014     kernel32:KERNEL32.dll
 0004:00000018       __imp__IsDebuggerPresent@0 10017018     kernel32:KERNEL32.dll
 0004:0000001c       __imp__DecodePointer@4     1001701c     kernel32:KERNEL32.dll
 0004:00000020       __imp__EncodePointer@4     10017020     kernel32:KERNEL32.dll
 0004:00000024       \177KERNEL32_NULL_THUNK_DATA 10017024     kernel32:KERNEL32.dll
 0004:00000054       __imp_?_Getpfirst@_Container_base12@std@@QBEPAPAU_Iterator_base12@2@XZ 10017054     msvcprtd:MSVCP120D.dll
 0004:00000058       __imp_??1_Lockit@std@@QAE@XZ 10017058     msvcprtd:MSVCP120D.dll
 0004:0000005c       __imp_??0_Lockit@std@@QAE@H@Z 1001705c     msvcprtd:MSVCP120D.dll
 0004:00000060       __imp_?_Winerror_map@std@@YAPBDH@Z 10017060     msvcprtd:MSVCP120D.dll
 0004:00000064       __imp_?_Syserror_map@std@@YAPBDH@Z 10017064     msvcprtd:MSVCP120D.dll
 0004:00000068       __imp_??0id@locale@std@@QAE@I@Z 10017068     msvcprtd:MSVCP120D.dll
 0004:0000006c       __imp_?_Debug_message@std@@YAXPB_W0I@Z 1001706c     msvcprtd:MSVCP120D.dll
 0004:00000070       __imp_??0_Container_base12@std@@QAE@XZ 10017070     msvcprtd:MSVCP120D.dll
 0004:00000074       __imp_??1_Container_base12@std@@QAE@XZ 10017074     msvcprtd:MSVCP120D.dll
 0004:00000078       __imp_?_Orphan_all@_Container_base12@std@@QAEXXZ 10017078     msvcprtd:MSVCP120D.dll
 0004:0000007c       __imp_?_Xbad_alloc@std@@YAXXZ 1001707c     msvcprtd:MSVCP120D.dll
 0004:00000080       __imp_?_Xlength_error@std@@YAXPBD@Z 10017080     msvcprtd:MSVCP120D.dll
 0004:00000084       __imp_?_Xout_of_range@std@@YAXPBD@Z 10017084     msvcprtd:MSVCP120D.dll
 0004:00000088       \177MSVCP120D_NULL_THUNK_DATA 10017088     msvcprtd:MSVCP120D.dll
 0004:000000bc       __imp___crt_debugger_hook  100170bc     MSVCRTD:MSVCR120D.dll
 0004:000000c0       __imp____crtUnhandledException 100170c0     MSVCRTD:MSVCR120D.dll
 0004:000000c4       __imp____crtTerminateProcess 100170c4     MSVCRTD:MSVCR120D.dll
 0004:000000c8       __imp_?terminate@@YAXXZ    100170c8     MSVCRTD:MSVCR120D.dll
 0004:000000cc       __imp____clean_type_info_names_internal 100170cc     MSVCRTD:MSVCR120D.dll
 0004:000000d0       __imp___except_handler4_common 100170d0     MSVCRTD:MSVCR120D.dll
 0004:000000d4       __imp___purecall           100170d4     MSVCRTD:MSVCR120D.dll
 0004:000000d8       __imp_??2@YAPAXI@Z         100170d8     MSVCRTD:MSVCR120D.dll
 0004:000000dc       __imp_??3@YAXPAX@Z         100170dc     MSVCRTD:MSVCR120D.dll
 0004:000000e0       __imp__free                100170e0     MSVCRTD:MSVCR120D.dll
 0004:000000e4       __imp__malloc              100170e4     MSVCRTD:MSVCR120D.dll
 0004:000000e8       __imp__memcpy              100170e8     MSVCRTD:MSVCR120D.dll
 0004:000000ec       __imp__memset              100170ec     MSVCRTD:MSVCR120D.dll
 0004:000000f0       __imp__strlen              100170f0     MSVCRTD:MSVCR120D.dll
 0004:000000f4       __imp__memmove             100170f4     MSVCRTD:MSVCR120D.dll
 0004:000000f8       __imp___hypot              100170f8     MSVCRTD:MSVCR120D.dll
 0004:000000fc       __imp_??_V@YAXPAX@Z        100170fc     MSVCRTD:MSVCR120D.dll
 0004:00000100       __imp___CxxThrowException@8 10017100     MSVCRTD:MSVCR120D.dll
 0004:00000104       __imp____CxxFrameHandler3  10017104     MSVCRTD:MSVCR120D.dll
 0004:00000108       __imp___invalid_parameter  10017108     MSVCRTD:MSVCR120D.dll
 0004:0000010c       __imp__abs                 1001710c     MSVCRTD:MSVCR120D.dll
 0004:00000110       __imp__fabs                10017110     MSVCRTD:MSVCR120D.dll
 0004:00000114       __imp__sqrt                10017114     MSVCRTD:MSVCR120D.dll
 0004:00000118       __imp___CrtDbgReportW      10017118     MSVCRTD:MSVCR120D.dll
 0004:0000011c       __imp___lock               1001711c     MSVCRTD:MSVCR120D.dll
 0004:00000120       __imp___unlock             10017120     MSVCRTD:MSVCR120D.dll
 0004:00000124       __imp___calloc_dbg         10017124     MSVCRTD:MSVCR120D.dll
 0004:00000128       __imp____dllonexit         10017128     MSVCRTD:MSVCR120D.dll
 0004:0000012c       __imp___onexit             1001712c     MSVCRTD:MSVCR120D.dll
 0004:00000130       __imp_??1type_info@@UAE@XZ 10017130     MSVCRTD:MSVCR120D.dll
 0004:00000134       __imp___except1            10017134     MSVCRTD:MSVCR120D.dll
 0004:00000138       __imp____CppXcptFilter     10017138     MSVCRTD:MSVCR120D.dll
 0004:0000013c       __imp___amsg_exit          1001713c     MSVCRTD:MSVCR120D.dll
 0004:00000140       __imp___malloc_dbg         10017140     MSVCRTD:MSVCR120D.dll
 0004:00000144       __imp___free_dbg           10017144     MSVCRTD:MSVCR120D.dll
 0004:00000148       __imp___CrtSetCheckCount   10017148     MSVCRTD:MSVCR120D.dll
 0004:0000014c       __imp___initterm           1001714c     MSVCRTD:MSVCR120D.dll
 0004:00000150       __imp___initterm_e         10017150     MSVCRTD:MSVCR120D.dll
 0004:00000154       \177MSVCR120D_NULL_THUNK_DATA 10017154     MSVCRTD:MSVCR120D.dll
 0004:0000019c       __imp__steller_Evaluate_image_quality_stats_hybrid_GiveSignalSNR 1001719c     stellerAlgoShared:stellerAlgoShared.dll
 0004:000001a0       __imp__evaluateImageQualityStatsHybrid 100171a0     stellerAlgoShared:stellerAlgoShared.dll
 0004:000001a4       __imp__preProcessHybridCal 100171a4     stellerAlgoShared:stellerAlgoShared.dll
 0004:000001a8       __imp__computeHybridCalCoeffs 100171a8     stellerAlgoShared:stellerAlgoShared.dll
 0004:000001ac       __imp__stellerBadRefHighDetectUsingZones 100171ac     stellerAlgoShared:stellerAlgoShared.dll
 0004:000001b0       __imp__stellerBadRowColumnEdgesDetection 100171b0     stellerAlgoShared:stellerAlgoShared.dll
 0004:000001b4       __imp__cpid_bubble_test    100171b4     stellerAlgoShared:stellerAlgoShared.dll
 0004:000001b8       __imp__cpid_get_bad_pixels_indices_int 100171b8     stellerAlgoShared:stellerAlgoShared.dll
 0004:000001bc       __imp__cpid_crop_frame     100171bc     stellerAlgoShared:stellerAlgoShared.dll
 0004:000001c0       __imp__cpid_unpack_12bit_dword_aligned_to_16bit_no_crop 100171c0     stellerAlgoShared:stellerAlgoShared.dll
 0004:000001c4       __imp__cpid_reduce_to_8Bits 100171c4     stellerAlgoShared:stellerAlgoShared.dll
 0004:000001c8       __imp__cpid_inflate        100171c8     stellerAlgoShared:stellerAlgoShared.dll
 0004:000001cc       __imp__cpid_compress       100171cc     stellerAlgoShared:stellerAlgoShared.dll
 0004:000001d0       __imp__cpid_extract_bad_pixel_indices_from_encoded_image 100171d0     stellerAlgoShared:stellerAlgoShared.dll
 0004:000001d4       __imp__cpid_postprocess    100171d4     stellerAlgoShared:stellerAlgoShared.dll
 0004:000001d8       __imp__cpid_dll_version    100171d8     stellerAlgoShared:stellerAlgoShared.dll
 0004:000001dc       \177stellerAlgoShared_NULL_THUNK_DATA 100171dc     stellerAlgoShared:stellerAlgoShared.dll
 0004:00000214       __IMPORT_DESCRIPTOR_stellerAlgoShared 10017214     stellerAlgoShared:stellerAlgoShared.dll
 0004:00000228       __IMPORT_DESCRIPTOR_MSVCP120D 10017228     msvcprtd:MSVCP120D.dll
 0004:0000023c       __IMPORT_DESCRIPTOR_MSVCR120D 1001723c     MSVCRTD:MSVCR120D.dll
 0004:00000250       __IMPORT_DESCRIPTOR_KERNEL32 10017250     kernel32:KERNEL32.dll
 0004:00000264       __NULL_IMPORT_DESCRIPTOR   10017264     stellerAlgoShared:stellerAlgoShared.dll

 entry point at        0001:0000ba80

