 FpModule

 Timestamp is 5ab07712 (Tue Mar 20 10:50:58 2018)

 Preferred load address is 10000000

 Start         Length     Name                   Class
 0001:00000000 00001ffcH .text$di                CODE
 0001:00002000 00012588H .text$mn                CODE
 0001:00014590 00001ce7H .text$x                 CODE
 0001:00016280 0000120eH .text$yd                CODE
 0002:00000000 00000104H .CRT$XCA                DATA
 0002:00000104 0000017cH .CRT$XCU                DATA
 0002:00000280 00000104H .CRT$XCZ                DATA
 0002:00000384 00000104H .CRT$XIA                DATA
 0002:00000488 00000104H .CRT$XIAA               DATA
 0002:0000058c 00000104H .CRT$XIC                DATA
 0002:00000690 00000104H .CRT$XIZ                DATA
 0002:000007a0 00002594H .rdata                  DATA
 0002:00002d34 00000173H .rdata$debug            DATA
 0002:00002ea8 000004a9H .rdata$r                DATA
 0002:00003354 00000104H .rtc$IAA                DATA
 0002:00003458 00000104H .rtc$IZZ                DATA
 0002:0000355c 00000104H .rtc$TAA                DATA
 0002:00003660 00000104H .rtc$TZZ                DATA
 0002:00003768 00000faaH .xdata$x                DATA
 0002:00004720 00000ce4H .edata                  DATA
 0003:00000000 00000118H .data                   DATA
 0003:00000118 00000274H .data$r                 DATA
 0003:00000390 0000038cH .bss                    DATA
 0004:00000000 000001bcH .idata$5                DATA
 0004:000001bc 00000050H .idata$2                DATA
 0004:0000020c 00000014H .idata$3                DATA
 0004:00000220 000001bcH .idata$4                DATA
 0004:000003dc 000006bfH .idata$6                DATA
 0005:00000000 00000169H .rsrc$01                DATA
 0005:00000170 000002ccH .rsrc$02                DATA

  Address         Publics by Value              Rva+Base       Lib:Object

 0000:00000000       __except_list              00000000     <absolute>
 0000:00000000       ___safe_se_handler_count   00000000     <absolute>
 0000:00000000       ___guard_fids_table        00000000     <absolute>
 0000:00000000       ___guard_flags             00000000     <absolute>
 0000:00000000       ___safe_se_handler_table   00000000     <absolute>
 0000:00000000       ___guard_fids_count        00000000     <absolute>
 0000:00009876       __ldused                   00009876     <absolute>
 0000:00009876       __fltused                  00009876     <absolute>
 0000:00000000       ___ImageBase               10000000     <linker-defined>
 0001:00002000       ??0FpDenali@@QAE@XZ        10003000 f   FpDenali.obj
 0001:00002150       ??1FpDenali@@UAE@XZ        10003150 f   FpDenali.obj
 0001:00002170       ?FpCheckBLMode@FpDenali@@UAEIAA_N@Z 10003170 f   FpDenali.obj
 0001:00002260       ??$?0$$QAV?$basic_string@DU?$char_traits@D@std@@V?$allocator@D@2@@std@@$$$V@?$pair@$$CBV?$basic_string@DU?$char_traits@D@std@@V?$allocator@D@2@@std@@I@std@@QAE@Upiecewise_construct_t@1@V?$tuple@$$QAV?$basic_string@DU?$char_traits@D@std@@V?$allocator@D@2@@std@@@1@V?$tuple@$$$V@1@@Z 10003260 f i FpDenali.obj
 0001:000022b0       ??$?0$$QAV?$basic_string@DU?$char_traits@D@std@@V?$allocator@D@2@@std@@PAPAX@?$tuple@$$QAV?$basic_string@DU?$char_traits@D@std@@V?$allocator@D@2@@std@@@std@@QAE@$$QAV01@@Z 100032b0 f i FpDenali.obj
 0001:00002310       ??$?0AAV?$_Tree_iterator@V?$_Tree_val@U?$_Tree_simple_types@U?$pair@$$CBV?$basic_string@DU?$char_traits@D@std@@V?$allocator@D@2@@std@@I@std@@@std@@@std@@@std@@_NX@?$pair@V?$_Tree_iterator@V?$_Tree_val@U?$_Tree_simple_types@U?$pair@$$CBV?$basic_string@DU?$char_traits@D@std@@V?$allocator@D@2@@std@@I@std@@@std@@@std@@@std@@_N@std@@QAE@AAV?$_Tree_iterator@V?$_Tree_val@U?$_Tree_simple_types@U?$pair@$$CBV?$basic_string@DU?$char_traits@D@std@@V?$allocator@D@2@@std@@I@std@@@std@@@std@@@1@$$QA_N@Z 10003310 f i FpDenali.obj
 0001:000023a0       ??$?0U?$_Tree_node@U?$pair@$$CBV?$basic_string@DU?$char_traits@D@std@@V?$allocator@D@2@@std@@I@std@@PAX@std@@@?$allocator@U?$pair@$$CBV?$basic_string@DU?$char_traits@D@std@@V?$allocator@D@2@@std@@I@std@@@std@@QAE@ABV?$allocator@U?$_Tree_node@U?$pair@$$CBV?$basic_string@DU?$char_traits@D@std@@V?$allocator@D@2@@std@@I@std@@PAX@std@@@1@@Z 100033a0 f i FpDenali.obj
 0001:000023c0       ??$?0U?$_Tree_node@U?$pair@$$CBV?$basic_string@DU?$char_traits@D@std@@V?$allocator@D@2@@std@@I@std@@PAX@std@@@?$allocator@U_Container_proxy@std@@@std@@QAE@ABV?$allocator@U?$_Tree_node@U?$pair@$$CBV?$basic_string@DU?$char_traits@D@std@@V?$allocator@D@2@@std@@I@std@@PAX@std@@@1@@Z 100033c0 f i FpDenali.obj
 0001:000023e0       ??$?0U?$_Wrap_alloc@V?$allocator@U?$_Tree_node@U?$pair@$$CBV?$basic_string@DU?$char_traits@D@std@@V?$allocator@D@2@@std@@I@std@@PAX@std@@@std@@@std@@@?$_Wrap_alloc@V?$allocator@U_Container_proxy@std@@@std@@@std@@QAE@ABU?$_Wrap_alloc@V?$allocator@U?$_Tree_node@U?$pair@$$CBV?$basic_string@DU?$char_traits@D@std@@V?$allocator@D@2@@std@@I@std@@PAX@std@@@std@@@1@@Z 100033e0 f i FpDenali.obj
 0001:00002410       ??$?0V?$_Tree_iterator@V?$_Tree_val@U?$_Tree_simple_types@U?$pair@$$CBV?$basic_string@DU?$char_traits@D@std@@V?$allocator@D@2@@std@@I@std@@@std@@@std@@@std@@_NX@?$pair@V?$_Tree_iterator@V?$_Tree_val@U?$_Tree_simple_types@U?$pair@$$CBV?$basic_string@DU?$char_traits@D@std@@V?$allocator@D@2@@std@@I@std@@@std@@@std@@@std@@_N@std@@QAE@$$QAV?$_Tree_iterator@V?$_Tree_val@U?$_Tree_simple_types@U?$pair@$$CBV?$basic_string@DU?$char_traits@D@std@@V?$allocator@D@2@@std@@I@std@@@std@@@std@@@1@$$QA_N@Z 10003410 f i FpDenali.obj
 0001:000024a0       ??$?0V?$basic_string@DU?$char_traits@D@std@@V?$allocator@D@2@@std@@$$$VPAPAX@?$tuple@$$QAV?$basic_string@DU?$char_traits@D@std@@V?$allocator@D@2@@std@@@std@@QAE@$$QAV?$basic_string@DU?$char_traits@D@std@@V?$allocator@D@2@@1@@Z 100034a0 f i FpDenali.obj
 0001:000024e0       ??$?0V?$basic_string@DU?$char_traits@D@std@@V?$allocator@D@2@@std@@@?$_Tuple_val@$$QAV?$basic_string@DU?$char_traits@D@std@@V?$allocator@D@2@@std@@@std@@QAE@$$QAV?$basic_string@DU?$char_traits@D@std@@V?$allocator@D@2@@1@@Z 100034e0 f i FpDenali.obj
 0001:00002510       ??$?0V?$tuple@$$QAV?$basic_string@DU?$char_traits@D@std@@V?$allocator@D@2@@std@@@std@@V?$tuple@$$$V@1@$0A@$S@?$pair@$$CBV?$basic_string@DU?$char_traits@D@std@@V?$allocator@D@2@@std@@I@std@@QAE@AAV?$tuple@$$QAV?$basic_string@DU?$char_traits@D@std@@V?$allocator@D@2@@std@@@1@AAV?$tuple@$$$V@1@U?$_Arg_idx@$0A@@1@U?$_Arg_idx@$S@1@@Z 10003510 f i FpDenali.obj
 0001:00002560       ??$?8U?$_Tree_node@U?$pair@$$CBV?$basic_string@DU?$char_traits@D@std@@V?$allocator@D@2@@std@@I@std@@PAX@std@@U01@@std@@YA_NABV?$allocator@U?$_Tree_node@U?$pair@$$CBV?$basic_string@DU?$char_traits@D@std@@V?$allocator@D@2@@std@@I@std@@PAX@std@@@0@0@Z 10003560 f i FpDenali.obj
 0001:00002570       ??$?8V?$allocator@U?$_Tree_node@U?$pair@$$CBV?$basic_string@DU?$char_traits@D@std@@V?$allocator@D@2@@std@@I@std@@PAX@std@@@std@@V01@@std@@YA_NABU?$_Wrap_alloc@V?$allocator@U?$_Tree_node@U?$pair@$$CBV?$basic_string@DU?$char_traits@D@std@@V?$allocator@D@2@@std@@I@std@@PAX@std@@@std@@@0@0@Z 10003570 f i FpDenali.obj
 0001:000025b0       ??$?9V?$allocator@U?$_Tree_node@U?$pair@$$CBV?$basic_string@DU?$char_traits@D@std@@V?$allocator@D@2@@std@@I@std@@PAX@std@@@std@@V01@@std@@YA_NABU?$_Wrap_alloc@V?$allocator@U?$_Tree_node@U?$pair@$$CBV?$basic_string@DU?$char_traits@D@std@@V?$allocator@D@2@@std@@I@std@@PAX@std@@@std@@@0@0@Z 100035b0 f i FpDenali.obj
 0001:000025f0       ??$?MDU?$char_traits@D@std@@V?$allocator@D@1@@std@@YA_NABV?$basic_string@DU?$char_traits@D@std@@V?$allocator@D@2@@0@0@Z 100035f0 f i FpDenali.obj
 0001:00002630       ??$_Allocate@D@std@@YAPADIPAD@Z 10003630 f i FpDenali.obj
 0001:00002680       ??$_Allocate@U?$_Tree_node@U?$pair@$$CBV?$basic_string@DU?$char_traits@D@std@@V?$allocator@D@2@@std@@I@std@@PAX@std@@@std@@YAPAU?$_Tree_node@U?$pair@$$CBV?$basic_string@DU?$char_traits@D@std@@V?$allocator@D@2@@std@@I@std@@PAX@0@IPAU10@@Z 10003680 f i FpDenali.obj
 0001:000026d0       ??$_Allocate@U_Container_proxy@std@@@std@@YAPAU_Container_proxy@0@IPAU10@@Z 100036d0 f i FpDenali.obj
 0001:00002730       ??$_Buynode@AAU?$pair@$$CBV?$basic_string@DU?$char_traits@D@std@@V?$allocator@D@2@@std@@I@std@@@?$_Tree_buy@U?$pair@$$CBV?$basic_string@DU?$char_traits@D@std@@V?$allocator@D@2@@std@@I@std@@V?$allocator@U?$pair@$$CBV?$basic_string@DU?$char_traits@D@std@@V?$allocator@D@2@@std@@I@std@@@2@@std@@QAEPAU?$_Tree_node@U?$pair@$$CBV?$basic_string@DU?$char_traits@D@std@@V?$allocator@D@2@@std@@I@std@@PAX@1@AAU?$pair@$$CBV?$basic_string@DU?$char_traits@D@std@@V?$allocator@D@2@@std@@I@1@@Z 10003730 f i FpDenali.obj
 0001:00002860       ??$_Buynode@ABUpiecewise_construct_t@std@@V?$tuple@$$QAV?$basic_string@DU?$char_traits@D@std@@V?$allocator@D@2@@std@@@2@V?$tuple@$$$V@2@@?$_Tree_buy@U?$pair@$$CBV?$basic_string@DU?$char_traits@D@std@@V?$allocator@D@2@@std@@I@std@@V?$allocator@U?$pair@$$CBV?$basic_string@DU?$char_traits@D@std@@V?$allocator@D@2@@std@@I@std@@@2@@std@@QAEPAU?$_Tree_node@U?$pair@$$CBV?$basic_string@DU?$char_traits@D@std@@V?$allocator@D@2@@std@@I@std@@PAX@1@ABUpiecewise_construct_t@1@$$QAV?$tuple@$$QAV?$basic_string@DU?$char_traits@D@std@@V?$allocator@D@2@@std@@@1@$$QAV?$tuple@$$$V@1@@Z 10003860 f i FpDenali.obj
 0001:000029c0       ??$_Buynode_if_nil@AAU?$pair@$$CBV?$basic_string@DU?$char_traits@D@std@@V?$allocator@D@2@@std@@I@std@@@?$_Tree@V?$_Tmap_traits@V?$basic_string@DU?$char_traits@D@std@@V?$allocator@D@2@@std@@IU?$less@V?$basic_string@DU?$char_traits@D@std@@V?$allocator@D@2@@std@@@2@V?$allocator@U?$pair@$$CBV?$basic_string@DU?$char_traits@D@std@@V?$allocator@D@2@@std@@I@std@@@2@$0A@@std@@@std@@IAEPAU?$_Tree_node@U?$pair@$$CBV?$basic_string@DU?$char_traits@D@std@@V?$allocator@D@2@@std@@I@std@@PAX@1@PAU21@AAU?$pair@$$CBV?$basic_string@DU?$char_traits@D@std@@V?$allocator@D@2@@std@@I@1@@Z 100039c0 f i FpDenali.obj
 0001:000029e0       ??$_Copy@U?$integral_constant@_N$0A@@std@@@?$_Tree@V?$_Tmap_traits@V?$basic_string@DU?$char_traits@D@std@@V?$allocator@D@2@@std@@IU?$less@V?$basic_string@DU?$char_traits@D@std@@V?$allocator@D@2@@std@@@2@V?$allocator@U?$pair@$$CBV?$basic_string@DU?$char_traits@D@std@@V?$allocator@D@2@@std@@I@std@@@2@$0A@@std@@@std@@IAEXABV01@U?$integral_constant@_N$0A@@1@@Z 100039e0 f i FpDenali.obj
 0001:00002ae0       ??$_Copy_nodes@U?$integral_constant@_N$0A@@std@@@?$_Tree@V?$_Tmap_traits@V?$basic_string@DU?$char_traits@D@std@@V?$allocator@D@2@@std@@IU?$less@V?$basic_string@DU?$char_traits@D@std@@V?$allocator@D@2@@std@@@2@V?$allocator@U?$pair@$$CBV?$basic_string@DU?$char_traits@D@std@@V?$allocator@D@2@@std@@I@std@@@2@$0A@@std@@@std@@IAEPAU?$_Tree_node@U?$pair@$$CBV?$basic_string@DU?$char_traits@D@std@@V?$allocator@D@2@@std@@I@std@@PAX@1@PAU21@0U?$integral_constant@_N$0A@@1@@Z 10003ae0 f i FpDenali.obj
 0001:00002cc0       ??$_Copy_or_move@U?$integral_constant@_N$0A@@std@@U?$integral_constant@_N$00@2@U12@H@?$_Tree@V?$_Tmap_traits@V?$basic_string@DU?$char_traits@D@std@@V?$allocator@D@2@@std@@IU?$less@V?$basic_string@DU?$char_traits@D@std@@V?$allocator@D@2@@std@@@2@V?$allocator@U?$pair@$$CBV?$basic_string@DU?$char_traits@D@std@@V?$allocator@D@2@@std@@I@std@@@2@$0A@@std@@@std@@IAEPAU?$_Tree_node@U?$pair@$$CBV?$basic_string@DU?$char_traits@D@std@@V?$allocator@D@2@@std@@I@std@@PAX@1@PAU21@U?$integral_constant@_N$0A@@1@U?$integral_constant@_N$00@1@1H@Z 10003cc0 f i FpDenali.obj
 0001:00002cf0       ??$_Debug_lt_pred@U?$less@V?$basic_string@DU?$char_traits@D@std@@V?$allocator@D@2@@std@@@std@@ABV?$basic_string@DU?$char_traits@D@std@@V?$allocator@D@2@@2@ABV32@@std@@YA_NU?$less@V?$basic_string@DU?$char_traits@D@std@@V?$allocator@D@2@@std@@@0@ABV?$basic_string@DU?$char_traits@D@std@@V?$allocator@D@2@@0@1PB_WI@Z 10003cf0 f i FpDenali.obj
 0001:00002d90       ??$_Debug_pointer@D@std@@YAXPBDPB_WI@Z 10003d90 f i FpDenali.obj
 0001:00002dc0       ??$_Insert_at@AAU?$pair@$$CBV?$basic_string@DU?$char_traits@D@std@@V?$allocator@D@2@@std@@I@std@@PAU?$_Tree_node@U?$pair@$$CBV?$basic_string@DU?$char_traits@D@std@@V?$allocator@D@2@@std@@I@std@@PAX@2@@?$_Tree@V?$_Tmap_traits@V?$basic_string@DU?$char_traits@D@std@@V?$allocator@D@2@@std@@IU?$less@V?$basic_string@DU?$char_traits@D@std@@V?$allocator@D@2@@std@@@2@V?$allocator@U?$pair@$$CBV?$basic_string@DU?$char_traits@D@std@@V?$allocator@D@2@@std@@I@std@@@2@$0A@@std@@@std@@IAE?AV?$_Tree_iterator@V?$_Tree_val@U?$_Tree_simple_types@U?$pair@$$CBV?$basic_string@DU?$char_traits@D@std@@V?$allocator@D@2@@std@@I@std@@@std@@@std@@@1@_NPAU?$_Tree_node@U?$pair@$$CBV?$basic_string@DU?$char_traits@D@std@@V?$allocator@D@2@@std@@I@std@@PAX@1@AAU?$pair@$$CBV?$basic_string@DU?$char_traits@D@std@@V?$allocator@D@2@@std@@I@1@1@Z 10003dc0 f i FpDenali.obj
 0001:00003310       ??$_Insert_hint@AAU?$pair@$$CBV?$basic_string@DU?$char_traits@D@std@@V?$allocator@D@2@@std@@I@std@@PAU?$_Tree_node@U?$pair@$$CBV?$basic_string@DU?$char_traits@D@std@@V?$allocator@D@2@@std@@I@std@@PAX@2@@?$_Tree@V?$_Tmap_traits@V?$basic_string@DU?$char_traits@D@std@@V?$allocator@D@2@@std@@IU?$less@V?$basic_string@DU?$char_traits@D@std@@V?$allocator@D@2@@std@@@2@V?$allocator@U?$pair@$$CBV?$basic_string@DU?$char_traits@D@std@@V?$allocator@D@2@@std@@I@std@@@2@$0A@@std@@@std@@IAE?AV?$_Tree_iterator@V?$_Tree_val@U?$_Tree_simple_types@U?$pair@$$CBV?$basic_string@DU?$char_traits@D@std@@V?$allocator@D@2@@std@@I@std@@@std@@@std@@@1@V?$_Tree_const_iterator@V?$_Tree_val@U?$_Tree_simple_types@U?$pair@$$CBV?$basic_string@DU?$char_traits@D@std@@V?$allocator@D@2@@std@@I@std@@@std@@@std@@@1@AAU?$pair@$$CBV?$basic_string@DU?$char_traits@D@std@@V?$allocator@D@2@@std@@I@1@PAU?$_Tree_node@U?$pair@$$CBV?$basic_string@DU?$char_traits@D@std@@V?$allocator@D@2@@std@@I@std@@PAX@1@@Z 10004310 f i FpDenali.obj
 0001:00004820       ??$_Insert_nohint@AAU?$pair@$$CBV?$basic_string@DU?$char_traits@D@std@@V?$allocator@D@2@@std@@I@std@@PAU?$_Tree_node@U?$pair@$$CBV?$basic_string@DU?$char_traits@D@std@@V?$allocator@D@2@@std@@I@std@@PAX@2@@?$_Tree@V?$_Tmap_traits@V?$basic_string@DU?$char_traits@D@std@@V?$allocator@D@2@@std@@IU?$less@V?$basic_string@DU?$char_traits@D@std@@V?$allocator@D@2@@std@@@2@V?$allocator@U?$pair@$$CBV?$basic_string@DU?$char_traits@D@std@@V?$allocator@D@2@@std@@I@std@@@2@$0A@@std@@@std@@IAE?AU?$pair@V?$_Tree_iterator@V?$_Tree_val@U?$_Tree_simple_types@U?$pair@$$CBV?$basic_string@DU?$char_traits@D@std@@V?$allocator@D@2@@std@@I@std@@@std@@@std@@@std@@_N@1@_NAAU?$pair@$$CBV?$basic_string@DU?$char_traits@D@std@@V?$allocator@D@2@@std@@I@1@PAU?$_Tree_node@U?$pair@$$CBV?$basic_string@DU?$char_traits@D@std@@V?$allocator@D@2@@std@@I@std@@PAX@1@@Z 10005820 f i FpDenali.obj
 0001:00004e00       ??$_Kfn@$$CBV?$basic_string@DU?$char_traits@D@std@@V?$allocator@D@2@@std@@I@?$_Tmap_traits@V?$basic_string@DU?$char_traits@D@std@@V?$allocator@D@2@@std@@IU?$less@V?$basic_string@DU?$char_traits@D@std@@V?$allocator@D@2@@std@@@2@V?$allocator@U?$pair@$$CBV?$basic_string@DU?$char_traits@D@std@@V?$allocator@D@2@@std@@I@std@@@2@$0A@@std@@SAABV?$basic_string@DU?$char_traits@D@std@@V?$allocator@D@2@@1@ABU?$pair@$$CBV?$basic_string@DU?$char_traits@D@std@@V?$allocator@D@2@@std@@I@1@@Z 10005e00 f i FpDenali.obj
 0001:00004e10       ??$_Move@AAD@std@@YA$$QADAAD@Z 10005e10 f i FpDenali.obj
 0001:00004e20       ??$addressof@D@std@@YAPADAAD@Z 10005e20 f i FpDenali.obj
 0001:00004e30       ??$addressof@PAU?$_Tree_node@U?$pair@$$CBV?$basic_string@DU?$char_traits@D@std@@V?$allocator@D@2@@std@@I@std@@PAX@std@@@std@@YAPAPAU?$_Tree_node@U?$pair@$$CBV?$basic_string@DU?$char_traits@D@std@@V?$allocator@D@2@@std@@I@std@@PAX@0@AAPAU10@@Z 10005e30 f i FpDenali.obj
 0001:00004e40       ??$addressof@U?$pair@$$CBV?$basic_string@DU?$char_traits@D@std@@V?$allocator@D@2@@std@@I@std@@@std@@YAPAU?$pair@$$CBV?$basic_string@DU?$char_traits@D@std@@V?$allocator@D@2@@std@@I@0@AAU10@@Z 10005e40 f i FpDenali.obj
 0001:00004e50       ??$construct@PADAAPAD@?$_Wrap_alloc@V?$allocator@D@std@@@std@@QAEXPAPADAAPAD@Z 10005e50 f i FpDenali.obj
 0001:00004e90       ??$construct@PADAAPAD@?$allocator@D@std@@QAEXPAPADAAPAD@Z 10005e90 f i FpDenali.obj
 0001:00004f40       ??$construct@PADAAPAD@?$allocator_traits@V?$allocator@D@std@@@std@@SAXAAV?$allocator@D@1@PAPADAAPAD@Z 10005f40 f i FpDenali.obj
 0001:00004f70       ??$construct@PAU?$_Tree_node@U?$pair@$$CBV?$basic_string@DU?$char_traits@D@std@@V?$allocator@D@2@@std@@I@std@@PAX@std@@AAPAU12@@?$_Wrap_alloc@V?$allocator@U?$_Tree_node@U?$pair@$$CBV?$basic_string@DU?$char_traits@D@std@@V?$allocator@D@2@@std@@I@std@@PAX@std@@@std@@@std@@QAEXPAPAU?$_Tree_node@U?$pair@$$CBV?$basic_string@DU?$char_traits@D@std@@V?$allocator@D@2@@std@@I@std@@PAX@1@AAPAU21@@Z 10005f70 f i FpDenali.obj
 0001:00004fb0       ??$construct@PAU?$_Tree_node@U?$pair@$$CBV?$basic_string@DU?$char_traits@D@std@@V?$allocator@D@2@@std@@I@std@@PAX@std@@AAPAU12@@?$allocator@U?$_Tree_node@U?$pair@$$CBV?$basic_string@DU?$char_traits@D@std@@V?$allocator@D@2@@std@@I@std@@PAX@std@@@std@@QAEXPAPAU?$_Tree_node@U?$pair@$$CBV?$basic_string@DU?$char_traits@D@std@@V?$allocator@D@2@@std@@I@std@@PAX@1@AAPAU21@@Z 10005fb0 f i FpDenali.obj
 0001:00005060       ??$construct@PAU?$_Tree_node@U?$pair@$$CBV?$basic_string@DU?$char_traits@D@std@@V?$allocator@D@2@@std@@I@std@@PAX@std@@AAPAU12@@?$allocator_traits@V?$allocator@U?$_Tree_node@U?$pair@$$CBV?$basic_string@DU?$char_traits@D@std@@V?$allocator@D@2@@std@@I@std@@PAX@std@@@std@@@std@@SAXAAV?$allocator@U?$_Tree_node@U?$pair@$$CBV?$basic_string@DU?$char_traits@D@std@@V?$allocator@D@2@@std@@I@std@@PAX@std@@@1@PAPAU?$_Tree_node@U?$pair@$$CBV?$basic_string@DU?$char_traits@D@std@@V?$allocator@D@2@@std@@I@std@@PAX@1@AAPAU31@@Z 10006060 f i FpDenali.obj
 0001:00005090       ??$construct@U?$pair@$$CBV?$basic_string@DU?$char_traits@D@std@@V?$allocator@D@2@@std@@I@std@@AAU12@@?$_Wrap_alloc@V?$allocator@U?$_Tree_node@U?$pair@$$CBV?$basic_string@DU?$char_traits@D@std@@V?$allocator@D@2@@std@@I@std@@PAX@std@@@std@@@std@@QAEXPAU?$pair@$$CBV?$basic_string@DU?$char_traits@D@std@@V?$allocator@D@2@@std@@I@1@AAU21@@Z 10006090 f i FpDenali.obj
 0001:000050d0       ??$construct@U?$pair@$$CBV?$basic_string@DU?$char_traits@D@std@@V?$allocator@D@2@@std@@I@std@@AAU12@@?$allocator@U?$_Tree_node@U?$pair@$$CBV?$basic_string@DU?$char_traits@D@std@@V?$allocator@D@2@@std@@I@std@@PAX@std@@@std@@QAEXPAU?$pair@$$CBV?$basic_string@DU?$char_traits@D@std@@V?$allocator@D@2@@std@@I@1@AAU21@@Z 100060d0 f i FpDenali.obj
 0001:00005180       ??$construct@U?$pair@$$CBV?$basic_string@DU?$char_traits@D@std@@V?$allocator@D@2@@std@@I@std@@AAU12@@?$allocator_traits@V?$allocator@U?$_Tree_node@U?$pair@$$CBV?$basic_string@DU?$char_traits@D@std@@V?$allocator@D@2@@std@@I@std@@PAX@std@@@std@@@std@@SAXAAV?$allocator@U?$_Tree_node@U?$pair@$$CBV?$basic_string@DU?$char_traits@D@std@@V?$allocator@D@2@@std@@I@std@@PAX@std@@@1@PAU?$pair@$$CBV?$basic_string@DU?$char_traits@D@std@@V?$allocator@D@2@@std@@I@1@AAU31@@Z 10006180 f i FpDenali.obj
 0001:000051b0       ??$construct@U?$pair@$$CBV?$basic_string@DU?$char_traits@D@std@@V?$allocator@D@2@@std@@I@std@@ABUpiecewise_construct_t@2@V?$tuple@$$QAV?$basic_string@DU?$char_traits@D@std@@V?$allocator@D@2@@std@@@2@V?$tuple@$$$V@2@@?$_Wrap_alloc@V?$allocator@U?$_Tree_node@U?$pair@$$CBV?$basic_string@DU?$char_traits@D@std@@V?$allocator@D@2@@std@@I@std@@PAX@std@@@std@@@std@@QAEXPAU?$pair@$$CBV?$basic_string@DU?$char_traits@D@std@@V?$allocator@D@2@@std@@I@1@ABUpiecewise_construct_t@1@$$QAV?$tuple@$$QAV?$basic_string@DU?$char_traits@D@std@@V?$allocator@D@2@@std@@@1@$$QAV?$tuple@$$$V@1@@Z 100061b0 f i FpDenali.obj
 0001:00005210       ??$construct@U?$pair@$$CBV?$basic_string@DU?$char_traits@D@std@@V?$allocator@D@2@@std@@I@std@@ABUpiecewise_construct_t@2@V?$tuple@$$QAV?$basic_string@DU?$char_traits@D@std@@V?$allocator@D@2@@std@@@2@V?$tuple@$$$V@2@@?$allocator@U?$_Tree_node@U?$pair@$$CBV?$basic_string@DU?$char_traits@D@std@@V?$allocator@D@2@@std@@I@std@@PAX@std@@@std@@QAEXPAU?$pair@$$CBV?$basic_string@DU?$char_traits@D@std@@V?$allocator@D@2@@std@@I@1@ABUpiecewise_construct_t@1@$$QAV?$tuple@$$QAV?$basic_string@DU?$char_traits@D@std@@V?$allocator@D@2@@std@@@1@$$QAV?$tuple@$$$V@1@@Z 10006210 f i FpDenali.obj
 0001:000052f0       ??$construct@U?$pair@$$CBV?$basic_string@DU?$char_traits@D@std@@V?$allocator@D@2@@std@@I@std@@ABUpiecewise_construct_t@2@V?$tuple@$$QAV?$basic_string@DU?$char_traits@D@std@@V?$allocator@D@2@@std@@@2@V?$tuple@$$$V@2@@?$allocator_traits@V?$allocator@U?$_Tree_node@U?$pair@$$CBV?$basic_string@DU?$char_traits@D@std@@V?$allocator@D@2@@std@@I@std@@PAX@std@@@std@@@std@@SAXAAV?$allocator@U?$_Tree_node@U?$pair@$$CBV?$basic_string@DU?$char_traits@D@std@@V?$allocator@D@2@@std@@I@std@@PAX@std@@@1@PAU?$pair@$$CBV?$basic_string@DU?$char_traits@D@std@@V?$allocator@D@2@@std@@I@1@ABUpiecewise_construct_t@1@$$QAV?$tuple@$$QAV?$basic_string@DU?$char_traits@D@std@@V?$allocator@D@2@@std@@@1@$$QAV?$tuple@$$$V@1@@Z 100062f0 f i FpDenali.obj
 0001:00005340       ??$construct@U_Container_proxy@std@@U12@@?$_Wrap_alloc@V?$allocator@U_Container_proxy@std@@@std@@@std@@QAEXPAU_Container_proxy@1@$$QAU21@@Z 10006340 f i FpDenali.obj
 0001:00005380       ??$construct@U_Container_proxy@std@@U12@@?$allocator@U_Container_proxy@std@@@std@@QAEXPAU_Container_proxy@1@$$QAU21@@Z 10006380 f i FpDenali.obj
 0001:00005430       ??$construct@U_Container_proxy@std@@U12@@?$allocator_traits@V?$allocator@U_Container_proxy@std@@@std@@@std@@SAXAAV?$allocator@U_Container_proxy@std@@@1@PAU_Container_proxy@1@$$QAU31@@Z 10006430 f i FpDenali.obj
 0001:00005460       ??$destroy@PAD@?$_Wrap_alloc@V?$allocator@D@std@@@std@@QAEXPAPAD@Z 10006460 f i FpDenali.obj
 0001:00005490       ??$destroy@PAD@?$allocator@D@std@@QAEXPAPAD@Z 10006490 f i FpDenali.obj
 0001:000054a0       ??$destroy@PAD@?$allocator_traits@V?$allocator@D@std@@@std@@SAXAAV?$allocator@D@1@PAPAD@Z 100064a0 f i FpDenali.obj
 0001:000054c0       ??$destroy@PAU?$_Tree_node@U?$pair@$$CBV?$basic_string@DU?$char_traits@D@std@@V?$allocator@D@2@@std@@I@std@@PAX@std@@@?$_Wrap_alloc@V?$allocator@U?$_Tree_node@U?$pair@$$CBV?$basic_string@DU?$char_traits@D@std@@V?$allocator@D@2@@std@@I@std@@PAX@std@@@std@@@std@@QAEXPAPAU?$_Tree_node@U?$pair@$$CBV?$basic_string@DU?$char_traits@D@std@@V?$allocator@D@2@@std@@I@std@@PAX@1@@Z 100064c0 f i FpDenali.obj
 0001:000054f0       ??$destroy@PAU?$_Tree_node@U?$pair@$$CBV?$basic_string@DU?$char_traits@D@std@@V?$allocator@D@2@@std@@I@std@@PAX@std@@@?$allocator@U?$_Tree_node@U?$pair@$$CBV?$basic_string@DU?$char_traits@D@std@@V?$allocator@D@2@@std@@I@std@@PAX@std@@@std@@QAEXPAPAU?$_Tree_node@U?$pair@$$CBV?$basic_string@DU?$char_traits@D@std@@V?$allocator@D@2@@std@@I@std@@PAX@1@@Z 100064f0 f i FpDenali.obj
 0001:00005500       ??$destroy@PAU?$_Tree_node@U?$pair@$$CBV?$basic_string@DU?$char_traits@D@std@@V?$allocator@D@2@@std@@I@std@@PAX@std@@@?$allocator_traits@V?$allocator@U?$_Tree_node@U?$pair@$$CBV?$basic_string@DU?$char_traits@D@std@@V?$allocator@D@2@@std@@I@std@@PAX@std@@@std@@@std@@SAXAAV?$allocator@U?$_Tree_node@U?$pair@$$CBV?$basic_string@DU?$char_traits@D@std@@V?$allocator@D@2@@std@@I@std@@PAX@std@@@1@PAPAU?$_Tree_node@U?$pair@$$CBV?$basic_string@DU?$char_traits@D@std@@V?$allocator@D@2@@std@@I@std@@PAX@1@@Z 10006500 f i FpDenali.obj
 0001:00005520       ??$destroy@U?$pair@$$CBV?$basic_string@DU?$char_traits@D@std@@V?$allocator@D@2@@std@@I@std@@@?$_Wrap_alloc@V?$allocator@U?$_Tree_node@U?$pair@$$CBV?$basic_string@DU?$char_traits@D@std@@V?$allocator@D@2@@std@@I@std@@PAX@std@@@std@@@std@@QAEXPAU?$pair@$$CBV?$basic_string@DU?$char_traits@D@std@@V?$allocator@D@2@@std@@I@1@@Z 10006520 f i FpDenali.obj
 0001:00005550       ??$destroy@U?$pair@$$CBV?$basic_string@DU?$char_traits@D@std@@V?$allocator@D@2@@std@@I@std@@@?$allocator@U?$_Tree_node@U?$pair@$$CBV?$basic_string@DU?$char_traits@D@std@@V?$allocator@D@2@@std@@I@std@@PAX@std@@@std@@QAEXPAU?$pair@$$CBV?$basic_string@DU?$char_traits@D@std@@V?$allocator@D@2@@std@@I@1@@Z 10006550 f i FpDenali.obj
 0001:00005570       ??$destroy@U?$pair@$$CBV?$basic_string@DU?$char_traits@D@std@@V?$allocator@D@2@@std@@I@std@@@?$allocator_traits@V?$allocator@U?$_Tree_node@U?$pair@$$CBV?$basic_string@DU?$char_traits@D@std@@V?$allocator@D@2@@std@@I@std@@PAX@std@@@std@@@std@@SAXAAV?$allocator@U?$_Tree_node@U?$pair@$$CBV?$basic_string@DU?$char_traits@D@std@@V?$allocator@D@2@@std@@I@std@@PAX@std@@@1@PAU?$pair@$$CBV?$basic_string@DU?$char_traits@D@std@@V?$allocator@D@2@@std@@I@1@@Z 10006570 f i FpDenali.obj
 0001:00005590       ??$destroy@U_Container_proxy@std@@@?$_Wrap_alloc@V?$allocator@U_Container_proxy@std@@@std@@@std@@QAEXPAU_Container_proxy@1@@Z 10006590 f i FpDenali.obj
 0001:000055c0       ??$destroy@U_Container_proxy@std@@@?$allocator@U_Container_proxy@std@@@std@@QAEXPAU_Container_proxy@1@@Z 100065c0 f i FpDenali.obj
 0001:000055d0       ??$destroy@U_Container_proxy@std@@@?$allocator_traits@V?$allocator@U_Container_proxy@std@@@std@@@std@@SAXAAV?$allocator@U_Container_proxy@std@@@1@PAU_Container_proxy@1@@Z 100065d0 f i FpDenali.obj
 0001:000055f0       ??$emplace_hint@ABUpiecewise_construct_t@std@@V?$tuple@$$QAV?$basic_string@DU?$char_traits@D@std@@V?$allocator@D@2@@std@@@2@V?$tuple@$$$V@2@@?$_Tree@V?$_Tmap_traits@V?$basic_string@DU?$char_traits@D@std@@V?$allocator@D@2@@std@@IU?$less@V?$basic_string@DU?$char_traits@D@std@@V?$allocator@D@2@@std@@@2@V?$allocator@U?$pair@$$CBV?$basic_string@DU?$char_traits@D@std@@V?$allocator@D@2@@std@@I@std@@@2@$0A@@std@@@std@@QAE?AV?$_Tree_iterator@V?$_Tree_val@U?$_Tree_simple_types@U?$pair@$$CBV?$basic_string@DU?$char_traits@D@std@@V?$allocator@D@2@@std@@I@std@@@std@@@std@@@1@V?$_Tree_const_iterator@V?$_Tree_val@U?$_Tree_simple_types@U?$pair@$$CBV?$basic_string@DU?$char_traits@D@std@@V?$allocator@D@2@@std@@I@std@@@std@@@std@@@1@ABUpiecewise_construct_t@1@$$QAV?$tuple@$$QAV?$basic_string@DU?$char_traits@D@std@@V?$allocator@D@2@@std@@@1@$$QAV?$tuple@$$$V@1@@Z 100065f0 f i FpDenali.obj
 0001:000056f0       ??$forward@$$QAV?$basic_string@DU?$char_traits@D@std@@V?$allocator@D@2@@std@@@std@@YA$$QAV?$basic_string@DU?$char_traits@D@std@@V?$allocator@D@2@@0@AAV10@@Z 100066f0 f i FpDenali.obj
 0001:00005700       ??$forward@AAPAD@std@@YAAAPADAAPAD@Z 10006700 f i FpDenali.obj
 0001:00005710       ??$forward@AAPAU?$_Tree_node@U?$pair@$$CBV?$basic_string@DU?$char_traits@D@std@@V?$allocator@D@2@@std@@I@std@@PAX@std@@@std@@YAAAPAU?$_Tree_node@U?$pair@$$CBV?$basic_string@DU?$char_traits@D@std@@V?$allocator@D@2@@std@@I@std@@PAX@0@AAPAU10@@Z 10006710 f i FpDenali.obj
 0001:00005720       ??$forward@AAU?$pair@$$CBV?$basic_string@DU?$char_traits@D@std@@V?$allocator@D@2@@std@@I@std@@@std@@YAAAU?$pair@$$CBV?$basic_string@DU?$char_traits@D@std@@V?$allocator@D@2@@std@@I@0@AAU10@@Z 10006720 f i FpDenali.obj
 0001:00005730       ??$forward@AAV?$_Tree_iterator@V?$_Tree_val@U?$_Tree_simple_types@U?$pair@$$CBV?$basic_string@DU?$char_traits@D@std@@V?$allocator@D@2@@std@@I@std@@@std@@@std@@@std@@@std@@YAAAV?$_Tree_iterator@V?$_Tree_val@U?$_Tree_simple_types@U?$pair@$$CBV?$basic_string@DU?$char_traits@D@std@@V?$allocator@D@2@@std@@I@std@@@std@@@std@@@0@AAV10@@Z 10006730 f i FpDenali.obj
 0001:00005740       ??$forward@ABUpiecewise_construct_t@std@@@std@@YAABUpiecewise_construct_t@0@ABU10@@Z 10006740 f i FpDenali.obj
 0001:00005750       ??$forward@ABV?$basic_string@DU?$char_traits@D@std@@V?$allocator@D@2@@std@@@std@@YAABV?$basic_string@DU?$char_traits@D@std@@V?$allocator@D@2@@0@ABV10@@Z 10006750 f i FpDenali.obj
 0001:00005760       ??$forward@U_Container_proxy@std@@@std@@YA$$QAU_Container_proxy@0@AAU10@@Z 10006760 f i FpDenali.obj
 0001:00005770       ??$forward@V?$_Tree_iterator@V?$_Tree_val@U?$_Tree_simple_types@U?$pair@$$CBV?$basic_string@DU?$char_traits@D@std@@V?$allocator@D@2@@std@@I@std@@@std@@@std@@@std@@@std@@YA$$QAV?$_Tree_iterator@V?$_Tree_val@U?$_Tree_simple_types@U?$pair@$$CBV?$basic_string@DU?$char_traits@D@std@@V?$allocator@D@2@@std@@I@std@@@std@@@std@@@0@AAV10@@Z 10006770 f i FpDenali.obj
 0001:00005780       ??$forward@V?$basic_string@DU?$char_traits@D@std@@V?$allocator@D@2@@std@@@std@@YA$$QAV?$basic_string@DU?$char_traits@D@std@@V?$allocator@D@2@@0@AAV10@@Z 10006780 f i FpDenali.obj
 0001:00005790       ??$forward@V?$tuple@$$$V@std@@@std@@YA$$QAV?$tuple@$$$V@0@AAV10@@Z 10006790 f i FpDenali.obj
 0001:000057a0       ??$forward@V?$tuple@$$QAV?$basic_string@DU?$char_traits@D@std@@V?$allocator@D@2@@std@@@std@@@std@@YA$$QAV?$tuple@$$QAV?$basic_string@DU?$char_traits@D@std@@V?$allocator@D@2@@std@@@0@AAV10@@Z 100067a0 f i FpDenali.obj
 0001:000057b0       ??$forward@_N@std@@YA$$QA_NAA_N@Z 100067b0 f i FpDenali.obj
 0001:000057c0       ??$forward_as_tuple@V?$basic_string@DU?$char_traits@D@std@@V?$allocator@D@2@@std@@@std@@YA?AV?$tuple@$$QAV?$basic_string@DU?$char_traits@D@std@@V?$allocator@D@2@@std@@@0@$$QAV?$basic_string@DU?$char_traits@D@std@@V?$allocator@D@2@@0@@Z 100067c0 f i FpDenali.obj
 0001:000057f0       ??$get@$0A@$$QAV?$basic_string@DU?$char_traits@D@std@@V?$allocator@D@2@@std@@@std@@YA$$QAV?$basic_string@DU?$char_traits@D@std@@V?$allocator@D@2@@0@$$QAV?$tuple@$$QAV?$basic_string@DU?$char_traits@D@std@@V?$allocator@D@2@@std@@@0@@Z 100067f0 f i FpDenali.obj
 0001:00005810       ??$move@AAV?$basic_string@DU?$char_traits@D@std@@V?$allocator@D@2@@std@@@std@@YA$$QAV?$basic_string@DU?$char_traits@D@std@@V?$allocator@D@2@@0@AAV10@@Z 10006810 f i FpDenali.obj
 0001:00005820       ??$move@AAV?$tuple@$$QAV?$basic_string@DU?$char_traits@D@std@@V?$allocator@D@2@@std@@@std@@@std@@YA$$QAV?$tuple@$$QAV?$basic_string@DU?$char_traits@D@std@@V?$allocator@D@2@@std@@@0@AAV10@@Z 10006820 f i FpDenali.obj
 0001:00005830       ??$swap@D@std@@YAXAAD0@Z   10006830 f i FpDenali.obj
 0001:00005880       ??0?$_Iterator012@Ubidirectional_iterator_tag@std@@U?$pair@$$CBV?$basic_string@DU?$char_traits@D@std@@V?$allocator@D@2@@std@@I@2@HPBU32@ABU32@U_Iterator_base12@2@@std@@QAE@ABU01@@Z 10006880 f i FpDenali.obj
 0001:000058b0       ??0?$_Iterator012@Ubidirectional_iterator_tag@std@@U?$pair@$$CBV?$basic_string@DU?$char_traits@D@std@@V?$allocator@D@2@@std@@I@2@HPBU32@ABU32@U_Iterator_base12@2@@std@@QAE@XZ 100068b0 f i FpDenali.obj
 0001:000058d0       ??0?$_String_alloc@$0A@U?$_String_base_types@DV?$allocator@D@std@@@std@@@std@@QAE@ABV?$allocator@D@1@@Z 100068d0 f i FpDenali.obj
 0001:00005940       ??0?$_String_val@U?$_Simple_types@D@std@@@std@@QAE@XZ 10006940 f i FpDenali.obj
 0001:00005980       ??0?$_Tree@V?$_Tmap_traits@V?$basic_string@DU?$char_traits@D@std@@V?$allocator@D@2@@std@@IU?$less@V?$basic_string@DU?$char_traits@D@std@@V?$allocator@D@2@@std@@@2@V?$allocator@U?$pair@$$CBV?$basic_string@DU?$char_traits@D@std@@V?$allocator@D@2@@std@@I@std@@@2@$0A@@std@@@std@@QAE@ABV01@ABV?$allocator@U?$pair@$$CBV?$basic_string@DU?$char_traits@D@std@@V?$allocator@D@2@@std@@I@std@@@1@@Z 10006980 f i FpDenali.obj
 0001:00005a60       ??0?$_Tree_alloc@$0A@U?$_Tree_base_types@U?$pair@$$CBV?$basic_string@DU?$char_traits@D@std@@V?$allocator@D@2@@std@@I@std@@V?$allocator@U?$pair@$$CBV?$basic_string@DU?$char_traits@D@std@@V?$allocator@D@2@@std@@I@std@@@2@@std@@@std@@QAE@ABV?$allocator@U?$pair@$$CBV?$basic_string@DU?$char_traits@D@std@@V?$allocator@D@2@@std@@I@std@@@1@@Z 10006a60 f i FpDenali.obj
 0001:00005b30       ??0?$_Tree_buy@U?$pair@$$CBV?$basic_string@DU?$char_traits@D@std@@V?$allocator@D@2@@std@@I@std@@V?$allocator@U?$pair@$$CBV?$basic_string@DU?$char_traits@D@std@@V?$allocator@D@2@@std@@I@std@@@2@@std@@QAE@ABV?$allocator@U?$pair@$$CBV?$basic_string@DU?$char_traits@D@std@@V?$allocator@D@2@@std@@I@std@@@1@@Z 10006b30 f i FpDenali.obj
 0001:00005b60       ??0?$_Tree_comp@$0A@V?$_Tmap_traits@V?$basic_string@DU?$char_traits@D@std@@V?$allocator@D@2@@std@@IU?$less@V?$basic_string@DU?$char_traits@D@std@@V?$allocator@D@2@@std@@@2@V?$allocator@U?$pair@$$CBV?$basic_string@DU?$char_traits@D@std@@V?$allocator@D@2@@std@@I@std@@@2@$0A@@std@@@std@@QAE@ABU?$less@V?$basic_string@DU?$char_traits@D@std@@V?$allocator@D@2@@std@@@1@ABV?$allocator@U?$pair@$$CBV?$basic_string@DU?$char_traits@D@std@@V?$allocator@D@2@@std@@I@std@@@1@@Z 10006b60 f i FpDenali.obj
 0001:00005b90       ??0?$_Tree_const_iterator@V?$_Tree_val@U?$_Tree_simple_types@U?$pair@$$CBV?$basic_string@DU?$char_traits@D@std@@V?$allocator@D@2@@std@@I@std@@@std@@@std@@@std@@QAE@ABV01@@Z 10006b90 f i FpDenali.obj
 0001:00005bc0       ??0?$_Tree_const_iterator@V?$_Tree_val@U?$_Tree_simple_types@U?$pair@$$CBV?$basic_string@DU?$char_traits@D@std@@V?$allocator@D@2@@std@@I@std@@@std@@@std@@@std@@QAE@PAU?$_Tree_node@U?$pair@$$CBV?$basic_string@DU?$char_traits@D@std@@V?$allocator@D@2@@std@@I@std@@PAX@1@PBV?$_Tree_val@U?$_Tree_simple_types@U?$pair@$$CBV?$basic_string@DU?$char_traits@D@std@@V?$allocator@D@2@@std@@I@std@@@std@@@1@@Z 10006bc0 f i FpDenali.obj
 0001:00005bf0       ??0?$_Tree_const_iterator@V?$_Tree_val@U?$_Tree_simple_types@U?$pair@$$CBV?$basic_string@DU?$char_traits@D@std@@V?$allocator@D@2@@std@@I@std@@@std@@@std@@@std@@QAE@XZ 10006bf0 f i FpDenali.obj
 0001:00005c10       ??0?$_Tree_iterator@V?$_Tree_val@U?$_Tree_simple_types@U?$pair@$$CBV?$basic_string@DU?$char_traits@D@std@@V?$allocator@D@2@@std@@I@std@@@std@@@std@@@std@@QAE@ABV01@@Z 10006c10 f i FpDenali.obj
 0001:00005c40       ??0?$_Tree_iterator@V?$_Tree_val@U?$_Tree_simple_types@U?$pair@$$CBV?$basic_string@DU?$char_traits@D@std@@V?$allocator@D@2@@std@@I@std@@@std@@@std@@@std@@QAE@PAU?$_Tree_node@U?$pair@$$CBV?$basic_string@DU?$char_traits@D@std@@V?$allocator@D@2@@std@@I@std@@PAX@1@PBV?$_Tree_val@U?$_Tree_simple_types@U?$pair@$$CBV?$basic_string@DU?$char_traits@D@std@@V?$allocator@D@2@@std@@I@std@@@std@@@1@@Z 10006c40 f i FpDenali.obj
 0001:00005c70       ??0?$_Tree_unchecked_const_iterator@V?$_Tree_val@U?$_Tree_simple_types@U?$pair@$$CBV?$basic_string@DU?$char_traits@D@std@@V?$allocator@D@2@@std@@I@std@@@std@@@std@@U_Iterator_base12@2@@std@@QAE@ABV01@@Z 10006c70 f i FpDenali.obj
 0001:00005cb0       ??0?$_Tree_unchecked_const_iterator@V?$_Tree_val@U?$_Tree_simple_types@U?$pair@$$CBV?$basic_string@DU?$char_traits@D@std@@V?$allocator@D@2@@std@@I@std@@@std@@@std@@U_Iterator_base12@2@@std@@QAE@PAU?$_Tree_node@U?$pair@$$CBV?$basic_string@DU?$char_traits@D@std@@V?$allocator@D@2@@std@@I@std@@PAX@1@PBV?$_Tree_val@U?$_Tree_simple_types@U?$pair@$$CBV?$basic_string@DU?$char_traits@D@std@@V?$allocator@D@2@@std@@I@std@@@std@@@1@@Z 10006cb0 f i FpDenali.obj
 0001:00005d30       ??0?$_Tree_unchecked_const_iterator@V?$_Tree_val@U?$_Tree_simple_types@U?$pair@$$CBV?$basic_string@DU?$char_traits@D@std@@V?$allocator@D@2@@std@@I@std@@@std@@@std@@U_Iterator_base12@2@@std@@QAE@XZ 10006d30 f i FpDenali.obj
 0001:00005d60       ??0?$_Tree_val@U?$_Tree_simple_types@U?$pair@$$CBV?$basic_string@DU?$char_traits@D@std@@V?$allocator@D@2@@std@@I@std@@@std@@@std@@QAE@XZ 10006d60 f i FpDenali.obj
 0001:00005da0       ??0?$_Wrap_alloc@V?$allocator@D@std@@@std@@QAE@ABV?$allocator@D@1@@Z 10006da0 f i FpDenali.obj
 0001:00005dd0       ??0?$_Wrap_alloc@V?$allocator@D@std@@@std@@QAE@XZ 10006dd0 f i FpDenali.obj
 0001:00005df0       ??0?$_Wrap_alloc@V?$allocator@U?$_Tree_node@U?$pair@$$CBV?$basic_string@DU?$char_traits@D@std@@V?$allocator@D@2@@std@@I@std@@PAX@std@@@std@@@std@@QAE@ABV?$allocator@U?$_Tree_node@U?$pair@$$CBV?$basic_string@DU?$char_traits@D@std@@V?$allocator@D@2@@std@@I@std@@PAX@std@@@1@@Z 10006df0 f i FpDenali.obj
 0001:00005e20       ??0?$_Wrap_alloc@V?$allocator@U?$_Tree_node@U?$pair@$$CBV?$basic_string@DU?$char_traits@D@std@@V?$allocator@D@2@@std@@I@std@@PAX@std@@@std@@@std@@QAE@XZ 10006e20 f i FpDenali.obj
 0001:00005e40       ??0?$allocator@D@std@@QAE@ABV01@@Z 10006e40 f i FpDenali.obj
 0001:00005e60       ??0?$allocator@D@std@@QAE@XZ 10006e60 f i FpDenali.obj
 0001:00005e80       ??0?$allocator@U?$_Tree_node@U?$pair@$$CBV?$basic_string@DU?$char_traits@D@std@@V?$allocator@D@2@@std@@I@std@@PAX@std@@@std@@QAE@ABV01@@Z 10006e80 f i FpDenali.obj
 0001:00005ea0       ??0?$allocator@U?$_Tree_node@U?$pair@$$CBV?$basic_string@DU?$char_traits@D@std@@V?$allocator@D@2@@std@@I@std@@PAX@std@@@std@@QAE@XZ 10006ea0 f i FpDenali.obj
 0001:00005ec0       ??0?$allocator@U_Container_proxy@std@@@std@@QAE@XZ 10006ec0 f i FpDenali.obj
 0001:00005ee0       ??0?$basic_string@DU?$char_traits@D@std@@V?$allocator@D@2@@std@@QAE@$$QAV01@@Z 10006ee0 f i FpDenali.obj
 0001:00005f40       ??0?$basic_string@DU?$char_traits@D@std@@V?$allocator@D@2@@std@@QAE@ABV01@@Z 10006f40 f i FpDenali.obj
 0001:00005ff0       ??0?$basic_string@DU?$char_traits@D@std@@V?$allocator@D@2@@std@@QAE@PBD@Z 10006ff0 f i FpDenali.obj
 0001:00006080       ??0?$map@V?$basic_string@DU?$char_traits@D@std@@V?$allocator@D@2@@std@@IU?$less@V?$basic_string@DU?$char_traits@D@std@@V?$allocator@D@2@@std@@@2@V?$allocator@U?$pair@$$CBV?$basic_string@DU?$char_traits@D@std@@V?$allocator@D@2@@std@@I@std@@@2@@std@@QAE@ABV01@@Z 10007080 f i FpDenali.obj
 0001:000060e0       ??0?$pair@$$CBV?$basic_string@DU?$char_traits@D@std@@V?$allocator@D@2@@std@@I@std@@QAE@ABU01@@Z 100070e0 f i FpDenali.obj
 0001:00006120       ??0?$tuple@$$$V@std@@QAE@ABV01@@Z 10007120 f i FpDenali.obj
 0001:00006140       ??0?$tuple@$$$V@std@@QAE@XZ 10007140 f i FpDenali.obj
 0001:00006160       ??0FpModule@@QAE@ABV0@@Z   10007160 f i FpDenali.obj
 0001:000061b0       ??0_Container_proxy@std@@QAE@XZ 100071b0 f i FpDenali.obj
 0001:000061e0       ??0_Generic_error_category@std@@QAE@XZ 100071e0 f i FpDenali.obj
 0001:00006210       ??0_Ignore@std@@QAE@XZ     10007210 f i FpDenali.obj
 0001:00006230       ??0_Iostream_error_category@std@@QAE@XZ 10007230 f i FpDenali.obj
 0001:00006260       ??0_Iterator_base12@std@@QAE@ABU01@@Z 10007260 f i FpDenali.obj
 0001:000062a0       ??0_Iterator_base12@std@@QAE@XZ 100072a0 f i FpDenali.obj
 0001:000062d0       ??0_System_error_category@std@@QAE@XZ 100072d0 f i FpDenali.obj
 0001:00006300       ??0error_category@std@@QAE@XZ 10007300 f i FpDenali.obj
 0001:00006320       ??0error_condition@std@@QAE@HABVerror_category@1@@Z 10007320 f i FpDenali.obj
 0001:00006350       ??1?$_Iterator012@Ubidirectional_iterator_tag@std@@U?$pair@$$CBV?$basic_string@DU?$char_traits@D@std@@V?$allocator@D@2@@std@@I@2@HPBU32@ABU32@U_Iterator_base12@2@@std@@QAE@XZ 10007350 f i FpDenali.obj
 0001:00006370       ??1?$_String_alloc@$0A@U?$_String_base_types@DV?$allocator@D@std@@@std@@@std@@QAE@XZ 10007370 f i FpDenali.obj
 0001:000063a0       ??1?$_String_val@U?$_Simple_types@D@std@@@std@@QAE@XZ 100073a0 f i FpDenali.obj
 0001:000063c0       ??1?$_Tree_alloc@$0A@U?$_Tree_base_types@U?$pair@$$CBV?$basic_string@DU?$char_traits@D@std@@V?$allocator@D@2@@std@@I@std@@V?$allocator@U?$pair@$$CBV?$basic_string@DU?$char_traits@D@std@@V?$allocator@D@2@@std@@I@std@@@2@@std@@@std@@QAE@XZ 100073c0 f i FpDenali.obj
 0001:00006400       ??1?$_Tree_buy@U?$pair@$$CBV?$basic_string@DU?$char_traits@D@std@@V?$allocator@D@2@@std@@I@std@@V?$allocator@U?$pair@$$CBV?$basic_string@DU?$char_traits@D@std@@V?$allocator@D@2@@std@@I@std@@@2@@std@@QAE@XZ 10007400 f i FpDenali.obj
 0001:00006420       ??1?$_Tree_comp@$0A@V?$_Tmap_traits@V?$basic_string@DU?$char_traits@D@std@@V?$allocator@D@2@@std@@IU?$less@V?$basic_string@DU?$char_traits@D@std@@V?$allocator@D@2@@std@@@2@V?$allocator@U?$pair@$$CBV?$basic_string@DU?$char_traits@D@std@@V?$allocator@D@2@@std@@I@std@@@2@$0A@@std@@@std@@QAE@XZ 10007420 f i FpDenali.obj
 0001:00006440       ??1?$_Tree_const_iterator@V?$_Tree_val@U?$_Tree_simple_types@U?$pair@$$CBV?$basic_string@DU?$char_traits@D@std@@V?$allocator@D@2@@std@@I@std@@@std@@@std@@@std@@QAE@XZ 10007440 f i FpDenali.obj
 0001:00006460       ??1?$_Tree_iterator@V?$_Tree_val@U?$_Tree_simple_types@U?$pair@$$CBV?$basic_string@DU?$char_traits@D@std@@V?$allocator@D@2@@std@@I@std@@@std@@@std@@@std@@QAE@XZ 10007460 f i FpDenali.obj
 0001:00006480       ??1?$_Tree_unchecked_const_iterator@V?$_Tree_val@U?$_Tree_simple_types@U?$pair@$$CBV?$basic_string@DU?$char_traits@D@std@@V?$allocator@D@2@@std@@I@std@@@std@@@std@@U_Iterator_base12@2@@std@@QAE@XZ 10007480 f i FpDenali.obj
 0001:000064a0       ??1?$_Tree_val@U?$_Tree_simple_types@U?$pair@$$CBV?$basic_string@DU?$char_traits@D@std@@V?$allocator@D@2@@std@@I@std@@@std@@@std@@QAE@XZ 100074a0 f i FpDenali.obj
 0001:000064c0       ??1?$basic_string@DU?$char_traits@D@std@@V?$allocator@D@2@@std@@QAE@XZ 100074c0 f i FpDenali.obj
 0001:000064f0       ??1?$pair@$$CBV?$basic_string@DU?$char_traits@D@std@@V?$allocator@D@2@@std@@I@std@@QAE@XZ 100074f0 f i FpDenali.obj
 0001:00006510       ??1?$pair@V?$_Tree_iterator@V?$_Tree_val@U?$_Tree_simple_types@U?$pair@$$CBV?$basic_string@DU?$char_traits@D@std@@V?$allocator@D@2@@std@@I@std@@@std@@@std@@@std@@_N@std@@QAE@XZ 10007510 f i FpDenali.obj
 0001:00006530       ??1_Generic_error_category@std@@UAE@XZ 10007530 f i FpDenali.obj
 0001:00006550       ??1_Iostream_error_category@std@@UAE@XZ 10007550 f i FpDenali.obj
 0001:00006570       ??1_Iterator_base12@std@@QAE@XZ 10007570 f i FpDenali.obj
 0001:000065b0       ??1_System_error_category@std@@UAE@XZ 100075b0 f i FpDenali.obj
 0001:000065d0       ??1error_category@std@@UAE@XZ 100075d0 f i FpDenali.obj
 0001:000065f0       ??2@YAPAXIPAX@Z            100075f0 f i FpDenali.obj
 0001:00006600       ??3@YAXPAX0@Z              10007600 f i FpDenali.obj
 0001:00006610       ??4?$_Iterator012@Ubidirectional_iterator_tag@std@@U?$pair@$$CBV?$basic_string@DU?$char_traits@D@std@@V?$allocator@D@2@@std@@I@2@HPBU32@ABU32@U_Iterator_base12@2@@std@@QAEAAU01@ABU01@@Z 10007610 f i FpDenali.obj
 0001:00006640       ??4?$_Tree@V?$_Tmap_traits@V?$basic_string@DU?$char_traits@D@std@@V?$allocator@D@2@@std@@IU?$less@V?$basic_string@DU?$char_traits@D@std@@V?$allocator@D@2@@std@@@2@V?$allocator@U?$pair@$$CBV?$basic_string@DU?$char_traits@D@std@@V?$allocator@D@2@@std@@I@std@@@2@$0A@@std@@@std@@QAEAAV01@ABV01@@Z 10007640 f i FpDenali.obj
 0001:00006700       ??4?$_Tree_const_iterator@V?$_Tree_val@U?$_Tree_simple_types@U?$pair@$$CBV?$basic_string@DU?$char_traits@D@std@@V?$allocator@D@2@@std@@I@std@@@std@@@std@@@std@@QAEAAV01@ABV01@@Z 10007700 f i FpDenali.obj
 0001:00006730       ??4?$_Tree_iterator@V?$_Tree_val@U?$_Tree_simple_types@U?$pair@$$CBV?$basic_string@DU?$char_traits@D@std@@V?$allocator@D@2@@std@@I@std@@@std@@@std@@@std@@QAEAAV01@ABV01@@Z 10007730 f i FpDenali.obj
 0001:00006760       ??4?$_Tree_unchecked_const_iterator@V?$_Tree_val@U?$_Tree_simple_types@U?$pair@$$CBV?$basic_string@DU?$char_traits@D@std@@V?$allocator@D@2@@std@@I@std@@@std@@@std@@U_Iterator_base12@2@@std@@QAEAAV01@ABV01@@Z 10007760 f i FpDenali.obj
 0001:000067a0       ??4?$map@V?$basic_string@DU?$char_traits@D@std@@V?$allocator@D@2@@std@@IU?$less@V?$basic_string@DU?$char_traits@D@std@@V?$allocator@D@2@@std@@@2@V?$allocator@U?$pair@$$CBV?$basic_string@DU?$char_traits@D@std@@V?$allocator@D@2@@std@@I@std@@@2@@std@@QAEAAV01@ABV01@@Z 100077a0 f i FpDenali.obj
 0001:000067d0       ??4FpModule@@QAEAAV0@ABV0@@Z 100077d0 f i FpDenali.obj
 0001:00006810       ??4_Iterator_base12@std@@QAEAAU01@ABU01@@Z 10007810 f i FpDenali.obj
 0001:000068d0       ??8?$_Tree_const_iterator@V?$_Tree_val@U?$_Tree_simple_types@U?$pair@$$CBV?$basic_string@DU?$char_traits@D@std@@V?$allocator@D@2@@std@@I@std@@@std@@@std@@@std@@QBE_NABV01@@Z 100078d0 f i FpDenali.obj
 0001:000069c0       ??8error_category@std@@QBE_NABV01@@Z 100079c0 f i FpDenali.obj
 0001:00006a00       ??8error_condition@std@@QBE_NABV01@@Z 10007a00 f i FpDenali.obj
 0001:00006a70       ??9?$_Tree_const_iterator@V?$_Tree_val@U?$_Tree_simple_types@U?$pair@$$CBV?$basic_string@DU?$char_traits@D@std@@V?$allocator@D@2@@std@@I@std@@@std@@@std@@@std@@QBE_NABV01@@Z 10007a70 f i FpDenali.obj
 0001:00006ac0       ??A?$map@V?$basic_string@DU?$char_traits@D@std@@V?$allocator@D@2@@std@@IU?$less@V?$basic_string@DU?$char_traits@D@std@@V?$allocator@D@2@@std@@@2@V?$allocator@U?$pair@$$CBV?$basic_string@DU?$char_traits@D@std@@V?$allocator@D@2@@std@@I@std@@@2@@std@@QAEAAI$$QAV?$basic_string@DU?$char_traits@D@std@@V?$allocator@D@2@@1@@Z 10007ac0 f i FpDenali.obj
 0001:00006cb0       ??C?$_Tree_iterator@V?$_Tree_val@U?$_Tree_simple_types@U?$pair@$$CBV?$basic_string@DU?$char_traits@D@std@@V?$allocator@D@2@@std@@I@std@@@std@@@std@@@std@@QBEPAU?$pair@$$CBV?$basic_string@DU?$char_traits@D@std@@V?$allocator@D@2@@std@@I@1@XZ 10007cb0 f i FpDenali.obj
 0001:00006ce0       ??D?$_Tree_const_iterator@V?$_Tree_val@U?$_Tree_simple_types@U?$pair@$$CBV?$basic_string@DU?$char_traits@D@std@@V?$allocator@D@2@@std@@I@std@@@std@@@std@@@std@@QBEABU?$pair@$$CBV?$basic_string@DU?$char_traits@D@std@@V?$allocator@D@2@@std@@I@1@XZ 10007ce0 f i FpDenali.obj
 0001:00006dc0       ??D?$_Tree_iterator@V?$_Tree_val@U?$_Tree_simple_types@U?$pair@$$CBV?$basic_string@DU?$char_traits@D@std@@V?$allocator@D@2@@std@@I@std@@@std@@@std@@@std@@QBEAAU?$pair@$$CBV?$basic_string@DU?$char_traits@D@std@@V?$allocator@D@2@@std@@I@1@XZ 10007dc0 f i FpDenali.obj
 0001:00006de0       ??E?$_Tree_const_iterator@V?$_Tree_val@U?$_Tree_simple_types@U?$pair@$$CBV?$basic_string@DU?$char_traits@D@std@@V?$allocator@D@2@@std@@I@std@@@std@@@std@@@std@@QAE?AV01@H@Z 10007de0 f i FpDenali.obj
 0001:00006e90       ??E?$_Tree_const_iterator@V?$_Tree_val@U?$_Tree_simple_types@U?$pair@$$CBV?$basic_string@DU?$char_traits@D@std@@V?$allocator@D@2@@std@@I@std@@@std@@@std@@@std@@QAEAAV01@XZ 10007e90 f i FpDenali.obj
 0001:00006f70       ??E?$_Tree_unchecked_const_iterator@V?$_Tree_val@U?$_Tree_simple_types@U?$pair@$$CBV?$basic_string@DU?$char_traits@D@std@@V?$allocator@D@2@@std@@I@std@@@std@@@std@@U_Iterator_base12@2@@std@@QAEAAV01@XZ 10007f70 f i FpDenali.obj
 0001:00007060       ??F?$_Tree_const_iterator@V?$_Tree_val@U?$_Tree_simple_types@U?$pair@$$CBV?$basic_string@DU?$char_traits@D@std@@V?$allocator@D@2@@std@@I@std@@@std@@@std@@@std@@QAEAAV01@XZ 10008060 f i FpDenali.obj
 0001:000071c0       ??F?$_Tree_iterator@V?$_Tree_val@U?$_Tree_simple_types@U?$pair@$$CBV?$basic_string@DU?$char_traits@D@std@@V?$allocator@D@2@@std@@I@std@@@std@@@std@@@std@@QAEAAV01@XZ 100081c0 f i FpDenali.obj
 0001:000071e0       ??F?$_Tree_unchecked_const_iterator@V?$_Tree_val@U?$_Tree_simple_types@U?$pair@$$CBV?$basic_string@DU?$char_traits@D@std@@V?$allocator@D@2@@std@@I@std@@@std@@@std@@U_Iterator_base12@2@@std@@QAEAAV01@XZ 100081e0 f i FpDenali.obj
 0001:00007310       ??R?$less@V?$basic_string@DU?$char_traits@D@std@@V?$allocator@D@2@@std@@@std@@QBE_NABV?$basic_string@DU?$char_traits@D@std@@V?$allocator@D@2@@1@0@Z 10008310 f i FpDenali.obj
 0001:00007340       ??_EFpModule@@UAEPAXI@Z    10008340 f i FpDenali.obj
 0001:000073d0       ??_G?$pair@$$CBV?$basic_string@DU?$char_traits@D@std@@V?$allocator@D@2@@std@@I@std@@QAEPAXI@Z 100083d0 f i FpDenali.obj
 0001:00007410       ??_GFpDenali@@UAEPAXI@Z    10008410 f i FpDenali.obj
 0001:00007410       ??_EFpDenali@@UAEPAXI@Z    10008410 f i FpDenali.obj
 0001:00007450       ??_GFpModule@@UAEPAXI@Z    10008450 f i FpDenali.obj
 0001:00007490       ??_E_Generic_error_category@std@@UAEPAXI@Z 10008490 f i FpDenali.obj
 0001:00007490       ??_G_Generic_error_category@std@@UAEPAXI@Z 10008490 f i FpDenali.obj
 0001:000074d0       ??_G_Iostream_error_category@std@@UAEPAXI@Z 100084d0 f i FpDenali.obj
 0001:000074d0       ??_E_Iostream_error_category@std@@UAEPAXI@Z 100084d0 f i FpDenali.obj
 0001:00007510       ??_E_System_error_category@std@@UAEPAXI@Z 10008510 f i FpDenali.obj
 0001:00007510       ??_G_System_error_category@std@@UAEPAXI@Z 10008510 f i FpDenali.obj
 0001:00007550       ??_Eerror_category@std@@UAEPAXI@Z 10008550 f i FpDenali.obj
 0001:00007550       ??_Gerror_category@std@@UAEPAXI@Z 10008550 f i FpDenali.obj
 0001:00007590       ?_Adopt@_Iterator_base12@std@@QAEXPBU_Container_base12@2@@Z 10008590 f i FpDenali.obj
 0001:00007690       ?_Alloc_proxy@?$_String_alloc@$0A@U?$_String_base_types@DV?$allocator@D@std@@@std@@@std@@QAEXXZ 10008690 f i FpDenali.obj
 0001:000076f0       ?_Alloc_proxy@?$_Tree_alloc@$0A@U?$_Tree_base_types@U?$pair@$$CBV?$basic_string@DU?$char_traits@D@std@@V?$allocator@D@2@@std@@I@std@@V?$allocator@U?$pair@$$CBV?$basic_string@DU?$char_traits@D@std@@V?$allocator@D@2@@std@@I@std@@@2@@std@@@std@@QAEXXZ 100086f0 f i FpDenali.obj
 0001:00007760       ?_Assign_rv@?$basic_string@DU?$char_traits@D@std@@V?$allocator@D@2@@std@@QAEX$$QAV12@@Z 10008760 f i FpDenali.obj
 0001:00007810       ?_Buyheadnode@?$_Tree_alloc@$0A@U?$_Tree_base_types@U?$pair@$$CBV?$basic_string@DU?$char_traits@D@std@@V?$allocator@D@2@@std@@I@std@@V?$allocator@U?$pair@$$CBV?$basic_string@DU?$char_traits@D@std@@V?$allocator@D@2@@std@@I@std@@@2@@std@@@std@@QAEPAU?$_Tree_node@U?$pair@$$CBV?$basic_string@DU?$char_traits@D@std@@V?$allocator@D@2@@std@@I@std@@PAX@2@XZ 10008810 f i FpDenali.obj
 0001:000079d0       ?_Buynode0@?$_Tree_buy@U?$pair@$$CBV?$basic_string@DU?$char_traits@D@std@@V?$allocator@D@2@@std@@I@std@@V?$allocator@U?$pair@$$CBV?$basic_string@DU?$char_traits@D@std@@V?$allocator@D@2@@std@@I@std@@@2@@std@@QAEPAU?$_Tree_node@U?$pair@$$CBV?$basic_string@DU?$char_traits@D@std@@V?$allocator@D@2@@std@@I@std@@PAX@2@XZ 100089d0 f i FpDenali.obj
 0001:00007b70       ?_Change_alloc@?$_Tree_alloc@$0A@U?$_Tree_base_types@U?$pair@$$CBV?$basic_string@DU?$char_traits@D@std@@V?$allocator@D@2@@std@@I@std@@V?$allocator@U?$pair@$$CBV?$basic_string@DU?$char_traits@D@std@@V?$allocator@D@2@@std@@I@std@@@2@@std@@@std@@QAEXABU?$_Wrap_alloc@V?$allocator@U?$_Tree_node@U?$pair@$$CBV?$basic_string@DU?$char_traits@D@std@@V?$allocator@D@2@@std@@I@std@@PAX@std@@@std@@@2@@Z 10008b70 f i FpDenali.obj
 0001:00007b80       ?_Clrcont@_Iterator_base12@std@@QAEXXZ 10008b80 f i FpDenali.obj
 0001:00007ba0       ?_Color@?$_Tree_val@U?$_Tree_simple_types@U?$pair@$$CBV?$basic_string@DU?$char_traits@D@std@@V?$allocator@D@2@@std@@I@std@@@std@@@std@@SAAADPAU?$_Tree_node@U?$pair@$$CBV?$basic_string@DU?$char_traits@D@std@@V?$allocator@D@2@@std@@I@std@@PAX@2@@Z 10008ba0 f i FpDenali.obj
 0001:00007bb0       ?_Copy@?$basic_string@DU?$char_traits@D@std@@V?$allocator@D@2@@std@@QAEXII@Z 10008bb0 f i FpDenali.obj
 0001:00007de0       ?_Destroy_if_not_nil@?$_Tree@V?$_Tmap_traits@V?$basic_string@DU?$char_traits@D@std@@V?$allocator@D@2@@std@@IU?$less@V?$basic_string@DU?$char_traits@D@std@@V?$allocator@D@2@@std@@@2@V?$allocator@U?$pair@$$CBV?$basic_string@DU?$char_traits@D@std@@V?$allocator@D@2@@std@@I@std@@@2@$0A@@std@@@std@@IAEXPAU?$_Tree_node@U?$pair@$$CBV?$basic_string@DU?$char_traits@D@std@@V?$allocator@D@2@@std@@I@std@@PAX@2@@Z 10008de0 f i FpDenali.obj
 0001:00007e50       ?_Eos@?$basic_string@DU?$char_traits@D@std@@V?$allocator@D@2@@std@@QAEXI@Z 10008e50 f i FpDenali.obj
 0001:00007ea0       ?_Erase@?$_Tree@V?$_Tmap_traits@V?$basic_string@DU?$char_traits@D@std@@V?$allocator@D@2@@std@@IU?$less@V?$basic_string@DU?$char_traits@D@std@@V?$allocator@D@2@@std@@@2@V?$allocator@U?$pair@$$CBV?$basic_string@DU?$char_traits@D@std@@V?$allocator@D@2@@std@@I@std@@@2@$0A@@std@@@std@@IAEXPAU?$_Tree_node@U?$pair@$$CBV?$basic_string@DU?$char_traits@D@std@@V?$allocator@D@2@@std@@I@std@@PAX@2@@Z 10008ea0 f i FpDenali.obj
 0001:00007f70       ?_Free_proxy@?$_String_alloc@$0A@U?$_String_base_types@DV?$allocator@D@std@@@std@@@std@@QAEXXZ 10008f70 f i FpDenali.obj
 0001:00007fd0       ?_Free_proxy@?$_Tree_alloc@$0A@U?$_Tree_base_types@U?$pair@$$CBV?$basic_string@DU?$char_traits@D@std@@V?$allocator@D@2@@std@@I@std@@V?$allocator@U?$pair@$$CBV?$basic_string@DU?$char_traits@D@std@@V?$allocator@D@2@@std@@I@std@@@2@@std@@@std@@QAEXXZ 10008fd0 f i FpDenali.obj
 0001:00008040       ?_Freeheadnode@?$_Tree_alloc@$0A@U?$_Tree_base_types@U?$pair@$$CBV?$basic_string@DU?$char_traits@D@std@@V?$allocator@D@2@@std@@I@std@@V?$allocator@U?$pair@$$CBV?$basic_string@DU?$char_traits@D@std@@V?$allocator@D@2@@std@@I@std@@@2@@std@@@std@@QAEXPAU?$_Tree_node@U?$pair@$$CBV?$basic_string@DU?$char_traits@D@std@@V?$allocator@D@2@@std@@I@std@@PAX@2@@Z 10009040 f i FpDenali.obj
 0001:00008110       ?_Freenode0@?$_Tree_buy@U?$pair@$$CBV?$basic_string@DU?$char_traits@D@std@@V?$allocator@D@2@@std@@I@std@@V?$allocator@U?$pair@$$CBV?$basic_string@DU?$char_traits@D@std@@V?$allocator@D@2@@std@@I@std@@@2@@std@@QAEXPAU?$_Tree_node@U?$pair@$$CBV?$basic_string@DU?$char_traits@D@std@@V?$allocator@D@2@@std@@I@std@@PAX@2@@Z 10009110 f i FpDenali.obj
 0001:000081e0       ?_Get_rest@?$tuple@$$QAV?$basic_string@DU?$char_traits@D@std@@V?$allocator@D@2@@std@@@std@@QAEAAV?$tuple@$$$V@2@XZ 100091e0 f i FpDenali.obj
 0001:00008200       ?_Getal@?$_String_alloc@$0A@U?$_String_base_types@DV?$allocator@D@std@@@std@@@std@@QBE?AU?$_Wrap_alloc@V?$allocator@D@std@@@2@XZ 10009200 f i FpDenali.obj
 0001:00008220       ?_Getal@?$_Tree_alloc@$0A@U?$_Tree_base_types@U?$pair@$$CBV?$basic_string@DU?$char_traits@D@std@@V?$allocator@D@2@@std@@I@std@@V?$allocator@U?$pair@$$CBV?$basic_string@DU?$char_traits@D@std@@V?$allocator@D@2@@std@@I@std@@@2@@std@@@std@@QBE?AU?$_Wrap_alloc@V?$allocator@U?$_Tree_node@U?$pair@$$CBV?$basic_string@DU?$char_traits@D@std@@V?$allocator@D@2@@std@@I@std@@PAX@std@@@std@@@2@XZ 10009220 f i FpDenali.obj
 0001:00008240       ?_Getcomp@?$_Tree_comp@$0A@V?$_Tmap_traits@V?$basic_string@DU?$char_traits@D@std@@V?$allocator@D@2@@std@@IU?$less@V?$basic_string@DU?$char_traits@D@std@@V?$allocator@D@2@@std@@@2@V?$allocator@U?$pair@$$CBV?$basic_string@DU?$char_traits@D@std@@V?$allocator@D@2@@std@@I@std@@@2@$0A@@std@@@std@@QBE?AU?$less@V?$basic_string@DU?$char_traits@D@std@@V?$allocator@D@2@@std@@@2@XZ 10009240 f i FpDenali.obj
 0001:00008260       ?_Getcont@_Iterator_base12@std@@QBEPBU_Container_base12@2@XZ 10009260 f i FpDenali.obj
 0001:000082a0       ?_Getpnext@_Iterator_base12@std@@QAEPAPAU12@XZ 100092a0 f i FpDenali.obj
 0001:000082c0       ?_Grow@?$basic_string@DU?$char_traits@D@std@@V?$allocator@D@2@@std@@QAE_NI_N@Z 100092c0 f i FpDenali.obj
 0001:00008390       ?_Inside@?$basic_string@DU?$char_traits@D@std@@V?$allocator@D@2@@std@@QAE_NPBD@Z 10009390 f i FpDenali.obj
 0001:000083e0       ?_Isnil@?$_Tree_val@U?$_Tree_simple_types@U?$pair@$$CBV?$basic_string@DU?$char_traits@D@std@@V?$allocator@D@2@@std@@I@std@@@std@@@std@@SAAADPAU?$_Tree_node@U?$pair@$$CBV?$basic_string@DU?$char_traits@D@std@@V?$allocator@D@2@@std@@I@std@@PAX@2@@Z 100093e0 f i FpDenali.obj
 0001:000083f0       ?_Key@?$_Tree@V?$_Tmap_traits@V?$basic_string@DU?$char_traits@D@std@@V?$allocator@D@2@@std@@IU?$less@V?$basic_string@DU?$char_traits@D@std@@V?$allocator@D@2@@std@@@2@V?$allocator@U?$pair@$$CBV?$basic_string@DU?$char_traits@D@std@@V?$allocator@D@2@@std@@I@std@@@2@$0A@@std@@@std@@IBEABV?$basic_string@DU?$char_traits@D@std@@V?$allocator@D@2@@2@PAU?$_Tree_node@U?$pair@$$CBV?$basic_string@DU?$char_traits@D@std@@V?$allocator@D@2@@std@@I@std@@PAX@2@@Z 100093f0 f i FpDenali.obj
 0001:00008420       ?_Kfn@?$_Tree@V?$_Tmap_traits@V?$basic_string@DU?$char_traits@D@std@@V?$allocator@D@2@@std@@IU?$less@V?$basic_string@DU?$char_traits@D@std@@V?$allocator@D@2@@std@@@2@V?$allocator@U?$pair@$$CBV?$basic_string@DU?$char_traits@D@std@@V?$allocator@D@2@@std@@I@std@@@2@$0A@@std@@@std@@IBEABV?$basic_string@DU?$char_traits@D@std@@V?$allocator@D@2@@2@ABU?$pair@$$CBV?$basic_string@DU?$char_traits@D@std@@V?$allocator@D@2@@std@@I@2@@Z 10009420 f i FpDenali.obj
 0001:00008440       ?_Lbound@?$_Tree@V?$_Tmap_traits@V?$basic_string@DU?$char_traits@D@std@@V?$allocator@D@2@@std@@IU?$less@V?$basic_string@DU?$char_traits@D@std@@V?$allocator@D@2@@std@@@2@V?$allocator@U?$pair@$$CBV?$basic_string@DU?$char_traits@D@std@@V?$allocator@D@2@@std@@I@std@@@2@$0A@@std@@@std@@IAEPAU?$_Tree_node@U?$pair@$$CBV?$basic_string@DU?$char_traits@D@std@@V?$allocator@D@2@@std@@I@std@@PAX@2@ABV?$basic_string@DU?$char_traits@D@std@@V?$allocator@D@2@@2@@Z 10009440 f i FpDenali.obj
 0001:00008510       ?_Left@?$_Tree_val@U?$_Tree_simple_types@U?$pair@$$CBV?$basic_string@DU?$char_traits@D@std@@V?$allocator@D@2@@std@@I@std@@@std@@@std@@SAAAPAU?$_Tree_node@U?$pair@$$CBV?$basic_string@DU?$char_traits@D@std@@V?$allocator@D@2@@std@@I@std@@PAX@2@PAU32@@Z 10009510 f i FpDenali.obj
 0001:00008520       ?_Lmost@?$_Tree@V?$_Tmap_traits@V?$basic_string@DU?$char_traits@D@std@@V?$allocator@D@2@@std@@IU?$less@V?$basic_string@DU?$char_traits@D@std@@V?$allocator@D@2@@std@@@2@V?$allocator@U?$pair@$$CBV?$basic_string@DU?$char_traits@D@std@@V?$allocator@D@2@@std@@I@std@@@2@$0A@@std@@@std@@IBEAAPAU?$_Tree_node@U?$pair@$$CBV?$basic_string@DU?$char_traits@D@std@@V?$allocator@D@2@@std@@I@std@@PAX@2@XZ 10009520 f i FpDenali.obj
 0001:00008540       ?_Lrotate@?$_Tree@V?$_Tmap_traits@V?$basic_string@DU?$char_traits@D@std@@V?$allocator@D@2@@std@@IU?$less@V?$basic_string@DU?$char_traits@D@std@@V?$allocator@D@2@@std@@@2@V?$allocator@U?$pair@$$CBV?$basic_string@DU?$char_traits@D@std@@V?$allocator@D@2@@std@@I@std@@@2@$0A@@std@@@std@@IAEXPAU?$_Tree_node@U?$pair@$$CBV?$basic_string@DU?$char_traits@D@std@@V?$allocator@D@2@@std@@I@std@@PAX@2@@Z 10009540 f i FpDenali.obj
 0001:000086c0       ?_Max@?$_Tree_val@U?$_Tree_simple_types@U?$pair@$$CBV?$basic_string@DU?$char_traits@D@std@@V?$allocator@D@2@@std@@I@std@@@std@@@std@@SAPAU?$_Tree_node@U?$pair@$$CBV?$basic_string@DU?$char_traits@D@std@@V?$allocator@D@2@@std@@I@std@@PAX@2@PAU32@@Z 100096c0 f i FpDenali.obj
 0001:00008710       ?_Min@?$_Tree_val@U?$_Tree_simple_types@U?$pair@$$CBV?$basic_string@DU?$char_traits@D@std@@V?$allocator@D@2@@std@@I@std@@@std@@@std@@SAPAU?$_Tree_node@U?$pair@$$CBV?$basic_string@DU?$char_traits@D@std@@V?$allocator@D@2@@std@@I@std@@PAX@2@PAU32@@Z 10009710 f i FpDenali.obj
 0001:00008760       ?_Mynode@?$_Tree_unchecked_const_iterator@V?$_Tree_val@U?$_Tree_simple_types@U?$pair@$$CBV?$basic_string@DU?$char_traits@D@std@@V?$allocator@D@2@@std@@I@std@@@std@@@std@@U_Iterator_base12@2@@std@@QBEPAU?$_Tree_node@U?$pair@$$CBV?$basic_string@DU?$char_traits@D@std@@V?$allocator@D@2@@std@@I@std@@PAX@2@XZ 10009760 f i FpDenali.obj
 0001:00008780       ?_Myptr@?$_String_val@U?$_Simple_types@D@std@@@std@@QAEPADXZ 10009780 f i FpDenali.obj
 0001:000087d0       ?_Myptr@?$_String_val@U?$_Simple_types@D@std@@@std@@QBEPBDXZ 100097d0 f i FpDenali.obj
 0001:00008820       ?_Myval@?$_Tree_val@U?$_Tree_simple_types@U?$pair@$$CBV?$basic_string@DU?$char_traits@D@std@@V?$allocator@D@2@@std@@I@std@@@std@@@std@@SAAAU?$pair@$$CBV?$basic_string@DU?$char_traits@D@std@@V?$allocator@D@2@@std@@I@2@PAU?$_Tree_node@U?$pair@$$CBV?$basic_string@DU?$char_traits@D@std@@V?$allocator@D@2@@std@@I@std@@PAX@2@@Z 10009820 f i FpDenali.obj
 0001:00008830       ?_Orphan_me@_Iterator_base12@std@@QAEXXZ 10009830 f i FpDenali.obj
 0001:000088c0       ?_Orphan_ptr@?$_Tree@V?$_Tmap_traits@V?$basic_string@DU?$char_traits@D@std@@V?$allocator@D@2@@std@@IU?$less@V?$basic_string@DU?$char_traits@D@std@@V?$allocator@D@2@@std@@@2@V?$allocator@U?$pair@$$CBV?$basic_string@DU?$char_traits@D@std@@V?$allocator@D@2@@std@@I@std@@@2@$0A@@std@@@std@@IBEXAAV12@PAU?$_Tree_node@U?$pair@$$CBV?$basic_string@DU?$char_traits@D@std@@V?$allocator@D@2@@std@@I@std@@PAX@2@@Z 100098c0 f i FpDenali.obj
 0001:000089c0       ?_Parent@?$_Tree_val@U?$_Tree_simple_types@U?$pair@$$CBV?$basic_string@DU?$char_traits@D@std@@V?$allocator@D@2@@std@@I@std@@@std@@@std@@SAAAPAU?$_Tree_node@U?$pair@$$CBV?$basic_string@DU?$char_traits@D@std@@V?$allocator@D@2@@std@@I@std@@PAX@2@PAU32@@Z 100099c0 f i FpDenali.obj
 0001:000089d0       ?_Right@?$_Tree_val@U?$_Tree_simple_types@U?$pair@$$CBV?$basic_string@DU?$char_traits@D@std@@V?$allocator@D@2@@std@@I@std@@@std@@@std@@SAAAPAU?$_Tree_node@U?$pair@$$CBV?$basic_string@DU?$char_traits@D@std@@V?$allocator@D@2@@std@@I@std@@PAX@2@PAU32@@Z 100099d0 f i FpDenali.obj
 0001:000089e0       ?_Rmost@?$_Tree@V?$_Tmap_traits@V?$basic_string@DU?$char_traits@D@std@@V?$allocator@D@2@@std@@IU?$less@V?$basic_string@DU?$char_traits@D@std@@V?$allocator@D@2@@std@@@2@V?$allocator@U?$pair@$$CBV?$basic_string@DU?$char_traits@D@std@@V?$allocator@D@2@@std@@I@std@@@2@$0A@@std@@@std@@IBEAAPAU?$_Tree_node@U?$pair@$$CBV?$basic_string@DU?$char_traits@D@std@@V?$allocator@D@2@@std@@I@std@@PAX@2@XZ 100099e0 f i FpDenali.obj
 0001:00008a00       ?_Root@?$_Tree@V?$_Tmap_traits@V?$basic_string@DU?$char_traits@D@std@@V?$allocator@D@2@@std@@IU?$less@V?$basic_string@DU?$char_traits@D@std@@V?$allocator@D@2@@std@@@2@V?$allocator@U?$pair@$$CBV?$basic_string@DU?$char_traits@D@std@@V?$allocator@D@2@@std@@I@std@@@2@$0A@@std@@@std@@IBEAAPAU?$_Tree_node@U?$pair@$$CBV?$basic_string@DU?$char_traits@D@std@@V?$allocator@D@2@@std@@I@std@@PAX@2@XZ 10009a00 f i FpDenali.obj
 0001:00008a20       ?_Rrotate@?$_Tree@V?$_Tmap_traits@V?$basic_string@DU?$char_traits@D@std@@V?$allocator@D@2@@std@@IU?$less@V?$basic_string@DU?$char_traits@D@std@@V?$allocator@D@2@@std@@@2@V?$allocator@U?$pair@$$CBV?$basic_string@DU?$char_traits@D@std@@V?$allocator@D@2@@std@@I@std@@@2@$0A@@std@@@std@@IAEXPAU?$_Tree_node@U?$pair@$$CBV?$basic_string@DU?$char_traits@D@std@@V?$allocator@D@2@@std@@I@std@@PAX@2@@Z 10009a20 f i FpDenali.obj
 0001:00008ba0       ?_Setcomp@?$_Tree_comp@$0A@V?$_Tmap_traits@V?$basic_string@DU?$char_traits@D@std@@V?$allocator@D@2@@std@@IU?$less@V?$basic_string@DU?$char_traits@D@std@@V?$allocator@D@2@@std@@@2@V?$allocator@U?$pair@$$CBV?$basic_string@DU?$char_traits@D@std@@V?$allocator@D@2@@std@@I@std@@@2@$0A@@std@@@std@@QAEXABU?$less@V?$basic_string@DU?$char_traits@D@std@@V?$allocator@D@2@@std@@@2@@Z 10009ba0 f i FpDenali.obj
 0001:00008bb0       ?_Tidy@?$_Tree@V?$_Tmap_traits@V?$basic_string@DU?$char_traits@D@std@@V?$allocator@D@2@@std@@IU?$less@V?$basic_string@DU?$char_traits@D@std@@V?$allocator@D@2@@std@@@2@V?$allocator@U?$pair@$$CBV?$basic_string@DU?$char_traits@D@std@@V?$allocator@D@2@@std@@I@std@@@2@$0A@@std@@@std@@IAEXXZ 10009bb0 f i FpDenali.obj
 0001:00008cc0       ?_Tidy@?$basic_string@DU?$char_traits@D@std@@V?$allocator@D@2@@std@@QAEX_NI@Z 10009cc0 f i FpDenali.obj
 0001:00008d90       ?_Xlen@?$basic_string@DU?$char_traits@D@std@@V?$allocator@D@2@@std@@QBEXXZ 10009d90 f i FpDenali.obj
 0001:00008db0       ?_Xran@?$basic_string@DU?$char_traits@D@std@@V?$allocator@D@2@@std@@QBEXXZ 10009db0 f i FpDenali.obj
 0001:00008dd0       ?allocate@?$_Wrap_alloc@V?$allocator@D@std@@@std@@QAEPADI@Z 10009dd0 f i FpDenali.obj
 0001:00008df0       ?allocate@?$_Wrap_alloc@V?$allocator@U?$_Tree_node@U?$pair@$$CBV?$basic_string@DU?$char_traits@D@std@@V?$allocator@D@2@@std@@I@std@@PAX@std@@@std@@@std@@QAEPAU?$_Tree_node@U?$pair@$$CBV?$basic_string@DU?$char_traits@D@std@@V?$allocator@D@2@@std@@I@std@@PAX@2@I@Z 10009df0 f i FpDenali.obj
 0001:00008e10       ?allocate@?$_Wrap_alloc@V?$allocator@U_Container_proxy@std@@@std@@@std@@QAEPAU_Container_proxy@2@I@Z 10009e10 f i FpDenali.obj
 0001:00008e30       ?allocate@?$allocator@D@std@@QAEPADI@Z 10009e30 f i FpDenali.obj
 0001:00008e60       ?allocate@?$allocator@U?$_Tree_node@U?$pair@$$CBV?$basic_string@DU?$char_traits@D@std@@V?$allocator@D@2@@std@@I@std@@PAX@std@@@std@@QAEPAU?$_Tree_node@U?$pair@$$CBV?$basic_string@DU?$char_traits@D@std@@V?$allocator@D@2@@std@@I@std@@PAX@2@I@Z 10009e60 f i FpDenali.obj
 0001:00008e90       ?allocate@?$allocator@U_Container_proxy@std@@@std@@QAEPAU_Container_proxy@2@I@Z 10009e90 f i FpDenali.obj
 0001:00008ec0       ?assign@?$basic_string@DU?$char_traits@D@std@@V?$allocator@D@2@@std@@QAEAAV12@ABV12@II@Z 10009ec0 f i FpDenali.obj
 0001:00008fa0       ?assign@?$basic_string@DU?$char_traits@D@std@@V?$allocator@D@2@@std@@QAEAAV12@PBD@Z 10009fa0 f i FpDenali.obj
 0001:00008ff0       ?assign@?$basic_string@DU?$char_traits@D@std@@V?$allocator@D@2@@std@@QAEAAV12@PBDI@Z 10009ff0 f i FpDenali.obj
 0001:000090b0       ?assign@?$char_traits@D@std@@SAXAADABD@Z 1000a0b0 f i FpDenali.obj
 0001:000090d0       ?begin@?$_Tree@V?$_Tmap_traits@V?$basic_string@DU?$char_traits@D@std@@V?$allocator@D@2@@std@@IU?$less@V?$basic_string@DU?$char_traits@D@std@@V?$allocator@D@2@@std@@@2@V?$allocator@U?$pair@$$CBV?$basic_string@DU?$char_traits@D@std@@V?$allocator@D@2@@std@@I@std@@@2@$0A@@std@@@std@@QAE?AV?$_Tree_iterator@V?$_Tree_val@U?$_Tree_simple_types@U?$pair@$$CBV?$basic_string@DU?$char_traits@D@std@@V?$allocator@D@2@@std@@I@std@@@std@@@std@@@2@XZ 1000a0d0 f i FpDenali.obj
 0001:00009100       ?category@error_code@std@@QBEABVerror_category@2@XZ 1000a100 f i FpDenali.obj
 0001:00009120       ?category@error_condition@std@@QBEABVerror_category@2@XZ 1000a120 f i FpDenali.obj
 0001:00009140       ?clear@?$_Tree@V?$_Tmap_traits@V?$basic_string@DU?$char_traits@D@std@@V?$allocator@D@2@@std@@IU?$less@V?$basic_string@DU?$char_traits@D@std@@V?$allocator@D@2@@std@@@2@V?$allocator@U?$pair@$$CBV?$basic_string@DU?$char_traits@D@std@@V?$allocator@D@2@@std@@I@std@@@2@$0A@@std@@@std@@QAEXXZ 1000a140 f i FpDenali.obj
 0001:000091c0       ?compare@?$basic_string@DU?$char_traits@D@std@@V?$allocator@D@2@@std@@QBEHABV12@@Z 1000a1c0 f i FpDenali.obj
 0001:00009200       ?compare@?$basic_string@DU?$char_traits@D@std@@V?$allocator@D@2@@std@@QBEHIIPBDI@Z 1000a200 f i FpDenali.obj
 0001:00009310       ?compare@?$char_traits@D@std@@SAHPBD0I@Z 1000a310 f i FpDenali.obj
 0001:00009350       ?copy@?$char_traits@D@std@@SAPADPADPBDI@Z 1000a350 f i FpDenali.obj
 0001:00009390       ?deallocate@?$_Wrap_alloc@V?$allocator@D@std@@@std@@QAEXPADI@Z 1000a390 f i FpDenali.obj
 0001:000093c0       ?deallocate@?$_Wrap_alloc@V?$allocator@U?$_Tree_node@U?$pair@$$CBV?$basic_string@DU?$char_traits@D@std@@V?$allocator@D@2@@std@@I@std@@PAX@std@@@std@@@std@@QAEXPAU?$_Tree_node@U?$pair@$$CBV?$basic_string@DU?$char_traits@D@std@@V?$allocator@D@2@@std@@I@std@@PAX@2@I@Z 1000a3c0 f i FpDenali.obj
 0001:000093f0       ?deallocate@?$_Wrap_alloc@V?$allocator@U_Container_proxy@std@@@std@@@std@@QAEXPAU_Container_proxy@2@I@Z 1000a3f0 f i FpDenali.obj
 0001:00009420       ?deallocate@?$allocator@D@std@@QAEXPADI@Z 1000a420 f i FpDenali.obj
 0001:00009440       ?deallocate@?$allocator@U?$_Tree_node@U?$pair@$$CBV?$basic_string@DU?$char_traits@D@std@@V?$allocator@D@2@@std@@I@std@@PAX@std@@@std@@QAEXPAU?$_Tree_node@U?$pair@$$CBV?$basic_string@DU?$char_traits@D@std@@V?$allocator@D@2@@std@@I@std@@PAX@2@I@Z 1000a440 f i FpDenali.obj
 0001:00009460       ?deallocate@?$allocator@U_Container_proxy@std@@@std@@QAEXPAU_Container_proxy@2@I@Z 1000a460 f i FpDenali.obj
 0001:00009480       ?default_error_condition@_System_error_category@std@@UBE?AVerror_condition@2@H@Z 1000a480 f i FpDenali.obj
 0001:000094e0       ?default_error_condition@error_category@std@@UBE?AVerror_condition@2@H@Z 1000a4e0 f i FpDenali.obj
 0001:00009510       ?end@?$_Tree@V?$_Tmap_traits@V?$basic_string@DU?$char_traits@D@std@@V?$allocator@D@2@@std@@IU?$less@V?$basic_string@DU?$char_traits@D@std@@V?$allocator@D@2@@std@@@2@V?$allocator@U?$pair@$$CBV?$basic_string@DU?$char_traits@D@std@@V?$allocator@D@2@@std@@I@std@@@2@$0A@@std@@@std@@QAE?AV?$_Tree_iterator@V?$_Tree_val@U?$_Tree_simple_types@U?$pair@$$CBV?$basic_string@DU?$char_traits@D@std@@V?$allocator@D@2@@std@@I@std@@@std@@@std@@@2@XZ 1000a510 f i FpDenali.obj
 0001:00009540       ?equivalent@error_category@std@@UBE_NABVerror_code@2@H@Z 1000a540 f i FpDenali.obj
 0001:000095a0       ?equivalent@error_category@std@@UBE_NHABVerror_condition@2@@Z 1000a5a0 f i FpDenali.obj
 0001:000095e0       ?erase@?$_Tree@V?$_Tmap_traits@V?$basic_string@DU?$char_traits@D@std@@V?$allocator@D@2@@std@@IU?$less@V?$basic_string@DU?$char_traits@D@std@@V?$allocator@D@2@@std@@@2@V?$allocator@U?$pair@$$CBV?$basic_string@DU?$char_traits@D@std@@V?$allocator@D@2@@std@@I@std@@@2@$0A@@std@@@std@@QAE?AV?$_Tree_iterator@V?$_Tree_val@U?$_Tree_simple_types@U?$pair@$$CBV?$basic_string@DU?$char_traits@D@std@@V?$allocator@D@2@@std@@I@std@@@std@@@std@@@2@V?$_Tree_const_iterator@V?$_Tree_val@U?$_Tree_simple_types@U?$pair@$$CBV?$basic_string@DU?$char_traits@D@std@@V?$allocator@D@2@@std@@I@std@@@std@@@std@@@2@0@Z 1000a5e0 f i FpDenali.obj
 0001:00009840       ?erase@?$_Tree@V?$_Tmap_traits@V?$basic_string@DU?$char_traits@D@std@@V?$allocator@D@2@@std@@IU?$less@V?$basic_string@DU?$char_traits@D@std@@V?$allocator@D@2@@std@@@2@V?$allocator@U?$pair@$$CBV?$basic_string@DU?$char_traits@D@std@@V?$allocator@D@2@@std@@I@std@@@2@$0A@@std@@@std@@QAE?AV?$_Tree_iterator@V?$_Tree_val@U?$_Tree_simple_types@U?$pair@$$CBV?$basic_string@DU?$char_traits@D@std@@V?$allocator@D@2@@std@@I@std@@@std@@@std@@@2@V?$_Tree_const_iterator@V?$_Tree_val@U?$_Tree_simple_types@U?$pair@$$CBV?$basic_string@DU?$char_traits@D@std@@V?$allocator@D@2@@std@@I@std@@@std@@@std@@@2@@Z 1000a840 f i FpDenali.obj
 0001:0000a260       ?erase@?$basic_string@DU?$char_traits@D@std@@V?$allocator@D@2@@std@@QAEAAV12@I@Z 1000b260 f i FpDenali.obj
 0001:0000a2a0       ?erase@?$basic_string@DU?$char_traits@D@std@@V?$allocator@D@2@@std@@QAEAAV12@II@Z 1000b2a0 f i FpDenali.obj
 0001:0000a350       ?generic_category@std@@YAABVerror_category@1@XZ 1000b350 f i FpDenali.obj
 0001:0000a360       ?key_comp@?$_Tree@V?$_Tmap_traits@V?$basic_string@DU?$char_traits@D@std@@V?$allocator@D@2@@std@@IU?$less@V?$basic_string@DU?$char_traits@D@std@@V?$allocator@D@2@@std@@@2@V?$allocator@U?$pair@$$CBV?$basic_string@DU?$char_traits@D@std@@V?$allocator@D@2@@std@@I@std@@@2@$0A@@std@@@std@@QBE?AU?$less@V?$basic_string@DU?$char_traits@D@std@@V?$allocator@D@2@@std@@@2@XZ 1000b360 f i FpDenali.obj
 0001:0000a390       ?length@?$char_traits@D@std@@SAIPBD@Z 1000b390 f i FpDenali.obj
 0001:0000a3d0       ?lower_bound@?$_Tree@V?$_Tmap_traits@V?$basic_string@DU?$char_traits@D@std@@V?$allocator@D@2@@std@@IU?$less@V?$basic_string@DU?$char_traits@D@std@@V?$allocator@D@2@@std@@@2@V?$allocator@U?$pair@$$CBV?$basic_string@DU?$char_traits@D@std@@V?$allocator@D@2@@std@@I@std@@@2@$0A@@std@@@std@@QAE?AV?$_Tree_iterator@V?$_Tree_val@U?$_Tree_simple_types@U?$pair@$$CBV?$basic_string@DU?$char_traits@D@std@@V?$allocator@D@2@@std@@I@std@@@std@@@std@@@2@ABV?$basic_string@DU?$char_traits@D@std@@V?$allocator@D@2@@2@@Z 1000b3d0 f i FpDenali.obj
 0001:0000a420       ?max_size@?$_Tree@V?$_Tmap_traits@V?$basic_string@DU?$char_traits@D@std@@V?$allocator@D@2@@std@@IU?$less@V?$basic_string@DU?$char_traits@D@std@@V?$allocator@D@2@@std@@@2@V?$allocator@U?$pair@$$CBV?$basic_string@DU?$char_traits@D@std@@V?$allocator@D@2@@std@@I@std@@@2@$0A@@std@@@std@@QBEIXZ 1000b420 f i FpDenali.obj
 0001:0000a450       ?max_size@?$_Wrap_alloc@V?$allocator@D@std@@@std@@QBEIXZ 1000b450 f i FpDenali.obj
 0001:0000a470       ?max_size@?$_Wrap_alloc@V?$allocator@U?$_Tree_node@U?$pair@$$CBV?$basic_string@DU?$char_traits@D@std@@V?$allocator@D@2@@std@@I@std@@PAX@std@@@std@@@std@@QBEIXZ 1000b470 f i FpDenali.obj
 0001:0000a490       ?max_size@?$allocator@D@std@@QBEIXZ 1000b490 f i FpDenali.obj
 0001:0000a4b0       ?max_size@?$allocator@U?$_Tree_node@U?$pair@$$CBV?$basic_string@DU?$char_traits@D@std@@V?$allocator@D@2@@std@@I@std@@PAX@std@@@std@@QBEIXZ 1000b4b0 f i FpDenali.obj
 0001:0000a4d0       ?max_size@?$allocator_traits@V?$allocator@D@std@@@std@@SAIABV?$allocator@D@2@@Z 1000b4d0 f i FpDenali.obj
 0001:0000a4e0       ?max_size@?$allocator_traits@V?$allocator@U?$_Tree_node@U?$pair@$$CBV?$basic_string@DU?$char_traits@D@std@@V?$allocator@D@2@@std@@I@std@@PAX@std@@@std@@@std@@SAIABV?$allocator@U?$_Tree_node@U?$pair@$$CBV?$basic_string@DU?$char_traits@D@std@@V?$allocator@D@2@@std@@I@std@@PAX@std@@@2@@Z 1000b4e0 f i FpDenali.obj
 0001:0000a4f0       ?max_size@?$basic_string@DU?$char_traits@D@std@@V?$allocator@D@2@@std@@QBEIXZ 1000b4f0 f i FpDenali.obj
 0001:0000a540       ?message@_Generic_error_category@std@@UBE?AV?$basic_string@DU?$char_traits@D@std@@V?$allocator@D@2@@2@H@Z 1000b540 f i FpDenali.obj
 0001:0000a5b0       ?message@_Iostream_error_category@std@@UBE?AV?$basic_string@DU?$char_traits@D@std@@V?$allocator@D@2@@2@H@Z 1000b5b0 f i FpDenali.obj
 0001:0000a620       ?message@_System_error_category@std@@UBE?AV?$basic_string@DU?$char_traits@D@std@@V?$allocator@D@2@@2@H@Z 1000b620 f i FpDenali.obj
 0001:0000a690       ?move@?$char_traits@D@std@@SAPADPADPBDI@Z 1000b690 f i FpDenali.obj
 0001:0000a6d0       ?name@_Generic_error_category@std@@UBEPBDXZ 1000b6d0 f i FpDenali.obj
 0001:0000a6f0       ?name@_Iostream_error_category@std@@UBEPBDXZ 1000b6f0 f i FpDenali.obj
 0001:0000a710       ?name@_System_error_category@std@@UBEPBDXZ 1000b710 f i FpDenali.obj
 0001:0000a730       ?pointer_to@?$pointer_traits@PAU?$pair@$$CBV?$basic_string@DU?$char_traits@D@std@@V?$allocator@D@2@@std@@I@std@@@std@@SAPAU?$pair@$$CBV?$basic_string@DU?$char_traits@D@std@@V?$allocator@D@2@@std@@I@2@AAU32@@Z 1000b730 f i FpDenali.obj
 0001:0000a750       ?select_on_container_copy_construction@?$_Wrap_alloc@V?$allocator@D@std@@@std@@QBE?AU12@XZ 1000b750 f i FpDenali.obj
 0001:0000a790       ?select_on_container_copy_construction@?$_Wrap_alloc@V?$allocator@U?$_Tree_node@U?$pair@$$CBV?$basic_string@DU?$char_traits@D@std@@V?$allocator@D@2@@std@@I@std@@PAX@std@@@std@@@std@@QBE?AU12@XZ 1000b790 f i FpDenali.obj
 0001:0000a7d0       ?select_on_container_copy_construction@?$allocator@D@std@@QBE?AV12@XZ 1000b7d0 f i FpDenali.obj
 0001:0000a800       ?select_on_container_copy_construction@?$allocator@U?$_Tree_node@U?$pair@$$CBV?$basic_string@DU?$char_traits@D@std@@V?$allocator@D@2@@std@@I@std@@PAX@std@@@std@@QBE?AV12@XZ 1000b800 f i FpDenali.obj
 0001:0000a830       ?select_on_container_copy_construction@?$allocator_traits@V?$allocator@D@std@@@std@@SA?AV?$allocator@D@2@ABV32@@Z 1000b830 f i FpDenali.obj
 0001:0000a850       ?select_on_container_copy_construction@?$allocator_traits@V?$allocator@U?$_Tree_node@U?$pair@$$CBV?$basic_string@DU?$char_traits@D@std@@V?$allocator@D@2@@std@@I@std@@PAX@std@@@std@@@std@@SA?AV?$allocator@U?$_Tree_node@U?$pair@$$CBV?$basic_string@DU?$char_traits@D@std@@V?$allocator@D@2@@std@@I@std@@PAX@std@@@2@ABV32@@Z 1000b850 f i FpDenali.obj
 0001:0000a870       ?size@?$_Tree@V?$_Tmap_traits@V?$basic_string@DU?$char_traits@D@std@@V?$allocator@D@2@@std@@IU?$less@V?$basic_string@DU?$char_traits@D@std@@V?$allocator@D@2@@std@@@2@V?$allocator@U?$pair@$$CBV?$basic_string@DU?$char_traits@D@std@@V?$allocator@D@2@@std@@I@std@@@2@$0A@@std@@@std@@QBEIXZ 1000b870 f i FpDenali.obj
 0001:0000a890       ?size@?$basic_string@DU?$char_traits@D@std@@V?$allocator@D@2@@std@@QBEIXZ 1000b890 f i FpDenali.obj
 0001:0000a8b0       ?system_category@std@@YAABVerror_category@1@XZ 1000b8b0 f i FpDenali.obj
 0001:0000a8c0       ?value@error_code@std@@QBEHXZ 1000b8c0 f i FpDenali.obj
 0001:0000a8e0       ?value@error_condition@std@@QBEHXZ 1000b8e0 f i FpDenali.obj
 0001:0000a900       _hypot                     1000b900 f i FpDenali.obj
 0001:0000a940       ??0FpHayes@@QAE@XZ         1000b940 f   FpHayes.obj
 0001:0000aa40       ??1FpHayes@@UAE@XZ         1000ba40 f   FpHayes.obj
 0001:0000aa60       ?FpCheckBLMode@FpHayes@@UAEIAA_N@Z 1000ba60 f   FpHayes.obj
 0001:0000ab60       ??_GFpHayes@@UAEPAXI@Z     1000bb60 f i FpHayes.obj
 0001:0000ab60       ??_EFpHayes@@UAEPAXI@Z     1000bb60 f i FpHayes.obj
 0001:0000aba0       ?CreateModuleInstance@FpModule@@SAIW4SensorType@@PAVFpBridge@@AAPAV1@@Z 1000bba0 f   FpModule.obj
 0001:0000ad80       ??0FpModule@@QAE@XZ        1000bd80 f   FpModule.obj
 0001:0000adb0       ??1FpModule@@UAE@XZ        1000bdb0 f   FpModule.obj
 0001:0000add0       ?SetBridge@FpModule@@QAEXPAVFpBridge@@@Z 1000bdd0 f   FpModule.obj
 0001:0000adf0       ?GetBridge@FpModule@@QAEXAAPAVFpBridge@@@Z 1000bdf0 f   FpModule.obj
 0001:0000ae20       ?PowerOn@FpModule@@UAEIIII@Z 1000be20 f   FpModule.obj
 0001:0000ae70       ?PowerOff@FpModule@@UAEII@Z 1000be70 f   FpModule.obj
 0001:0000aeb0       ?FpTidleSet@FpModule@@UAEIGI@Z 1000beb0 f   FpModule.obj
 0001:0000af40       ?FpGetVersion@FpModule@@UAEIPAEII@Z 1000bf40 f   FpModule.obj
 0001:0000afd0       ?FpGetStartInfo@FpModule@@UAEIPAEII@Z 1000bfd0 f   FpModule.obj
 0001:0000b050       ?FpEnterATEMode@FpModule@@UAEII@Z 1000c050 f   FpModule.obj
 0001:0000b130       ?FpEnterBLMode@FpModule@@UAEII@Z 1000c130 f   FpModule.obj
 0001:0000b230       ?FpExitBLMode@FpModule@@UAEII@Z 1000c230 f   FpModule.obj
 0001:0000b2c0       ?FpReset@FpModule@@UAEIXZ  1000c2c0 f   FpModule.obj
 0001:0000b300       ?FpMeasureResetCurrent@FpModule@@UAEIPA_K0_N@Z 1000c300 f   FpModule.obj
 0001:0000b320       ?FpEnterSleepMode@FpModule@@UAEII@Z 1000c320 f   FpModule.obj
 0001:0000b360       ?FpExitSleepMode@FpModule@@UAEII@Z 1000c360 f   FpModule.obj
 0001:0000b3a0       ?FpLoadPatch@FpModule@@UAEIPAEII@Z 1000c3a0 f   FpModule.obj
 0001:0000b420       ?FpLoadPatchExt@FpModule@@UAEIPAEI0IAAII@Z 1000c420 f   FpModule.obj
 0001:0000b4a0       ?FpFlashRead@FpModule@@UAEIW4FlashReadType@@W4FlashReadFlags@@PAEII@Z 1000c4a0 f   FpModule.obj
 0001:0000b5d0       ?FpFlashErase@FpModule@@UAEIW4FlashEraseType@@I@Z 1000c5d0 f   FpModule.obj
 0001:0000b6f0       ?FpCalibrate@FpModule@@UAEII@Z 1000c6f0 f   FpModule.obj
 0001:0000b780       ?FpFrameStateGet@FpModule@@UAEIW4FrameTagType@@PAEAAII@Z 1000c780 f   FpModule.obj
 0001:0000b9b0       ?FpGetImage@FpModule@@UAEIPAEI0III@Z 1000c9b0 f   FpModule.obj
 0001:0000bcc0       ?FpGetCurrent@FpModule@@UAEIPAEIAAUsensor_current_s@@I@Z 1000ccc0 f   FpModule.obj
 0001:0000c040       ?FpIotafind@FpModule@@UAEIAAPAEAAIII@Z 1000d040 f   FpModule.obj
 0001:0000c270       ?FpIotawrite@FpModule@@UAEIPAEIGI@Z 1000d270 f   FpModule.obj
 0001:0000c3b0       ?FpPeek@FpModule@@UAEIIEAAII@Z 1000d3b0 f   FpModule.obj
 0001:0000c440       ?FpPoke@FpModule@@UAEIIIEI@Z 1000d440 f   FpModule.obj
 0001:0000c4e0       ?FpTestRun@FpModule@@UAEIEPAEII@Z 1000d4e0 f   FpModule.obj
 0001:0000c570       ?FpTestRun2@FpModule@@UAEIEPAEII@Z 1000d570 f   FpModule.obj
 0001:0000c5f0       ?FpRunATEPatch@FpModule@@UAEIPAEI0II@Z 1000d5f0 f   FpModule.obj
 0001:0000c790       ?FpWOFBaseline@FpModule@@UAEIPAG0I0I@Z 1000d790 f   FpModule.obj
 0001:0000c870       ?FpWOFSignal@FpModule@@UAEIPAG0000II@Z 1000d870 f   FpModule.obj
 0001:0000c970       ?FpProvision@FpModule@@UAEIII@Z 1000d970 f   FpModule.obj
 0001:0000c9f0       ?FpGetRegAddr@FpModule@@UAEIV?$basic_string@DU?$char_traits@D@std@@V?$allocator@D@2@@std@@AAI@Z 1000d9f0 f   FpModule.obj
 0001:0000ca90       ?FpGetExtReg@FpModule@@UAEIIPAEII@Z 1000da90 f   FpModule.obj
 0001:0000cab0       ?FpSetExtReg@FpModule@@UAEIIPAEII@Z 1000dab0 f   FpModule.obj
 0001:0000cad0       ?FpGetExtReg@FpModule@@UAEIAAV?$vector@Uext_register_info_s@@V?$allocator@Uext_register_info_s@@@std@@@std@@I@Z 1000dad0 f   FpModule.obj
 0001:0000caf0       ?FpSetExtReg@FpModule@@UAEIAAV?$vector@Uext_register_info_s@@V?$allocator@Uext_register_info_s@@@std@@@std@@I@Z 1000daf0 f   FpModule.obj
 0001:0000cb10       ?getStatus@FpModule@@IAEIAAUSensorStatus_s@@@Z 1000db10 f   FpModule.obj
 0001:0000cd50       ?executeCmd@FpModule@@IAEIEPAEI0I_NAAGAAII@Z 1000dd50 f   FpModule.obj
 0001:0000cf80       ?writeCmd@FpModule@@IAEIUcommand_blob_s@@_NI@Z 1000df80 f   FpModule.obj
 0001:0000d0e0       ?readCmd@FpModule@@IAEIPAEI_NI@Z 1000e0e0 f   FpModule.obj
 0001:0000d290       ?crc32_calc@FpModule@@IAEIPBEII@Z 1000e290 f   FpModule.obj
 0001:0000dcb0       ??0?$_Tree@V?$_Tmap_traits@V?$basic_string@DU?$char_traits@D@std@@V?$allocator@D@2@@std@@IU?$less@V?$basic_string@DU?$char_traits@D@std@@V?$allocator@D@2@@std@@@2@V?$allocator@U?$pair@$$CBV?$basic_string@DU?$char_traits@D@std@@V?$allocator@D@2@@std@@I@std@@@2@$0A@@std@@@std@@QAE@ABU?$less@V?$basic_string@DU?$char_traits@D@std@@V?$allocator@D@2@@std@@@1@ABV?$allocator@U?$pair@$$CBV?$basic_string@DU?$char_traits@D@std@@V?$allocator@D@2@@std@@I@std@@@1@@Z 1000ecb0 f i FpModule.obj
 0001:0000dce0       ??0?$allocator@U?$pair@$$CBV?$basic_string@DU?$char_traits@D@std@@V?$allocator@D@2@@std@@I@std@@@std@@QAE@XZ 1000ece0 f i FpModule.obj
 0001:0000dd00       ??0?$map@V?$basic_string@DU?$char_traits@D@std@@V?$allocator@D@2@@std@@IU?$less@V?$basic_string@DU?$char_traits@D@std@@V?$allocator@D@2@@std@@@2@V?$allocator@U?$pair@$$CBV?$basic_string@DU?$char_traits@D@std@@V?$allocator@D@2@@std@@I@std@@@2@@std@@QAE@XZ 1000ed00 f i FpModule.obj
 0001:0000dd30       ??1?$_Tree@V?$_Tmap_traits@V?$basic_string@DU?$char_traits@D@std@@V?$allocator@D@2@@std@@IU?$less@V?$basic_string@DU?$char_traits@D@std@@V?$allocator@D@2@@std@@@2@V?$allocator@U?$pair@$$CBV?$basic_string@DU?$char_traits@D@std@@V?$allocator@D@2@@std@@I@std@@@2@$0A@@std@@@std@@QAE@XZ 1000ed30 f i FpModule.obj
 0001:0000dd60       ??1?$map@V?$basic_string@DU?$char_traits@D@std@@V?$allocator@D@2@@std@@IU?$less@V?$basic_string@DU?$char_traits@D@std@@V?$allocator@D@2@@std@@@2@V?$allocator@U?$pair@$$CBV?$basic_string@DU?$char_traits@D@std@@V?$allocator@D@2@@std@@I@std@@@2@@std@@QAE@XZ 1000ed60 f i FpModule.obj
[...]
 0002:00000b08       ?npos@?$basic_string@DU?$char_traits@D@std@@V?$allocator@D@2@@std@@2IB 10019b08     FpDenali.obj
 0002:00000b10       ??_7error_category@std@@6B@ 10019b10     FpDenali.obj
 0002:00000b34       ??_7_Generic_error_category@std@@6B@ 10019b34     FpDenali.obj
 0002:00000b54       ??_C@_07DCLBNMLN@generic?$AA@ 10019b54     FpDenali.obj
 0002:00000b60       ??_C@_0O@BFJCFAAK@unknown?5error?$AA@ 10019b60     FpDenali.obj
 0002:00000b74       ??_7_Iostream_error_category@std@@6B@ 10019b74     FpDenali.obj
 0002:00000b94       ??_C@_08LLGCOLLL@iostream?$AA@ 10019b94     FpDenali.obj
 0002:00000ba0       ??_C@_0BG@PADBLCHM@iostream?5stream?5error?$AA@ 10019ba0     FpDenali.obj
 0002:00000bc0       ??_7_System_error_category@std@@6B@ 10019bc0     FpDenali.obj
 0002:00000be0       ??_C@_06FHFOAHML@system?$AA@ 10019be0     FpDenali.obj
 0002:00000bec       ??_7FpModule@@6B@          10019bec     FpDenali.obj
 0002:00000ca4       ??_7FpDenali@@6B@          10019ca4     FpDenali.obj
 0002:00000d58       ??_C@_1EK@BNMMANHA@?$AAC?$AA?3?$AA?2?$AAt?$AAo?$AAo?$AAl?$AAs?$AA?2?$AAM?$AAS?$AAV?$AAS?$AA2?$AA0?$AA1?$AA3?$AA?2?$AAV?$AAC?$AA?2?$AAI?$AAN?$AAC?$AAL?$AAU?$AAD?$AAE?$AA?2?$AAx?$AAs?$AAt@ 10019d58     FpDenali.obj
 0002:00000db0       ??_C@_1EG@BPMHDFDM@?$AAC?$AA?3?$AA?2?$AAt?$AAo?$AAo?$AAl?$AAs?$AA?2?$AAM?$AAS?$AAV?$AAS?$AA2?$AA0?$AA1?$AA3?$AA?2?$AAV?$AAC?$AA?2?$AAI?$AAN?$AAC?$AAL?$AAU?$AAD?$AAE?$AA?2?$AAx?$AAt?$AAr@ 10019db0     FpDenali.obj
 0002:00000e04       ??_C@_1DO@CFEEPGGJ@?$AAm?$AAa?$AAp?$AA?1?$AAs?$AAe?$AAt?$AA?5?$AAi?$AAt?$AAe?$AAr?$AAa?$AAt?$AAo?$AAr?$AAs?$AA?5?$AAi?$AAn?$AAc?$AAo?$AAm?$AAp?$AAa?$AAt?$AAi?$AAb?$AAl?$AAe?$AA?$AA@ 10019e04     FpDenali.obj
 0002:00000e50       ??_C@_0CI@FNPHFCCM@Standard?5C?$CL?$CL?5Libraries?5Invalid?5A@ 10019e50     FpDenali.obj
 0002:00000e80       ??_C@_1FO@GJIHNDLM@?$AA?$CC?$AAS?$AAt?$AAa?$AAn?$AAd?$AAa?$AAr?$AAd?$AA?5?$AAC?$AA?$CL?$AA?$CL?$AA?5?$AAL?$AAi?$AAb?$AAr?$AAa?$AAr?$AAi?$AAe?$AAs?$AA?5?$AAI?$AAn?$AAv?$AAa?$AAl?$AAi?$AAd?$AA?5@ 10019e80     FpDenali.obj
 0002:00000ef0       ??_C@_15GANGMFKL@?$AA?$CF?$AAs?$AA?$AA@ 10019ef0     FpDenali.obj
 0002:00000ef8       ??_C@_1BLO@MABLIALN@?$AAs?$AAt?$AAd?$AA?3?$AA?3?$AA_?$AAT?$AAr?$AAe?$AAe?$AA_?$AAc?$AAo?$AAn?$AAs?$AAt?$AA_?$AAi?$AAt?$AAe?$AAr?$AAa?$AAt?$AAo?$AAr?$AA?$DM?$AAc?$AAl?$AAa?$AAs?$AAs?$AA?5@ 10019ef8     FpDenali.obj
 0002:00001110       ??_C@_1CG@JNLFBNGN@?$AA?$CC?$AAi?$AAn?$AAv?$AAa?$AAl?$AAi?$AAd?$AA?5?$AAa?$AAr?$AAg?$AAu?$AAm?$AAe?$AAn?$AAt?$AA?$CC?$AA?$AA@ 1001a110     FpDenali.obj
 0002:00001140       ??_C@_0BA@JFNIOLAK@string?5too?5long?$AA@ 1001a140     FpDenali.obj
 0002:00001154       ??_C@_0BI@CFPLBAOH@invalid?5string?5position?$AA@ 1001a154     FpDenali.obj
 0002:00001170       ??_C@_1EK@PPDBPCAN@?$AAm?$AAa?$AAp?$AA?1?$AAs?$AAe?$AAt?$AA?5?$AAe?$AAr?$AAa?$AAs?$AAe?$AA?5?$AAi?$AAt?$AAe?$AAr?$AAa?$AAt?$AAo?$AAr?$AA?5?$AAo?$AAu?$AAt?$AAs?$AAi?$AAd?$AAe?$AA?5?$AAr@ 1001a170     FpDenali.obj
 0002:000011c8       ??_C@_1EI@FHEHNNNM@?$AAm?$AAa?$AAp?$AA?1?$AAs?$AAe?$AAt?$AA?5?$AAi?$AAt?$AAe?$AAr?$AAa?$AAt?$AAo?$AAr?$AA?5?$AAn?$AAo?$AAt?$AA?5?$AAd?$AAe?$AAr?$AAe?$AAf?$AAe?$AAr?$AAe?$AAn?$AAc?$AAa@ 1001a1c8     FpDenali.obj
 0002:00001220       ??_C@_0CE@OFMIGAMM@Standard?5C?$CL?$CL?5Libraries?5Out?5of?5Ra@ 1001a220     FpDenali.obj
 0002:00001250       ??_C@_1FG@IBPIFFN@?$AA?$CC?$AAS?$AAt?$AAa?$AAn?$AAd?$AAa?$AAr?$AAd?$AA?5?$AAC?$AA?$CL?$AA?$CL?$AA?5?$AAL?$AAi?$AAb?$AAr?$AAa?$AAr?$AAi?$AAe?$AAs?$AA?5?$AAO?$AAu?$AAt?$AA?5?$AAo?$AAf?$AA?5?$AAR@ 1001a250     FpDenali.obj
 0002:000012b8       ??_C@_1BLM@JKKFCGDJ@?$AAs?$AAt?$AAd?$AA?3?$AA?3?$AA_?$AAT?$AAr?$AAe?$AAe?$AA_?$AAc?$AAo?$AAn?$AAs?$AAt?$AA_?$AAi?$AAt?$AAe?$AAr?$AAa?$AAt?$AAo?$AAr?$AA?$DM?$AAc?$AAl?$AAa?$AAs?$AAs?$AA?5@ 1001a2b8     FpDenali.obj
 0002:000014cc       ??_C@_1BO@MEPPHOO@?$AA?$CC?$AAo?$AAu?$AAt?$AA?5?$AAo?$AAf?$AA?5?$AAr?$AAa?$AAn?$AAg?$AAe?$AA?$CC?$AA?$AA@ 1001a4cc     FpDenali.obj
 0002:000014f0       ??_C@_1EG@EHJFMBHJ@?$AAm?$AAa?$AAp?$AA?1?$AAs?$AAe?$AAt?$AA?5?$AAi?$AAt?$AAe?$AAr?$AAa?$AAt?$AAo?$AAr?$AA?5?$AAn?$AAo?$AAt?$AA?5?$AAi?$AAn?$AAc?$AAr?$AAe?$AAm?$AAe?$AAn?$AAt?$AAa?$AAb@ 1001a4f0     FpDenali.obj
 0002:00001548       ??_C@_1BLO@GAOGGJHI@?$AAs?$AAt?$AAd?$AA?3?$AA?3?$AA_?$AAT?$AAr?$AAe?$AAe?$AA_?$AAc?$AAo?$AAn?$AAs?$AAt?$AA_?$AAi?$AAt?$AAe?$AAr?$AAa?$AAt?$AAo?$AAr?$AA?$DM?$AAc?$AAl?$AAa?$AAs?$AAs?$AA?5@ 1001a548     FpDenali.obj
 0002:00001760       ??_C@_1CK@EOPGIILJ@?$AAi?$AAn?$AAv?$AAa?$AAl?$AAi?$AAd?$AA?5?$AAn?$AAu?$AAl?$AAl?$AA?5?$AAp?$AAo?$AAi?$AAn?$AAt?$AAe?$AAr?$AA?$AA@ 1001a760     FpDenali.obj
 0002:00001794       ??_C@_1CE@IGJMOCCK@?$AAi?$AAn?$AAv?$AAa?$AAl?$AAi?$AAd?$AA?5?$AAo?$AAp?$AAe?$AAr?$AAa?$AAt?$AAo?$AAr?$AA?$DM?$AA?$AA@ 1001a794     FpDenali.obj
 0002:000017c0       ??_C@_1EM@MHOKKPFH@?$AAm?$AAa?$AAp?$AA?1?$AAs?$AAe?$AAt?$AA?5?$AAi?$AAn?$AAs?$AAe?$AAr?$AAt?$AA?5?$AAi?$AAt?$AAe?$AAr?$AAa?$AAt?$AAo?$AAr?$AA?5?$AAo?$AAu?$AAt?$AAs?$AAi?$AAd?$AAe?$AA?5@ 1001a7c0     FpDenali.obj
 0002:00001820       ??_C@_1EG@OKCGOALM@?$AAm?$AAa?$AAp?$AA?1?$AAs?$AAe?$AAt?$AA?5?$AAi?$AAt?$AAe?$AAr?$AAa?$AAt?$AAo?$AAr?$AA?5?$AAn?$AAo?$AAt?$AA?5?$AAd?$AAe?$AAc?$AAr?$AAe?$AAm?$AAe?$AAn?$AAt?$AAa?$AAb@ 1001a820     FpDenali.obj
 0002:00001878       ??_C@_1BLO@JDNENFLJ@?$AAs?$AAt?$AAd?$AA?3?$AA?3?$AA_?$AAT?$AAr?$AAe?$AAe?$AA_?$AAc?$AAo?$AAn?$AAs?$AAt?$AA_?$AAi?$AAt?$AAe?$AAr?$AAa?$AAt?$AAo?$AAr?$AA?$DM?$AAc?$AAl?$AAa?$AAs?$AAs?$AA?5@ 1001a878     FpDenali.obj
 0002:00001a90       ??_C@_0BE@JONHPENG@map?1set?$DMT?$DO?5too?5long?$AA@ 1001aa90     FpDenali.obj
 0002:00001ae8       ??_7FpHayes@@6B@           1001aae8     FpHayes.obj
 0002:000021e8       ??_7FpShasta@@6B@          1001b1e8     FpShasta.obj
 0002:00002624       ??_7FpSteller@@6B@         1001b624     FpSteller.obj
 0002:000026d8       ??_C@_1EI@GBLGMGBK@?$AAC?$AA?3?$AA?2?$AAt?$AAo?$AAo?$AAl?$AAs?$AA?2?$AAM?$AAS?$AAV?$AAS?$AA2?$AA0?$AA1?$AA3?$AA?2?$AAV?$AAC?$AA?2?$AAI?$AAN?$AAC?$AAL?$AAU?$AAD?$AAE?$AA?2?$AAv?$AAe?$AAc@ 1001b6d8     FpSteller.obj
 0002:00002730       ??_C@_1DM@LHGCHCBA@?$AAv?$AAe?$AAc?$AAt?$AAo?$AAr?$AA?5?$AAs?$AAu?$AAb?$AAs?$AAc?$AAr?$AAi?$AAp?$AAt?$AA?5?$AAo?$AAu?$AAt?$AA?5?$AAo?$AAf?$AA?5?$AAr?$AAa?$AAn?$AAg?$AAe?$AA?$AA@ 1001b730     FpSteller.obj
 0002:00002778       ??_C@_1JG@ILDNFCDK@?$AAs?$AAt?$AAd?$AA?3?$AA?3?$AAv?$AAe?$AAc?$AAt?$AAo?$AAr?$AA?$DM?$AAu?$AAn?$AAs?$AAi?$AAg?$AAn?$AAe?$AAd?$AA?5?$AAi?$AAn?$AAt?$AA?0?$AAc?$AAl?$AAa?$AAs?$AAs?$AA?5?$AAs@ 1001b778     FpSteller.obj
 0002:00002830       ??_C@_1MO@CKPBAIHM@?$AAs?$AAt?$AAd?$AA?3?$AA?3?$AAv?$AAe?$AAc?$AAt?$AAo?$AAr?$AA?$DM?$AAs?$AAt?$AAr?$AAu?$AAc?$AAt?$AA?5?$AAe?$AAx?$AAt?$AA_?$AAr?$AAe?$AAg?$AAi?$AAs?$AAt?$AAe?$AAr?$AA_@ 1001b830     FpSteller.obj
 0002:00002928       ??_C@_0BD@OLBABOEK@vector?$DMT?$DO?5too?5long?$AA@ 1001b928     FpSteller.obj
 0002:00002940       ??_C@_1MC@KPMPFEII@?$AA?$CI?$AA_?$AA_?$AAo?$AAn?$AAe?$AAx?$AAi?$AAt?$AAb?$AAe?$AAg?$AAi?$AAn?$AA?5?$AA?$CB?$AA?$DN?$AA?5?$AAN?$AAU?$AAL?$AAL?$AA?5?$AA?$CG?$AA?$CG?$AA?5?$AA_?$AA_?$AAo?$AAn?$AAe?$AAx@ 1001b940     MSVCRTD:atonexit.obj
 0002:00002a08       ??_C@_1FK@IGIDCAPD@?$AAf?$AA?3?$AA?2?$AAd?$AAd?$AA?2?$AAv?$AAc?$AAt?$AAo?$AAo?$AAl?$AAs?$AA?2?$AAc?$AAr?$AAt?$AA?2?$AAc?$AAr?$AAt?$AAw?$AA3?$AA2?$AA?2?$AAd?$AAl?$AAl?$AAs?$AAt?$AAu?$AAf@ 1001ba08     MSVCRTD:atonexit.obj
 0002:00002a64       ??_C@_0CN@LMJJPMEG@f?3?2dd?2vctools?2crt?2crtw32?2dllstuf@ 1001ba64     MSVCRTD:atonexit.obj
 0002:00002a98       ??_7type_info@@6B@         1001ba98     MSVCRTD:ti_inst.obj
 0002:00002a9c       __pDefaultRawDllMain       1001ba9c     MSVCRTD:crtdll.obj
 0002:00002a9c       __pRawDllMain              1001ba9c     MSVCRTD:crtdll.obj
 0002:00002aa0       ??_C@_0CL@CCAGLLEM@f?3?2dd?2vctools?2crt?2crtw32?2dllstuf@ 1001baa0     MSVCRTD:crtdll.obj
 0002:00002ad4       ?ProcessDetach@NativeDll@<CrtImplementationDetails>@@0IB 1001bad4     MSVCRTD:initsect.obj
 0002:00002ad8       ?ProcessAttach@NativeDll@<CrtImplementationDetails>@@0IB 1001bad8     MSVCRTD:initsect.obj
 0002:00002adc       ?ThreadAttach@NativeDll@<CrtImplementationDetails>@@0IB 1001badc     MSVCRTD:initsect.obj
 0002:00002ae0       ?ThreadDetach@NativeDll@<CrtImplementationDetails>@@0IB 1001bae0     MSVCRTD:initsect.obj
 0002:00002ae4       ?ProcessVerifier@NativeDll@<CrtImplementationDetails>@@0IB 1001bae4     MSVCRTD:initsect.obj
 0002:00002ae8       __load_config_used         1001bae8     MSVCRTD:loadcfg.obj
 0002:00002ea8       ??_R4error_category@std@@6B@ 1001bea8     FpDenali.obj
 0002:00002ec0       ??_R3error_category@std@@8 1001bec0     FpDenali.obj
 0002:00002ed4       ??_R2error_category@std@@8 1001bed4     FpDenali.obj
 0002:00002edc       ??_R1A@?0A@EA@error_category@std@@8 1001bedc     FpDenali.obj
 0002:00002f00       ??_R4_Generic_error_category@std@@6B@ 1001bf00     FpDenali.obj
 0002:00002f18       ??_R3_Generic_error_category@std@@8 1001bf18     FpDenali.obj
 0002:00002f2c       ??_R2_Generic_error_category@std@@8 1001bf2c     FpDenali.obj
 0002:00002f38       ??_R1A@?0A@EA@_Generic_error_category@std@@8 1001bf38     FpDenali.obj
 0002:00002f5c       ??_R4_Iostream_error_category@std@@6B@ 1001bf5c     FpDenali.obj
 0002:00002f74       ??_R3_Iostream_error_category@std@@8 1001bf74     FpDenali.obj
 0002:00002f88       ??_R2_Iostream_error_category@std@@8 1001bf88     FpDenali.obj
 0002:00002f98       ??_R1A@?0A@EA@_Iostream_error_category@std@@8 1001bf98     FpDenali.obj
 0002:00002fbc       ??_R4_System_error_category@std@@6B@ 1001bfbc     FpDenali.obj
 0002:00002fd4       ??_R3_System_error_category@std@@8 1001bfd4     FpDenali.obj
 0002:00002fe8       ??_R2_System_error_category@std@@8 1001bfe8     FpDenali.obj
 0002:00002ff8       ??_R1A@?0A@EA@_System_error_category@std@@8 1001bff8     FpDenali.obj
 0002:0000301c       ??_R4FpModule@@6B@         1001c01c     FpDenali.obj
 0002:00003034       ??_R3FpModule@@8           1001c034     FpDenali.obj
 0002:00003048       ??_R2FpModule@@8           1001c048     FpDenali.obj
 0002:00003050       ??_R1A@?0A@EA@FpModule@@8  1001c050     FpDenali.obj
 0002:00003074       ??_R4FpDenali@@6B@         1001c074     FpDenali.obj
 0002:0000308c       ??_R3FpDenali@@8           1001c08c     FpDenali.obj
 0002:000030a0       ??_R2FpDenali@@8           1001c0a0     FpDenali.obj
 0002:000030ac       ??_R1A@?0A@EA@FpDenali@@8  1001c0ac     FpDenali.obj
 0002:000030d0       ??_R4FpHayes@@6B@          1001c0d0     FpHayes.obj
 0002:000030e8       ??_R3FpHayes@@8            1001c0e8     FpHayes.obj
 0002:000030fc       ??_R2FpHayes@@8            1001c0fc     FpHayes.obj
 0002:00003108       ??_R1A@?0A@EA@FpHayes@@8   1001c108     FpHayes.obj
 0002:0000312c       ??_R4FpShasta@@6B@         1001c12c     FpShasta.obj
 0002:00003144       ??_R3FpShasta@@8           1001c144     FpShasta.obj
 0002:00003158       ??_R2FpShasta@@8           1001c158     FpShasta.obj
 0002:00003164       ??_R1A@?0A@EA@FpShasta@@8  1001c164     FpShasta.obj
 0002:00003188       ??_R4FpSteller@@6B@        1001c188     FpSteller.obj
 0002:000031a0       ??_R3FpSteller@@8          1001c1a0     FpSteller.obj
 0002:000031b4       ??_R2FpSteller@@8          1001c1b4     FpSteller.obj
 0002:000031c0       ??_R1A@?0A@EA@FpSteller@@8 1001c1c0     FpSteller.obj
 0002:000031e4       ??_R4type_info@@6B@        1001c1e4     MSVCRTD:ti_inst.obj
 0002:000031f8       ??_R3type_info@@8          1001c1f8     MSVCRTD:ti_inst.obj
 0002:00003208       ??_R2type_info@@8          1001c208     MSVCRTD:ti_inst.obj
 0002:00003210       ??_R1A@?0A@EA@type_info@@8 1001c210     MSVCRTD:ti_inst.obj
 0002:00003354       ___rtc_iaa                 1001c354     MSVCRTD:initsect.obj
 0002:00003458       ___rtc_izz                 1001c458     MSVCRTD:initsect.obj
 0002:0000355c       ___rtc_taa                 1001c55c     MSVCRTD:initsect.obj
 0002:00003660       ___rtc_tzz                 1001c660     MSVCRTD:initsect.obj
 0003:00000000       ___security_cookie         1001f000     MSVCRTD:gs_cookie.obj
 0003:00000004       ___security_cookie_complement 1001f004     MSVCRTD:gs_cookie.obj
 0003:00000010       ___native_dllmain_reason   1001f010     MSVCRTD:natstart.obj
 0003:00000118       ??_R0?AVerror_category@std@@@8 1001f118     FpDenali.obj
 0003:00000140       ??_R0?AV_Generic_error_category@std@@@8 1001f140     FpDenali.obj
 0003:00000174       ??_R0?AV_Iostream_error_category@std@@@8 1001f174     FpDenali.obj
 0003:000001a8       ??_R0?AV_System_error_category@std@@@8 1001f1a8     FpDenali.obj
 0003:000001dc       ??_R0?AVFpModule@@@8       1001f1dc     FpDenali.obj
 0003:000001f8       ??_R0?AVFpDenali@@@8       1001f1f8     FpDenali.obj
 0003:00000214       ??_R0?AVFpHayes@@@8        1001f214     FpHayes.obj
 0003:00000230       ??_R0?AVFpShasta@@@8       1001f230     FpShasta.obj
 0003:0000024c       ??_R0?AVFpSteller@@@8      1001f24c     FpSteller.obj
 0003:00000268       ??_R0?AVtype_info@@@8      1001f268     MSVCRTD:ti_inst.obj
 0003:00000394       ?_Generic_object@?$_Error_objects@H@std@@2V_Generic_error_category@2@A 1001f394     FpDenali.obj
 0003:00000398       ?_Iostream_object@?$_Error_objects@H@std@@2V_Iostream_error_category@2@A 1001f398     FpDenali.obj
 0003:0000039c       ?_System_object@?$_Error_objects@H@std@@2V_System_error_category@2@A 1001f39c     FpDenali.obj
 0003:000003a0       ?id@?$num_put@DV?$back_insert_iterator@V?$basic_string@DU?$char_traits@D@std@@V?$allocator@D@2@@std@@@std@@@std@@2V0locale@2@A 1001f3a0     FpDenali.obj
 0003:000003a4       ?id@?$num_put@_WV?$back_insert_iterator@V?$basic_string@_WU?$char_traits@_W@std@@V?$allocator@_W@2@@std@@@std@@@std@@2V0locale@2@A 1001f3a4     FpDenali.obj
 0003:000006e0       ?__type_info_root_node@@3U__type_info_node@@A 1001f6e0     MSVCRTD:tncleanup.obj
 0003:000006e8       ___native_startup_lock     1001f6e8     <common>
 0003:000006f8       ___native_startup_state    1001f6f8     <common>
 0003:000006fc       ___dyn_tls_init_callback   1001f6fc     <common>
 0003:00000708       ___onexitend               1001f708     <common>
 0003:00000718       ___onexitbegin             1001f718     <common>
 0004:00000000       __imp__DisableThreadLibraryCalls@4 10020000     kernel32:KERNEL32.dll
 0004:00000004       __imp__GetSystemTimeAsFileTime@4 10020004     kernel32:KERNEL32.dll
 0004:00000008       __imp__GetCurrentProcessId@0 10020008     kernel32:KERNEL32.dll
 0004:0000000c       __imp__QueryPerformanceCounter@4 1002000c     kernel32:KERNEL32.dll
 0004:00000010       __imp__IsProcessorFeaturePresent@4 10020010     kernel32:KERNEL32.dll
 0004:00000014       __imp__IsDebuggerPresent@0 10020014     kernel32:KERNEL32.dll
 0004:00000018       __imp__DecodePointer@4     10020018     kernel32:KERNEL32.dll
 0004:0000001c       __imp__EncodePointer@4     1002001c     kernel32:KERNEL32.dll
 0004:00000020       __imp__GetCurrentThreadId@0 10020020     kernel32:KERNEL32.dll
 0004:00000024       \177KERNEL32_NULL_THUNK_DATA 10020024     kernel32:KERNEL32.dll
 0004:00000054       __imp_?_Xbad_alloc@std@@YAXXZ 10020054     msvcprtd:MSVCP120D.dll
 0004:00000058       __imp_?_Xlength_error@std@@YAXPBD@Z 10020058     msvcprtd:MSVCP120D.dll
 0004:0000005c       __imp_?_Xout_of_range@std@@YAXPBD@Z 1002005c     msvcprtd:MSVCP120D.dll
 0004:00000060       __imp_??0id@locale@std@@QAE@I@Z 10020060     msvcprtd:MSVCP120D.dll
 0004:00000064       __imp_?_Syserror_map@std@@YAPBDH@Z 10020064     msvcprtd:MSVCP120D.dll
 0004:00000068       __imp_?_Winerror_map@std@@YAPBDH@Z 10020068     msvcprtd:MSVCP120D.dll
 0004:0000006c       __imp_??1_Lockit@std@@QAE@XZ 1002006c     msvcprtd:MSVCP120D.dll
 0004:00000070       __imp_?_Debug_message@std@@YAXPB_W0I@Z 10020070     msvcprtd:MSVCP120D.dll
 0004:00000074       __imp_??0_Container_base12@std@@QAE@XZ 10020074     msvcprtd:MSVCP120D.dll
 0004:00000078       __imp_??1_Container_base12@std@@QAE@XZ 10020078     msvcprtd:MSVCP120D.dll
 0004:0000007c       __imp_?_Getpfirst@_Container_base12@std@@QBEPAPAU_Iterator_base12@2@XZ 1002007c     msvcprtd:MSVCP120D.dll
 0004:00000080       __imp_??0_Lockit@std@@QAE@H@Z 10020080     msvcprtd:MSVCP120D.dll
 0004:00000084       __imp_?_Orphan_all@_Container_base12@std@@QAEXXZ 10020084     msvcprtd:MSVCP120D.dll
 0004:00000088       \177MSVCP120D_NULL_THUNK_DATA 10020088     msvcprtd:MSVCP120D.dll
 0004:000000bc       __imp__memcmp              100200bc     MSVCRTD:MSVCR120D.dll
 0004:000000c0       __imp__strlen              100200c0     MSVCRTD:MSVCR120D.dll
 0004:000000c4       __imp_??_V@YAXPAX@Z        100200c4     MSVCRTD:MSVCR120D.dll
 0004:000000c8       __imp___CrtDbgReportW      100200c8     MSVCRTD:MSVCR120D.dll
 0004:000000cc       __imp___CxxThrowException@8 100200cc     MSVCRTD:MSVCR120D.dll
 0004:000000d0       __imp__memcpy              100200d0     MSVCRTD:MSVCR120D.dll
 0004:000000d4       __imp___wassert            100200d4     MSVCRTD:MSVCR120D.dll
 0004:000000d8       __imp__memset              100200d8     MSVCRTD:MSVCR120D.dll
 0004:000000dc       __imp_?terminate@@YAXXZ    100200dc     MSVCRTD:MSVCR120D.dll
 0004:000000e0       __imp___lock               100200e0     MSVCRTD:MSVCR120D.dll
 0004:000000e4       __imp__memmove             100200e4     MSVCRTD:MSVCR120D.dll
 0004:000000e8       __imp___calloc_dbg         100200e8     MSVCRTD:MSVCR120D.dll
 0004:000000ec       __imp____dllonexit         100200ec     MSVCRTD:MSVCR120D.dll
 0004:000000f0       __imp___onexit             100200f0     MSVCRTD:MSVCR120D.dll
 0004:000000f4       __imp_??1type_info@@UAE@XZ 100200f4     MSVCRTD:MSVCR120D.dll
 0004:000000f8       __imp____CppXcptFilter     100200f8     MSVCRTD:MSVCR120D.dll
 0004:000000fc       __imp___amsg_exit          100200fc     MSVCRTD:MSVCR120D.dll
 0004:00000100       __imp___malloc_dbg         10020100     MSVCRTD:MSVCR120D.dll
 0004:00000104       __imp___free_dbg           10020104     MSVCRTD:MSVCR120D.dll
 0004:00000108       __imp___CrtSetCheckCount   10020108     MSVCRTD:MSVCR120D.dll
 0004:0000010c       __imp___initterm           1002010c     MSVCRTD:MSVCR120D.dll
 0004:00000110       __imp___initterm_e         10020110     MSVCRTD:MSVCR120D.dll
 0004:00000114       __imp___except_handler4_common 10020114     MSVCRTD:MSVCR120D.dll
 0004:00000118       __imp___crt_debugger_hook  10020118     MSVCRTD:MSVCR120D.dll
 0004:0000011c       __imp____crtUnhandledException 1002011c     MSVCRTD:MSVCR120D.dll
 0004:00000120       __imp____crtTerminateProcess 10020120     MSVCRTD:MSVCR120D.dll
 0004:00000124       __imp____clean_type_info_names_internal 10020124     MSVCRTD:MSVCR120D.dll
 0004:00000128       __imp___hypot              10020128     MSVCRTD:MSVCR120D.dll
 0004:0000012c       __imp___invalid_parameter  1002012c     MSVCRTD:MSVCR120D.dll
 0004:00000130       __imp_??3@YAXPAX@Z         10020130     MSVCRTD:MSVCR120D.dll
 0004:00000134       __imp_??2@YAPAXI@Z         10020134     MSVCRTD:MSVCR120D.dll
 0004:00000138       __imp___purecall           10020138     MSVCRTD:MSVCR120D.dll
 0004:0000013c       __imp___unlock             1002013c     MSVCRTD:MSVCR120D.dll
 0004:00000140       __imp____CxxFrameHandler3  10020140     MSVCRTD:MSVCR120D.dll
 0004:00000144       \177MSVCR120D_NULL_THUNK_DATA 10020144     MSVCRTD:MSVCR120D.dll
 0004:00000188       __imp_?Log@cmlLogging@@QAAXPADZZ 10020188     cmlLogging:cmlLogging.dll
 0004:0000018c       __imp_?GetLogger@cmlLogging@@SAPAV1@XZ 1002018c     cmlLogging:cmlLogging.dll
 0004:00000190       \177cmlLogging_NULL_THUNK_DATA 10020190     cmlLogging:cmlLogging.dll
 0004:000001bc       __IMPORT_DESCRIPTOR_cmlLogging 100201bc     cmlLogging:cmlLogging.dll
 0004:000001d0       __IMPORT_DESCRIPTOR_MSVCP120D 100201d0     msvcprtd:MSVCP120D.dll
 0004:000001e4       __IMPORT_DESCRIPTOR_MSVCR120D 100201e4     MSVCRTD:MSVCR120D.dll
 0004:000001f8       __IMPORT_DESCRIPTOR_KERNEL32 100201f8     kernel32:KERNEL32.dll
 0004:0000020c       __NULL_IMPORT_DESCRIPTOR   1002020c     cmlLogging:cmlLogging.dll

 entry point at        0001:000123e0

